Purescript File
  PSASTWrapperElement(Program)
    PSASTWrapperElement(Module)
      PsiElement(module)('module')
      PsiElement(whitespace)(' ')
      PSASTWrapperElement(Qualified)
        PSASTWrapperElement(ModuleName)
          PsiElement(proper name)('Main')
      PsiElement(whitespace)(' ')
      PsiElement(where)('where')
      PsiElement(whitespace)('\n\n')
      PSASTWrapperElement(ImportDeclaration)
        PsiElement(import)('import')
        PsiElement(whitespace)(' ')
        PSASTWrapperElement(Qualified)
          PSASTWrapperElement(ModuleName)
            PsiElement(proper name)('Prelude')
        PsiElement(whitespace)('\n')
      PSASTWrapperElement(ImportDeclaration)
        PsiElement(import)('import')
        PsiElement(whitespace)(' ')
        PSASTWrapperElement(Qualified)
          PSASTWrapperElement(ModuleName)
            PsiElement(proper name)('Control')
            PsiElement(.)('.')
          PSASTWrapperElement(ModuleName)
            PsiElement(proper name)('Monad')
            PsiElement(.)('.')
          PSASTWrapperElement(ModuleName)
            PsiElement(proper name)('Eff')
        PsiElement(whitespace)(' ')
        PsiElement(()('(')
        PSASTWrapperElement(PositionedDeclarationRef)
          PsiElement(proper name)('Eff')
        PsiElement())(')')
        PsiElement(whitespace)('\n')
      PSASTWrapperElement(ImportDeclaration)
        PsiElement(import)('import')
        PsiElement(whitespace)(' ')
        PSASTWrapperElement(Qualified)
          PSASTWrapperElement(ModuleName)
            PsiElement(proper name)('Control')
            PsiElement(.)('.')
          PSASTWrapperElement(ModuleName)
            PsiElement(proper name)('Monad')
            PsiElement(.)('.')
          PSASTWrapperElement(ModuleName)
            PsiElement(proper name)('Eff')
            PsiElement(.)('.')
          PSASTWrapperElement(ModuleName)
            PsiElement(proper name)('Console')
        PsiElement(whitespace)(' ')
        PsiElement(()('(')
        PSASTWrapperElement(PositionedDeclarationRef)
          PSASTWrapperElement(ValueRef)
            PsiElement(identifier)('log')
        PsiElement(,)(',')
        PsiElement(whitespace)(' ')
        PSASTWrapperElement(PositionedDeclarationRef)
          PsiElement(proper name)('CONSOLE')
        PsiElement())(')')
        PsiElement(whitespace)('\n\n')
      PSASTWrapperElement(DataDeclaration)
        PsiElement(data)('data')
        PsiElement(whitespace)(' ')
        PsiElement(proper name)('Foo')
        PsiElement(whitespace)(' ')
        PSASTWrapperElement(TypeArgs)
          <empty list>
        PsiElement(=)('=')
        PsiElement(whitespace)(' ')
        PsiElement(proper name)('X')
        PsiElement(whitespace)(' ')
        PsiElement(|)('|')
        PsiElement(whitespace)(' ')
        PsiElement(proper name)('Y')
        PsiElement(whitespace)('\n\n')
      PSASTWrapperElement(TypeDeclaration)
        PsiElement(identifier)('what')
        PsiElement(whitespace)(' ')
        PsiElement(::)('::')
        PsiElement(whitespace)(' ')
        PSASTWrapperElement(Type)
          PSASTWrapperElement(TypeAtom)
            PSASTWrapperElement(TypeConstructor)
              PSASTWrapperElement(Qualified)
                PsiElement(proper name)('Foo')
                PsiElement(whitespace)(' ')
          PsiElement(->)('->')
          PsiElement(whitespace)(' ')
          PSASTWrapperElement(Type)
            PSASTWrapperElement(TypeAtom)
              PSASTWrapperElement(TypeConstructor)
                PSASTWrapperElement(Qualified)
                  PsiElement(proper name)('Int')
                  PsiElement(whitespace)(' ')
            PsiElement(->)('->')
            PsiElement(whitespace)(' ')
            PSASTWrapperElement(Type)
              PSASTWrapperElement(TypeAtom)
                PSASTWrapperElement(TypeConstructor)
                  PSASTWrapperElement(Qualified)
                    PsiElement(proper name)('Boolean')
                    PsiElement(whitespace)(' ')
              PsiElement(->)('->')
              PsiElement(whitespace)(' ')
              PSASTWrapperElement(Type)
                PSASTWrapperElement(TypeAtom)
                  PSASTWrapperElement(TypeConstructor)
                    PSASTWrapperElement(Qualified)
                      PsiElement(proper name)('Foo')
                      PsiElement(whitespace)('\n')
      PSASTWrapperElement(ValueDeclaration)
        PsiElement(identifier)('what')
        PsiElement(whitespace)(' ')
        PSASTWrapperElement(Binder)
          PSASTWrapperElement(VarBinder)
            PsiElement(identifier)('x')
            PsiElement(whitespace)(' ')
        PsiElement(=)('=')
        PsiElement(whitespace)(' ')
        PSASTWrapperElement(Value)
          PSASTWrapperElement(PrefixValue)
            PSASTWrapperElement(Case)
              PsiElement(case)('case')
              PsiElement(whitespace)(' ')
              PSASTWrapperElement(Value)
                PSASTWrapperElement(PrefixValue)
                  PSASTWrapperElement(Var)
                    PSASTWrapperElement(Qualified)
                      PsiElement(identifier)('_')
              PsiElement(,)(',')
              PsiElement(whitespace)(' ')
              PSASTWrapperElement(Value)
                PSASTWrapperElement(PrefixValue)
                  PSASTWrapperElement(Var)
                    PSASTWrapperElement(Qualified)
                      PsiElement(identifier)('x')
              PsiElement(,)(',')
              PsiElement(whitespace)(' ')
              PSASTWrapperElement(Value)
                PSASTWrapperElement(PrefixValue)
                  PSASTWrapperElement(Var)
                    PSASTWrapperElement(Qualified)
                      PsiElement(identifier)('_')
                      PsiElement(whitespace)(' ')
              PsiElement(of)('of')
              PsiElement(whitespace)('\n    ')
              PSASTWrapperElement(CaseAlternative)
                PSASTWrapperElement(Value)
                  PSASTWrapperElement(PrefixValue)
                    PSASTWrapperElement(NumericLiteral)
                      PsiElement(natural)('0')
                PsiElement(,)(',')
                PsiElement(whitespace)(' ')
                PSASTWrapperElement(Value)
                  PSASTWrapperElement(PrefixValue)
                    PSASTWrapperElement(Constructor)
                      PSASTWrapperElement(Qualified)
                        PsiElement(proper name)('X')
                PsiElement(,)(',')
                PsiElement(whitespace)(' ')
                PSASTWrapperElement(Value)
                  PSASTWrapperElement(PrefixValue)
                    PSASTWrapperElement(BooleanLiteral)
                      PsiElement(true)('true')
                      PsiElement(whitespace)(' ')
                PsiElement(->)('->')
                PsiElement(whitespace)(' ')
                PSASTWrapperElement(Value)
                  PSASTWrapperElement(PrefixValue)
                    PSASTWrapperElement(Constructor)
                      PSASTWrapperElement(Qualified)
                        PsiElement(proper name)('X')
                        PsiElement(whitespace)('\n    ')
              PSASTWrapperElement(CaseAlternative)
                PSASTWrapperElement(Value)
                  PSASTWrapperElement(PrefixValue)
                    PSASTWrapperElement(NumericLiteral)
                      PsiElement(natural)('0')
                PsiElement(,)(',')
                PsiElement(whitespace)(' ')
                PSASTWrapperElement(Value)
                  PSASTWrapperElement(PrefixValue)
                    PSASTWrapperElement(Constructor)
                      PSASTWrapperElement(Qualified)
                        PsiElement(proper name)('Y')
                PsiElement(,)(',')
                PsiElement(whitespace)(' ')
                PSASTWrapperElement(Value)
                  PSASTWrapperElement(PrefixValue)
                    PSASTWrapperElement(BooleanLiteral)
                      PsiElement(true)('true')
                      PsiElement(whitespace)(' ')
                PsiElement(->)('->')
                PsiElement(whitespace)(' ')
                PSASTWrapperElement(Value)
                  PSASTWrapperElement(PrefixValue)
                    PSASTWrapperElement(Constructor)
                      PSASTWrapperElement(Qualified)
                        PsiElement(proper name)('X')
                        PsiElement(whitespace)('\n    ')
              PSASTWrapperElement(CaseAlternative)
                PSASTWrapperElement(Value)
                  PSASTWrapperElement(PrefixValue)
                    PSASTWrapperElement(Var)
                      PSASTWrapperElement(Qualified)
                        PsiElement(identifier)('_')
                PsiElement(,)(',')
                PsiElement(whitespace)(' ')
                PSASTWrapperElement(Value)
                  PSASTWrapperElement(PrefixValue)
                    PSASTWrapperElement(Var)
                      PSASTWrapperElement(Qualified)
                        PsiElement(identifier)('_')
                PsiElement(,)(',')
                PsiElement(whitespace)(' ')
                PSASTWrapperElement(Value)
                  PSASTWrapperElement(PrefixValue)
                    PSASTWrapperElement(Var)
                      PSASTWrapperElement(Qualified)
                        PsiElement(identifier)('_')
                        PsiElement(whitespace)(' ')
                PsiElement(->)('->')
                PsiElement(whitespace)(' ')
                PSASTWrapperElement(Value)
                  PSASTWrapperElement(PrefixValue)
                    PSASTWrapperElement(Constructor)
                      PSASTWrapperElement(Qualified)
                        PsiElement(proper name)('Y')
                        PsiElement(whitespace)('\n\n\n')
      PSASTWrapperElement(ValueDeclaration)
        PsiElement(identifier)('guu')
        PsiElement(whitespace)(' ')
        PSASTWrapperElement(Binder)
          PSASTWrapperElement(VarBinder)
            PsiElement(identifier)('a')
            PsiElement(whitespace)(' ')
        PsiElement(=)('=')
        PsiElement(whitespace)(' ')
        PSASTWrapperElement(Value)
          PSASTWrapperElement(PrefixValue)
            PSASTWrapperElement(Case)
              PsiElement(case)('case')
              PsiElement(whitespace)(' ')
              PSASTWrapperElement(Value)
                PSASTWrapperElement(PrefixValue)
                  PSASTWrapperElement(Var)
                    PSASTWrapperElement(Qualified)
                      PsiElement(identifier)('_')
                      PsiElement(whitespace)(' ')
              PsiElement(of)('of')
              PsiElement(whitespace)('\n    ')
              PSASTWrapperElement(CaseAlternative)
                PSASTWrapperElement(Value)
                  PSASTWrapperElement(PrefixValue)
                    PSASTWrapperElement(BooleanLiteral)
                      PsiElement(true)('true')
                      PsiElement(whitespace)('  ')
                PSASTWrapperElement(Guard)
                  PsiElement(|)('|')
                  PsiElement(whitespace)(' ')
                  PSASTWrapperElement(Value)
                    PSASTWrapperElement(PrefixValue)
                      PSASTWrapperElement(Var)
                        PSASTWrapperElement(Qualified)
                          PsiElement(identifier)('a')
                          PsiElement(whitespace)(' ')
                PsiElement(->)('->')
                PsiElement(whitespace)(' ')
                PSASTWrapperElement(Value)
                  PSASTWrapperElement(PrefixValue)
                    PSASTWrapperElement(StringLiteral)
                      PsiElement(string)('"yes"')
                      PsiElement(whitespace)('\n    ')
              PSASTWrapperElement(CaseAlternative)
                PSASTWrapperElement(Value)
                  PSASTWrapperElement(PrefixValue)
                    PSASTWrapperElement(BooleanLiteral)
                      PsiElement(false)('false')
                      PsiElement(whitespace)(' ')
                PSASTWrapperElement(Guard)
                  PsiElement(|)('|')
                  PsiElement(whitespace)(' ')
                  PSASTWrapperElement(Value)
                    PSASTWrapperElement(PrefixValue)
                      PSASTWrapperElement(Var)
                        PSASTWrapperElement(Qualified)
                          PsiElement(identifier)('a')
                          PsiElement(whitespace)(' ')
                PsiElement(->)('->')
                PsiElement(whitespace)(' ')
                PSASTWrapperElement(Value)
                  PSASTWrapperElement(PrefixValue)
                    PSASTWrapperElement(StringLiteral)
                      PsiElement(string)('"no"')
                      PsiElement(whitespace)('\n\n')
      PSASTWrapperElement(ValueDeclaration)
        PsiElement(identifier)('muu')
        PsiElement(whitespace)(' ')
        PSASTWrapperElement(Binder)
          PSASTWrapperElement(VarBinder)
            PsiElement(identifier)('a')
            PsiElement(whitespace)(' ')
        PsiElement(=)('=')
        PsiElement(whitespace)(' ')
        PSASTWrapperElement(Value)
          PSASTWrapperElement(PrefixValue)
            PSASTWrapperElement(Case)
              PsiElement(case)('case')
              PsiElement(whitespace)(' ')
              PSASTWrapperElement(Value)
                PSASTWrapperElement(PrefixValue)
                  PSASTWrapperElement(Var)
                    PSASTWrapperElement(Qualified)
                      PsiElement(identifier)('_')
                      PsiElement(whitespace)(' ')
              PsiElement(of)('of')
              PsiElement(whitespace)('\n    ')
              PSASTWrapperElement(CaseAlternative)
                PSASTWrapperElement(Value)
                  PSASTWrapperElement(PrefixValue)
                    PSASTWrapperElement(BooleanLiteral)
                      PsiElement(true)('true')
                      PsiElement(whitespace)('  ')
                PsiElement(->)('->')
                PsiElement(whitespace)(' ')
                PSASTWrapperElement(Value)
                  PSASTWrapperElement(PrefixValue)
                    PSASTWrapperElement(StringLiteral)
                      PsiElement(string)('"yes"')
                      PsiElement(whitespace)('\n    ')
              PSASTWrapperElement(CaseAlternative)
                PSASTWrapperElement(Value)
                  PSASTWrapperElement(PrefixValue)
                    PSASTWrapperElement(BooleanLiteral)
                      PsiElement(false)('false')
                      PsiElement(whitespace)(' ')
                PsiElement(->)('->')
                PsiElement(whitespace)(' ')
                PSASTWrapperElement(Value)
                  PSASTWrapperElement(PrefixValue)
                    PSASTWrapperElement(StringLiteral)
                      PsiElement(string)('"no"')
                      PsiElement(whitespace)('\n\n\n')
      PSASTWrapperElement(TypeDeclaration)
        PsiElement(identifier)('main')
        PsiElement(whitespace)(' ')
        PsiElement(::)('::')
        PsiElement(whitespace)(' ')
        PSASTWrapperElement(Type)
          PSASTWrapperElement(TypeAtom)
            PSASTWrapperElement(ForAll)
              PsiElement(forall)('forall')
              PsiElement(whitespace)(' ')
              PsiElement(identifier)('e')
              PsiElement(.)('.')
              PsiElement(whitespace)(' ')
              PSASTWrapperElement(ConstrainedType)
                PSASTWrapperElement(Type)
                  PSASTWrapperElement(TypeAtom)
                    PSASTWrapperElement(TypeConstructor)
                      PSASTWrapperElement(Qualified)
                        PsiElement(proper name)('Eff')
                        PsiElement(whitespace)(' ')
                  PSASTWrapperElement(TypeAtom)
                    PsiElement(()('(')
                    PSASTWrapperElement(Row)
                      PSASTWrapperElement(identifier)
                        PsiElement(identifier)('console')
                      PsiElement(whitespace)(' ')
                      PsiElement(::)('::')
                      PsiElement(whitespace)(' ')
                      PSASTWrapperElement(Type)
                        PSASTWrapperElement(TypeAtom)
                          PSASTWrapperElement(TypeConstructor)
                            PSASTWrapperElement(Qualified)
                              PsiElement(proper name)('CONSOLE')
                              PsiElement(whitespace)(' ')
                      PsiElement(|)('|')
                      PsiElement(whitespace)(' ')
                      PSASTWrapperElement(TypeVar)
                        PsiElement(identifier)('e')
                    PsiElement())(')')
                    PsiElement(whitespace)(' ')
                  PSASTWrapperElement(TypeAtom)
                    PSASTWrapperElement(TypeConstructor)
                      PSASTWrapperElement(Qualified)
                        PsiElement(proper name)('Unit')
                        PsiElement(whitespace)('\n')
      PSASTWrapperElement(ValueDeclaration)
        PsiElement(identifier)('main')
        PsiElement(whitespace)(' ')
        PsiElement(=)('=')
        PsiElement(whitespace)(' ')
        PSASTWrapperElement(Value)
          PSASTWrapperElement(PrefixValue)
            PsiElement(do)('do')
            PsiElement(whitespace)('\n  ')
            PSASTWrapperElement(DoNotationLet)
              PsiElement(let)('let')
              PsiElement(whitespace)(' ')
              PSASTWrapperElement(ValueDeclaration)
                PsiElement(identifier)('tmp')
                PsiElement(whitespace)(' ')
                PsiElement(=)('=')
                PsiElement(whitespace)(' ')
                PSASTWrapperElement(Value)
                  PSASTWrapperElement(PrefixValue)
                    PSASTWrapperElement(Var)
                      PSASTWrapperElement(Qualified)
                        PsiElement(identifier)('what')
                        PsiElement(whitespace)(' ')
                    PSASTWrapperElement(Constructor)
                      PSASTWrapperElement(Qualified)
                        PsiElement(proper name)('Y')
                        PsiElement(whitespace)(' ')
                    PSASTWrapperElement(NumericLiteral)
                      PsiElement(natural)('0')
                      PsiElement(whitespace)(' ')
                    PSASTWrapperElement(BooleanLiteral)
                      PsiElement(true)('true')
                      PsiElement(whitespace)('\n  ')
            PSASTWrapperElement(DoNotationValue)
              PSASTWrapperElement(Value)
                PSASTWrapperElement(PrefixValue)
                  PSASTWrapperElement(Var)
                    PSASTWrapperElement(Qualified)
                      PsiElement(identifier)('log')
                      PsiElement(whitespace)(' ')
                  PSASTWrapperElement(StringLiteral)
                    PsiElement(string)('"Done"')