Purescript File
  PSASTWrapperElement(Program)
    PSASTWrapperElement(Module)
      PsiElement(module)('module')
      PsiElement(whitespace)(' ')
      PSASTWrapperElement(Qualified)
        PSASTWrapperElement(ModuleName)
          PsiElement(proper name)('Main')
      PsiElement(whitespace)(' ')
      PsiElement(where)('where')
      PsiElement(whitespace)('\n\n')
      PSASTWrapperElement(ImportDeclaration)
        PsiElement(import)('import')
        PsiElement(whitespace)(' ')
        PSASTWrapperElement(Qualified)
          PSASTWrapperElement(ModuleName)
            PsiElement(proper name)('Lib')
        PsiElement(whitespace)(' ')
        PsiElement(()('(')
        PSASTWrapperElement(PositionedDeclarationRef)
          PsiElement(class)('class')
          PsiElement(whitespace)(' ')
          PsiElement(proper name)('X')
        PsiElement(,)(',')
        PsiElement(whitespace)(' ')
        PSASTWrapperElement(PositionedDeclarationRef)
          PSASTWrapperElement(ValueRef)
            PsiElement(identifier)('go')
        PsiElement())(')')
        PsiElement(whitespace)('\n')
      PSASTWrapperElement(ImportDeclaration)
        PsiElement(import)('import')
        PsiElement(whitespace)(' ')
        PSASTWrapperElement(Qualified)
          PSASTWrapperElement(ModuleName)
            PsiElement(proper name)('Control')
            PsiElement(.)('.')
          PSASTWrapperElement(ModuleName)
            PsiElement(proper name)('Monad')
            PsiElement(.)('.')
          PSASTWrapperElement(ModuleName)
            PsiElement(proper name)('Eff')
            PsiElement(.)('.')
          PSASTWrapperElement(ModuleName)
            PsiElement(proper name)('Console')
        PsiElement(whitespace)(' ')
        PsiElement(()('(')
        PSASTWrapperElement(PositionedDeclarationRef)
          PSASTWrapperElement(ValueRef)
            PsiElement(identifier)('log')
        PsiElement())(')')
        PsiElement(whitespace)('\n\n')
      PSASTWrapperElement(TypeDeclaration)
        PsiElement(identifier)('go'')
        PsiElement(whitespace)(' ')
        PsiElement(::)('::')
        PsiElement(whitespace)(' ')
        PSASTWrapperElement(Type)
          PSASTWrapperElement(TypeAtom)
            PSASTWrapperElement(ForAll)
              PsiElement(forall)('forall')
              PsiElement(whitespace)(' ')
              PsiElement(identifier)('a')
              PsiElement(.)('.')
              PsiElement(whitespace)(' ')
              PSASTWrapperElement(ConstrainedType)
                PSASTWrapperElement(Type)
                  PSASTWrapperElement(TypeAtom)
                    PSASTWrapperElement(TypeConstructor)
                      PSASTWrapperElement(Qualified)
                        PsiElement(proper name)('X')
                        PsiElement(whitespace)(' ')
                  PSASTWrapperElement(TypeAtom)
                    PSASTWrapperElement(TypeVar)
                      PsiElement(identifier)('a')
                      PsiElement(whitespace)(' ')
                  PsiElement(=>)('=>')
                  PsiElement(whitespace)(' ')
                  PSASTWrapperElement(Type)
                    PSASTWrapperElement(TypeAtom)
                      PSASTWrapperElement(TypeVar)
                        PsiElement(identifier)('a')
                        PsiElement(whitespace)(' ')
                    PsiElement(->)('->')
                    PsiElement(whitespace)(' ')
                    PSASTWrapperElement(Type)
                      PSASTWrapperElement(TypeAtom)
                        PSASTWrapperElement(TypeVar)
                          PsiElement(identifier)('a')
                          PsiElement(whitespace)('\n')
      PSASTWrapperElement(ValueDeclaration)
        PsiElement(identifier)('go'')
        PsiElement(whitespace)(' ')
        PsiElement(=)('=')
        PsiElement(whitespace)(' ')
        PSASTWrapperElement(Value)
          PSASTWrapperElement(PrefixValue)
            PSASTWrapperElement(Var)
              PSASTWrapperElement(Qualified)
                PsiElement(identifier)('go')
                PsiElement(whitespace)('\n\n')
      PSASTWrapperElement(ValueDeclaration)
        PsiElement(identifier)('main')
        PsiElement(whitespace)(' ')
        PsiElement(=)('=')
        PsiElement(whitespace)(' ')
        PSASTWrapperElement(Value)
          PSASTWrapperElement(PrefixValue)
            PSASTWrapperElement(Var)
              PSASTWrapperElement(Qualified)
                PsiElement(identifier)('log')
                PsiElement(whitespace)(' ')
            PSASTWrapperElement(StringLiteral)
              PsiElement(string)('"Done"')