Purescript File
  PSModuleDeclarationImpl(MODULE_DECLARATION)
    PsiElement(PSTokenType.module)('module')
    PSModuleNameImpl(MODULE_NAME)
      PsiElement(PSTokenType.PROPER_NAME)('A')
    PsiElement(PSTokenType.where)('where')
  PSDeclarationsImpl(DECLARATIONS)
    PSDeclarationImpl(DECLARATION)
      PSDataDeclarationImpl(DATA_DECLARATION)
        PsiElement(PSTokenType.data)('data')
        PSDeclarationRefTypeImpl(DECLARATION_REF_TYPE)
          PsiElement(PSTokenType.PROPER_NAME)('User3')
        PsiElement(PSTokenType.=)('=')
        PSDataDeclarationItemListImpl(DATA_DECLARATION_ITEM_LIST)
          PSDataDeclarationItemImpl(DATA_DECLARATION_ITEM)
            PSDeclarationRefTypeListImpl(DECLARATION_REF_TYPE_LIST)
              PSDeclarationRefTypeImpl(DECLARATION_REF_TYPE)
                PsiElement(PSTokenType.PROPER_NAME)('NoOp2')