Purescript File
  PSModuleDeclarationImpl(MODULE_DECLARATION)
    PsiElement(PSTokenType.module)('module')
    PSModuleNameImpl(MODULE_NAME)
      PsiElement(PSTokenType.PROPER_NAME)('A')
    PsiElement(PSTokenType.where)('where')
  PSDeclarationsImpl(DECLARATIONS)
    PSDeclarationImpl(DECLARATION)
      PSDataDeclarationImpl(DATA_DECLARATION)
        PsiElement(PSTokenType.data)('data')
        PSDeclarationRefTypeImpl(DECLARATION_REF_TYPE)
          PsiElement(PSTokenType.PROPER_NAME)('Cool')
        PSDeclarationRefIdListImpl(DECLARATION_REF_ID_LIST)
          PSDeclarationRefIdImpl(DECLARATION_REF_ID)
            PsiElement(PSTokenType.ID)('a')
          PSDeclarationRefIdListImpl(DECLARATION_REF_ID_LIST)
            PSDeclarationRefIdImpl(DECLARATION_REF_ID)
              PsiElement(PSTokenType.ID)('b')
            PSDeclarationRefIdListImpl(DECLARATION_REF_ID_LIST)
              PSDeclarationRefIdImpl(DECLARATION_REF_ID)
                PsiElement(PSTokenType.ID)('c')
        PsiElement(PSTokenType.=)('=')
        PSDataDeclarationItemListImpl(DATA_DECLARATION_ITEM_LIST)
          PSDataDeclarationItemImpl(DATA_DECLARATION_ITEM)
            PSDeclarationRefTypeListImpl(DECLARATION_REF_TYPE_LIST)
              PSDeclarationRefTypeImpl(DECLARATION_REF_TYPE)
                PsiElement(PSTokenType.PROPER_NAME)('Cool')
            PSDataDeclarationBodyImpl(DATA_DECLARATION_BODY)
              PsiElement(PSTokenType.{)('{')
              PSDataDeclarationTypeDefinitionListImpl(DATA_DECLARATION_TYPE_DEFINITION_LIST)
                PSDataDeclarationTypeDefinitionImpl(DATA_DECLARATION_TYPE_DEFINITION)
                  PsiElement(PSTokenType.ID)('name')
                  PsiElement(PSTokenType.::)('::')
                  PsiElement(PSTokenType.()('(')
                  PSParenthesisedTypeThenIdListImpl(PARENTHESISED_TYPE_THEN_ID_LIST)
                    PSParenthesisedDeclarationRefTypeListImpl(PARENTHESISED_DECLARATION_REF_TYPE_LIST)
                      PSDeclarationRefTypeImpl(DECLARATION_REF_TYPE)
                        PsiElement(PSTokenType.PROPER_NAME)('String')
                  PsiElement(PSTokenType.->)('->')
                  PsiElement(PSTokenType.()('(')
                  PSParenthesisedTypeThenIdListImpl(PARENTHESISED_TYPE_THEN_ID_LIST)
                    PSParenthesisedDeclarationRefTypeListImpl(PARENTHESISED_DECLARATION_REF_TYPE_LIST)
                      PSDeclarationRefTypeImpl(DECLARATION_REF_TYPE)
                        PsiElement(PSTokenType.PROPER_NAME)('Array')
                      PSParenthesisedDeclarationRefTypeListImpl(PARENTHESISED_DECLARATION_REF_TYPE_LIST)
                        PSDeclarationRefTypeImpl(DECLARATION_REF_TYPE)
                          PsiElement(PSTokenType.PROPER_NAME)('User')
                        PsiElement(PSTokenType.))(')')
                    PsiElement(PSTokenType.))(')')
                PsiElement(PSTokenType.,)(',')
                PSDataDeclarationTypeDefinitionListImpl(DATA_DECLARATION_TYPE_DEFINITION_LIST)
                  PSDataDeclarationTypeDefinitionImpl(DATA_DECLARATION_TYPE_DEFINITION)
                    PsiElement(PSTokenType.ID)('age')
                    PsiElement(PSTokenType.::)('::')
                    PsiElement(PSTokenType.()('(')
                    PSParenthesisedIdListImpl(PARENTHESISED_ID_LIST)
                      PSParenthesisedDeclarationRefIdListImpl(PARENTHESISED_DECLARATION_REF_ID_LIST)
                        PSDeclarationRefIdImpl(DECLARATION_REF_ID)
                          PsiElement(PSTokenType.ID)('a')
                    PsiElement(PSTokenType.->)('->')
                    PSParenthesisedIdListImpl(PARENTHESISED_ID_LIST)
                      PSParenthesisedDeclarationRefIdListImpl(PARENTHESISED_DECLARATION_REF_ID_LIST)
                        PSDeclarationRefIdImpl(DECLARATION_REF_ID)
                          PsiElement(PSTokenType.ID)('b')
                        PsiElement(PSTokenType.))(')')
              PsiElement(PSTokenType.})('}')