Purescript File
  PSModuleDeclarationImpl(MODULE_DECLARATION)
    PsiElement(PSTokenType.module)('module')
    PSModuleNameImpl(MODULE_NAME)
      PsiElement(PSTokenType.PROPER_NAME)('A')
    PsiElement(PSTokenType.where)('where')
  PSDeclarationImpl(DECLARATION)
    PSDataDeclarationImpl(DATA_DECLARATION)
      PsiElement(PSTokenType.data)('data')
      PSDeclarationRefTypeImpl(DECLARATION_REF_TYPE)
        PsiElement(PSTokenType.PROPER_NAME)('User7')
      PSDeclarationRefIdListImpl(DECLARATION_REF_ID_LIST)
        PSDeclarationRefIdImpl(DECLARATION_REF_ID)
          PsiElement(PSTokenType.ID)('a')
      PsiElement(PSTokenType.=)('=')
      PSDataDeclarationItemListImpl(DATA_DECLARATION_ITEM_LIST)
        PSDataDeclarationItemImpl(DATA_DECLARATION_ITEM)
          PSDeclarationRefTypeImpl(DECLARATION_REF_TYPE)
            PsiElement(PSTokenType.PROPER_NAME)('User7')
          PSDataDeclarationBodyImpl(DATA_DECLARATION_BODY)
            PsiElement(PSTokenType.{)('{')
            PSDataDeclarationTypeDefinitionListImpl(DATA_DECLARATION_TYPE_DEFINITION_LIST)
              PSDataDeclarationTypeDefinitionImpl(DATA_DECLARATION_TYPE_DEFINITION)
                PsiElement(PSTokenType.ID)('name')
                PsiElement(PSTokenType.::)('::')
                PSDeclarationRefTypeImpl(DECLARATION_REF_TYPE)
                  PsiElement(PSTokenType.PROPER_NAME)('String')
              PsiElement(PSTokenType.,)(',')
              PSDataDeclarationTypeDefinitionListImpl(DATA_DECLARATION_TYPE_DEFINITION_LIST)
                PSDataDeclarationTypeDefinitionImpl(DATA_DECLARATION_TYPE_DEFINITION)
                  PsiElement(PSTokenType.ID)('isEnabled')
                  PsiElement(PSTokenType.::)('::')
                  PSDeclarationRefTypeImpl(DECLARATION_REF_TYPE)
                    PsiElement(PSTokenType.PROPER_NAME)('Boolean')
            PsiElement(PSTokenType.})('}')