Purescript File
  PSASTWrapperElement(Program)
    PSASTWrapperElement(Module)
      PsiElement(module)('module')
      PsiElement(whitespace)(' ')
      PSASTWrapperElement(Qualified)
        PSASTWrapperElement(ModuleName)
          PsiElement(proper name)('A')
      PsiElement(whitespace)(' ')
      PsiElement(where)('where')
      PsiElement(whitespace)('\n\n')
      PSASTWrapperElement(DataDeclaration)
        PsiElement(data)('data')
        PsiElement(whitespace)(' ')
        PsiElement(proper name)('Foo')
        PsiElement(whitespace)(' ')
        PSASTWrapperElement(TypeArgs)
          <empty list>
        PsiElement(=)('=')
        PsiElement(whitespace)(' ')
        PsiElement(proper name)('Foo')
        PsiElement(whitespace)(' ')
        PSASTWrapperElement(TypeAtom)
          PSASTWrapperElement(ObjectType)
            PsiElement({)('{')
            PSASTWrapperElement(Row)
              <empty list>
            PsiElement(})('}')
            PsiElement(whitespace)('\n\n')
      PSASTWrapperElement(DataDeclaration)
        PsiElement(data)('data')
        PsiElement(whitespace)(' ')
        PsiElement(proper name)('Foo')
        PsiElement(whitespace)(' ')
        PSASTWrapperElement(TypeArgs)
          <empty list>
        PsiElement(=)('=')
        PsiElement(whitespace)(' ')
        PsiElement(proper name)('Foo')
        PsiElement(whitespace)(' ')
        PSASTWrapperElement(TypeAtom)
          PsiElement(()('(')
          PSASTWrapperElement(Type)
            PSASTWrapperElement(TypeAtom)
              PSASTWrapperElement(ObjectType)
                PsiElement({)('{')
                PSASTWrapperElement(Row)
                  <empty list>
                PsiElement(})('}')
          PsiElement())(')')