Purescript File
  PSModuleDeclarationImpl(MODULE_DECLARATION)
    PsiElement(PSTokenType.module)('module')
    PSModuleNameImpl(MODULE_NAME)
      PsiElement(PSTokenType.PROPER_NAME)('A')
    PsiElement(PSTokenType.where)('where')
  PSDeclarationsImpl(DECLARATIONS)
    PSDeclarationImpl(DECLARATION)
      PSDataDeclarationImpl(DATA_DECLARATION)
        PsiElement(PSTokenType.data)('data')
        PSDeclarationTypeImpl(DECLARATION_TYPE)
          PsiElement(PSTokenType.PROPER_NAME)('User5')
        PSIdListImpl(ID_LIST)
          PSDeclarationIdImpl(DECLARATION_ID)
            PsiElement(PSTokenType.ID)('a')
          PSIdListImpl(ID_LIST)
            PSDeclarationIdImpl(DECLARATION_ID)
              PsiElement(PSTokenType.ID)('b')
            PSIdListImpl(ID_LIST)
              PSDeclarationIdImpl(DECLARATION_ID)
                PsiElement(PSTokenType.ID)('c')
        PsiElement(PSTokenType.=)('=')
        PSDataDeclarationItemListImpl(DATA_DECLARATION_ITEM_LIST)
          PSDataDeclarationItemImpl(DATA_DECLARATION_ITEM)
            PSTypeListImpl(TYPE_LIST)
              PSDeclarationTypeImpl(DECLARATION_TYPE)
                PsiElement(PSTokenType.PROPER_NAME)('A')
          PsiElement(PSTokenType.|)('|')
          PSDataDeclarationItemListImpl(DATA_DECLARATION_ITEM_LIST)
            PSDataDeclarationItemImpl(DATA_DECLARATION_ITEM)
              PSTypeListImpl(TYPE_LIST)
                PSDeclarationTypeImpl(DECLARATION_TYPE)
                  PsiElement(PSTokenType.PROPER_NAME)('B')
              PSIdListImpl(ID_LIST)
                PSDeclarationIdImpl(DECLARATION_ID)
                  PsiElement(PSTokenType.ID)('a')
            PsiElement(PSTokenType.|)('|')
            PSDataDeclarationItemListImpl(DATA_DECLARATION_ITEM_LIST)
              PSDataDeclarationItemImpl(DATA_DECLARATION_ITEM)
                PSTypeListImpl(TYPE_LIST)
                  PSDeclarationTypeImpl(DECLARATION_TYPE)
                    PsiElement(PSTokenType.PROPER_NAME)('Email')
                  PSTypeListImpl(TYPE_LIST)
                    PSDeclarationTypeImpl(DECLARATION_TYPE)
                      PsiElement(PSTokenType.PROPER_NAME)('HttpError')
                PSIdListImpl(ID_LIST)
                  PSDeclarationIdImpl(DECLARATION_ID)
                    PsiElement(PSTokenType.ID)('b')
              PsiElement(PSTokenType.|)('|')
              PSDataDeclarationItemListImpl(DATA_DECLARATION_ITEM_LIST)
                PSDataDeclarationItemImpl(DATA_DECLARATION_ITEM)
                  PSTypeListImpl(TYPE_LIST)
                    PSDeclarationTypeImpl(DECLARATION_TYPE)
                      PsiElement(PSTokenType.PROPER_NAME)('Boo')
                  PSIdListImpl(ID_LIST)
                    PSDeclarationIdImpl(DECLARATION_ID)
                      PsiElement(PSTokenType.ID)('c')