Purescript File
  PSModuleDeclarationImpl(MODULE_DECLARATION)
    PsiElement(PSTokenType.module)('module')
    PSModuleNameImpl(MODULE_NAME)
      PsiElement(PSTokenType.PROPER_NAME)('A')
    PsiElement(PSTokenType.where)('where')
  PSDeclarationsImpl(DECLARATIONS)
    PSDeclarationImpl(DECLARATION)
      PSDataDeclarationImpl(DATA_DECLARATION)
        PsiElement(PSTokenType.data)('data')
        PSDeclarationRefTypeImpl(DECLARATION_REF_TYPE)
          PsiElement(PSTokenType.PROPER_NAME)('Foo')
        PsiElement(PSTokenType.=)('=')
        PSDataDeclarationItemListImpl(DATA_DECLARATION_ITEM_LIST)
          PSDataDeclarationItemImpl(DATA_DECLARATION_ITEM)
            PSDeclarationRefTypeListImpl(DECLARATION_REF_TYPE_LIST)
              PSDeclarationRefTypeImpl(DECLARATION_REF_TYPE)
                PsiElement(PSTokenType.PROPER_NAME)('Foo')
            PsiElement(PSTokenType.()('(')
            PSDataDeclarationTypeOnlyImpl(DATA_DECLARATION_TYPE_ONLY)
              PSParenthesisedTypeThenIdListImpl(PARENTHESISED_TYPE_THEN_ID_LIST)
                PSParenthesisedDeclarationRefTypeListImpl(PARENTHESISED_DECLARATION_REF_TYPE_LIST)
                  PSDeclarationRefTypeImpl(DECLARATION_REF_TYPE)
                    PsiElement(PSTokenType.PROPER_NAME)('String')
              PsiElement(PSTokenType.->)('->')
              PsiElement(PSTokenType.()('(')
              PSParenthesisedTypeThenIdListImpl(PARENTHESISED_TYPE_THEN_ID_LIST)
                PSParenthesisedDeclarationRefTypeListImpl(PARENTHESISED_DECLARATION_REF_TYPE_LIST)
                  PSDeclarationRefTypeImpl(DECLARATION_REF_TYPE)
                    PsiElement(PSTokenType.PROPER_NAME)('Array')
                  PSParenthesisedDeclarationRefTypeListImpl(PARENTHESISED_DECLARATION_REF_TYPE_LIST)
                    PSDeclarationRefTypeImpl(DECLARATION_REF_TYPE)
                      PsiElement(PSTokenType.PROPER_NAME)('User')
                    PsiElement(PSTokenType.))(')')
                PsiElement(PSTokenType.))(')')