Purescript File
  PSASTWrapperElement(Program)
    PSASTWrapperElement(Module)
      PsiElement(module)('module')
      PsiElement(whitespace)(' ')
      PSASTWrapperElement(Qualified)
        PSASTWrapperElement(ModuleName)
          PsiElement(proper name)('A')
      PsiElement(whitespace)(' ')
      PsiElement(where)('where')
      PsiElement(whitespace)('\n\n')
      PSASTWrapperElement(DataDeclaration)
        PsiElement(data)('data')
        PsiElement(whitespace)(' ')
        PsiElement(proper name)('User8')
        PsiElement(whitespace)(' ')
        PSASTWrapperElement(TypeArgs)
          PsiElement(identifier)('a')
          PsiElement(whitespace)(' ')
        PsiElement(=)('=')
        PsiElement(whitespace)(' ')
        PsiElement(proper name)('User8')
        PsiElement(whitespace)(' ')
        PSASTWrapperElement(TypeAtom)
          PSASTWrapperElement(TypeVar)
            PsiElement(identifier)('a')
            PsiElement(whitespace)(' ')
  PsiErrorElement:Unexpected {. Expecting Module
    PsiElement({)('{')
    PsiElement(whitespace)('\n  ')
    PsiElement(identifier)('name')
    PsiElement(whitespace)(' ')
    PsiElement(::)('::')
    PsiElement(whitespace)(' ')
    PsiElement(proper name)('Email')
    PsiElement(whitespace)(' ')
    PsiElement(->)('->')
    PsiElement(whitespace)(' ')
    PsiElement(proper name)('String')
    PsiElement(whitespace)('\n')
    PsiElement(})('}')
    PsiElement(whitespace)(' ')
    PsiElement(|)('|')
    PsiElement(whitespace)(' ')
    PsiElement(proper name)('B')
    PsiElement(whitespace)(' ')
    PsiElement(identifier)('a')
    PsiElement(whitespace)(' ')
    PsiElement({)('{')
    PsiElement(whitespace)(' ')
    PsiElement(identifier)('kind')
    PsiElement(whitespace)(' ')
    PsiElement(::)('::')
    PsiElement(whitespace)(' ')
    PsiElement(proper name)('String')
    PsiElement(whitespace)(' ')
    PsiElement(})('}')