Purescript File
  PSModuleDeclarationImpl(MODULE_DECLARATION)
    PsiElement(PSTokenType.module)('module')
    PSModuleNameImpl(MODULE_NAME)
      PsiElement(PSTokenType.PROPER_NAME)('A')
    PsiElement(PSTokenType.where)('where')
  PSDeclarationsImpl(DECLARATIONS)
    PSDeclarationImpl(DECLARATION)
      PSDataDeclarationImpl(DATA_DECLARATION)
        PsiElement(PSTokenType.data)('data')
        PSDeclarationTypeImpl(DECLARATION_TYPE)
          PsiElement(PSTokenType.PROPER_NAME)('User9')
        PSIdListImpl(ID_LIST)
          PSDeclarationIdImpl(DECLARATION_ID)
            PsiElement(PSTokenType.ID)('a')
          PSIdListImpl(ID_LIST)
            PSDeclarationIdImpl(DECLARATION_ID)
              PsiElement(PSTokenType.ID)('b')
        PsiElement(PSTokenType.=)('=')
        PSDataDeclarationItemListImpl(DATA_DECLARATION_ITEM_LIST)
          PSDataDeclarationItemImpl(DATA_DECLARATION_ITEM)
            PSTypeListImpl(TYPE_LIST)
              PSDeclarationTypeImpl(DECLARATION_TYPE)
                PsiElement(PSTokenType.PROPER_NAME)('User9')
            PSIdListImpl(ID_LIST)
              PSDeclarationIdImpl(DECLARATION_ID)
                PsiElement(PSTokenType.ID)('a')
            PSDataDeclarationBodyImpl(DATA_DECLARATION_BODY)
              PsiElement(PSTokenType.{)('{')
              PSDataDeclarationTypeDefinitionListImpl(DATA_DECLARATION_TYPE_DEFINITION_LIST)
                PSDataDeclarationTypeDefinitionImpl(DATA_DECLARATION_TYPE_DEFINITION)
                  PsiElement(PSTokenType.ID)('name')
                  PsiElement(PSTokenType.::)('::')
                  PSParenthesisedIdListImpl(PARENTHESISED_ID_LIST)
                    PSDeclarationIdImpl(DECLARATION_ID)
                      PsiElement(PSTokenType.ID)('a')
                  PsiElement(PSTokenType.->)('->')
                  PSParenthesisedIdListImpl(PARENTHESISED_ID_LIST)
                    PSDeclarationIdImpl(DECLARATION_ID)
                      PsiElement(PSTokenType.ID)('b')
              PsiElement(PSTokenType.})('}')