Purescript File
  PSASTWrapperElement(Program)
    PSASTWrapperElement(Module)
      PsiElement(module)('module')
      PsiElement(whitespace)(' ')
      PSASTWrapperElement(Qualified)
        PSASTWrapperElement(ModuleName)
          PsiElement(proper name)('A')
      PsiElement(whitespace)(' ')
      PsiElement(where)('where')
      PsiElement(whitespace)('\n\n')
      PSASTWrapperElement(ImportDeclaration)
        PsiElement(import)('import')
        PsiElement(whitespace)(' ')
        PSASTWrapperElement(Qualified)
          PSASTWrapperElement(ModuleName)
            PsiElement(proper name)('B')
        PsiElement(whitespace)('\n')
      PSASTWrapperElement(ImportDeclaration)
        PsiElement(import)('import')
        PsiElement(whitespace)(' ')
        PSASTWrapperElement(Qualified)
          PSASTWrapperElement(ModuleName)
            PsiElement(proper name)('C')
            PsiElement(.)('.')
          PSASTWrapperElement(ModuleName)
            PsiElement(proper name)('D')
        PsiElement(whitespace)('\n')
      PSASTWrapperElement(ImportDeclaration)
        PsiElement(import)('import')
        PsiElement(whitespace)(' ')
        PSASTWrapperElement(Qualified)
          PSASTWrapperElement(ModuleName)
            PsiElement(proper name)('F')
        PsiElement(whitespace)('\n\n')
      PSASTWrapperElement(DataDeclaration)
        PsiElement(data)('data')
        PsiElement(whitespace)(' ')
        PsiElement(proper name)('User')
        PsiElement(whitespace)(' ')
        PSASTWrapperElement(TypeArgs)
          PsiElement(identifier)('a')