Purescript File
  PSASTWrapperElement(Program)
    PSASTWrapperElement(Module)
      PsiElement(module)('module')
      PsiElement(whitespace)(' ')
      PSASTWrapperElement(Qualified)
        PSASTWrapperElement(ModuleName)
          PsiElement(proper name)('Main')
      PsiElement(whitespace)(' ')
      PsiElement(where)('where')
      PsiElement(whitespace)('\n\n')
      PSASTWrapperElement(NamedBinder)
        <empty list>
      PSASTWrapperElement(ImportDeclaration)
        PsiElement(import)('import')
        PsiElement(whitespace)(' ')
        PSASTWrapperElement(Qualified)
          PSASTWrapperElement(ModuleName)
            PsiElement(proper name)('Control')
            PsiElement(.)('.')
          PSASTWrapperElement(ModuleName)
            PsiElement(proper name)('Monad')
            PsiElement(.)('.')
          PSASTWrapperElement(ModuleName)
            PsiElement(proper name)('Eff')
            PsiElement(.)('.')
          PSASTWrapperElement(ModuleName)
            PsiElement(proper name)('Console')
        PsiElement(whitespace)(' ')
        PsiElement(()('(')
        PSASTWrapperElement(PositionedDeclarationRef)
          PSASTWrapperElement(ValueRef)
            PsiElement(identifier)('log')
        PsiElement())(')')
        PsiElement(whitespace)('\n\n')
      PSASTWrapperElement(DataDeclaration)
        PsiElement(data)('data')
        PsiElement(whitespace)(' ')
        PsiElement(proper name)('Nil')
        PsiElement(whitespace)('\n')
        PSASTWrapperElement(TypeArgs)
          <empty list>
      PSASTWrapperElement(DataDeclaration)
        PsiElement(data)('data')
        PsiElement(whitespace)(' ')
        PsiElement(proper name)('Cons')
        PsiElement(whitespace)(' ')
        PSASTWrapperElement(TypeArgs)
          PsiElement(identifier)('x')
          PsiElement(whitespace)(' ')
          PsiElement(identifier)('xs')
          PsiElement(whitespace)('\n\n')
      PSASTWrapperElement(NamedBinder)
        <empty list>
      PSASTWrapperElement(TypeClassDeclaration)
        PsiElement(class)('class')
        PsiElement(whitespace)(' ')
        PSASTWrapperElement(Qualified)
          PsiElement(proper name)('Append')
          PsiElement(whitespace)(' ')
        PSASTWrapperElement(TypeAtom)
          PSASTWrapperElement(TypeVar)
            PsiElement(identifier)('a')
            PsiElement(whitespace)(' ')
        PSASTWrapperElement(TypeAtom)
          PSASTWrapperElement(TypeVar)
            PsiElement(identifier)('b')
            PsiElement(whitespace)(' ')
        PSASTWrapperElement(TypeAtom)
          PSASTWrapperElement(TypeVar)
            PsiElement(identifier)('c')
            PsiElement(whitespace)(' ')
        PSASTWrapperElement(Implies)
          <empty list>
        PsiElement(|)('|')
        PsiElement(whitespace)(' ')
        PSASTWrapperElement(Type)
          PSASTWrapperElement(TypeAtom)
            PSASTWrapperElement(TypeVar)
              PsiElement(identifier)('a')
              PsiElement(whitespace)(' ')
          PSASTWrapperElement(TypeAtom)
            PSASTWrapperElement(TypeVar)
              PsiElement(identifier)('b')
              PsiElement(whitespace)(' ')
          PsiElement(->)('->')
          PsiElement(whitespace)(' ')
          PSASTWrapperElement(Type)
            PSASTWrapperElement(TypeAtom)
              PSASTWrapperElement(TypeVar)
                PsiElement(identifier)('c')
                PsiElement(whitespace)('\n\n')
      PSASTWrapperElement(NamedBinder)
        <empty list>
      PSASTWrapperElement(TypeInstanceDeclaration)
        PsiElement(instance)('instance')
        PsiElement(whitespace)(' ')
        PsiElement(identifier)('appendNil')
        PsiElement(whitespace)(' ')
        PsiElement(::)('::')
        PsiElement(whitespace)(' ')
        PSASTWrapperElement(Qualified)
          PsiElement(proper name)('Append')
          PsiElement(whitespace)(' ')
        PSASTWrapperElement(TypeAtom)
          PSASTWrapperElement(TypeConstructor)
            PSASTWrapperElement(Qualified)
              PsiElement(proper name)('Nil')
              PsiElement(whitespace)(' ')
        PSASTWrapperElement(TypeAtom)
          PSASTWrapperElement(TypeVar)
            PsiElement(identifier)('b')
            PsiElement(whitespace)(' ')
        PSASTWrapperElement(TypeAtom)
          PSASTWrapperElement(TypeVar)
            PsiElement(identifier)('b')
            PsiElement(whitespace)('\n\n')
      PSASTWrapperElement(NamedBinder)
        <empty list>
      PSASTWrapperElement(TypeInstanceDeclaration)
        PsiElement(instance)('instance')
        PsiElement(whitespace)(' ')
        PsiElement(identifier)('appendCons')
        PsiElement(whitespace)(' ')
        PsiElement(::)('::')
        PsiElement(whitespace)(' ')
        PSASTWrapperElement(Qualified)
          PsiElement(proper name)('Append')
          PsiElement(whitespace)(' ')
        PSASTWrapperElement(TypeAtom)
          PSASTWrapperElement(TypeVar)
            PsiElement(identifier)('xs')
            PsiElement(whitespace)(' ')
        PSASTWrapperElement(TypeAtom)
          PSASTWrapperElement(TypeVar)
            PsiElement(identifier)('b')
            PsiElement(whitespace)(' ')
        PSASTWrapperElement(TypeAtom)
          PSASTWrapperElement(TypeVar)
            PsiElement(identifier)('c')
            PsiElement(whitespace)(' ')
        PsiElement(=>)('=>')
        PsiElement(whitespace)(' ')
        PSASTWrapperElement(ClassName)
          PSASTWrapperElement(Qualified)
            PsiElement(proper name)('Append')
            PsiElement(whitespace)(' ')
        PSASTWrapperElement(TypeAtom)
          PsiElement(()('(')
          PSASTWrapperElement(Type)
            PSASTWrapperElement(TypeAtom)
              PSASTWrapperElement(TypeConstructor)
                PSASTWrapperElement(Qualified)
                  PsiElement(proper name)('Cons')
                  PsiElement(whitespace)(' ')
            PSASTWrapperElement(TypeAtom)
              PSASTWrapperElement(TypeVar)
                PsiElement(identifier)('x')
                PsiElement(whitespace)(' ')
            PSASTWrapperElement(TypeAtom)
              PSASTWrapperElement(TypeVar)
                PsiElement(identifier)('xs')
          PsiElement())(')')
          PsiElement(whitespace)(' ')
        PSASTWrapperElement(TypeAtom)
          PSASTWrapperElement(TypeVar)
            PsiElement(identifier)('b')
            PsiElement(whitespace)(' ')
        PSASTWrapperElement(TypeAtom)
          PsiElement(()('(')
          PSASTWrapperElement(Type)
            PSASTWrapperElement(TypeAtom)
              PSASTWrapperElement(TypeConstructor)
                PSASTWrapperElement(Qualified)
                  PsiElement(proper name)('Cons')
                  PsiElement(whitespace)(' ')
            PSASTWrapperElement(TypeAtom)
              PSASTWrapperElement(TypeVar)
                PsiElement(identifier)('x')
                PsiElement(whitespace)(' ')
            PSASTWrapperElement(TypeAtom)
              PSASTWrapperElement(TypeVar)
                PsiElement(identifier)('c')
          PsiElement())(')')
          PsiElement(whitespace)('\n\n')
      PSASTWrapperElement(DataDeclaration)
        PsiElement(data)('data')
        PsiElement(whitespace)(' ')
        PsiElement(proper name)('Proxy')
        PsiElement(whitespace)(' ')
        PSASTWrapperElement(TypeArgs)
          PsiElement(identifier)('a')
          PsiElement(whitespace)(' ')
        PsiElement(=)('=')
        PsiElement(whitespace)(' ')
        PsiElement(proper name)('Proxy')
        PsiElement(whitespace)('\n\n')
      PSASTWrapperElement(TypeDeclaration)
        PsiElement(identifier)('appendProxy')
        PsiElement(whitespace)(' ')
        PsiElement(::)('::')
        PsiElement(whitespace)(' ')
        PSASTWrapperElement(Type)
          PSASTWrapperElement(TypeAtom)
            PSASTWrapperElement(ForAll)
              PsiElement(forall)('forall')
              PsiElement(whitespace)(' ')
              PsiElement(identifier)('a')
              PsiElement(whitespace)(' ')
              PsiElement(identifier)('b')
              PsiElement(whitespace)(' ')
              PsiElement(identifier)('c')
              PsiElement(.)('.')
              PsiElement(whitespace)(' ')
              PSASTWrapperElement(ConstrainedType)
                PSASTWrapperElement(Type)
                  PSASTWrapperElement(TypeAtom)
                    PSASTWrapperElement(TypeConstructor)
                      PSASTWrapperElement(Qualified)
                        PsiElement(proper name)('Append')
                        PsiElement(whitespace)(' ')
                  PSASTWrapperElement(TypeAtom)
                    PSASTWrapperElement(TypeVar)
                      PsiElement(identifier)('a')
                      PsiElement(whitespace)(' ')
                  PSASTWrapperElement(TypeAtom)
                    PSASTWrapperElement(TypeVar)
                      PsiElement(identifier)('b')
                      PsiElement(whitespace)(' ')
                  PSASTWrapperElement(TypeAtom)
                    PSASTWrapperElement(TypeVar)
                      PsiElement(identifier)('c')
                      PsiElement(whitespace)(' ')
                  PsiElement(=>)('=>')
                  PsiElement(whitespace)(' ')
                  PSASTWrapperElement(Type)
                    PSASTWrapperElement(TypeAtom)
                      PSASTWrapperElement(TypeConstructor)
                        PSASTWrapperElement(Qualified)
                          PsiElement(proper name)('Proxy')
                          PsiElement(whitespace)(' ')
                    PSASTWrapperElement(TypeAtom)
                      PSASTWrapperElement(TypeVar)
                        PsiElement(identifier)('a')
                        PsiElement(whitespace)(' ')
                    PsiElement(->)('->')
                    PsiElement(whitespace)(' ')
                    PSASTWrapperElement(Type)
                      PSASTWrapperElement(TypeAtom)
                        PSASTWrapperElement(TypeConstructor)
                          PSASTWrapperElement(Qualified)
                            PsiElement(proper name)('Proxy')
                            PsiElement(whitespace)(' ')
                      PSASTWrapperElement(TypeAtom)
                        PSASTWrapperElement(TypeVar)
                          PsiElement(identifier)('b')
                          PsiElement(whitespace)(' ')
                      PsiElement(->)('->')
                      PsiElement(whitespace)(' ')
                      PSASTWrapperElement(Type)
                        PSASTWrapperElement(TypeAtom)
                          PSASTWrapperElement(TypeConstructor)
                            PSASTWrapperElement(Qualified)
                              PsiElement(proper name)('Proxy')
                              PsiElement(whitespace)(' ')
                        PSASTWrapperElement(TypeAtom)
                          PSASTWrapperElement(TypeVar)
                            PsiElement(identifier)('c')
                            PsiElement(whitespace)('\n')
      PSASTWrapperElement(ValueDeclaration)
        PsiElement(identifier)('appendProxy')
        PsiElement(whitespace)(' ')
        PSASTWrapperElement(NamedBinder)
          <empty list>
        PSASTWrapperElement(Binder)
          PSASTWrapperElement(ConstructorBinder)
            PSASTWrapperElement(Qualified)
              PsiElement(proper name)('Proxy')
              PsiElement(whitespace)(' ')
        PSASTWrapperElement(Binder)
          PSASTWrapperElement(ConstructorBinder)
            PSASTWrapperElement(Qualified)
              PsiElement(proper name)('Proxy')
              PsiElement(whitespace)(' ')
        PsiElement(=)('=')
        PsiElement(whitespace)(' ')
        PSASTWrapperElement(Value)
          PSASTWrapperElement(PrefixValue)
            PSASTWrapperElement(Constructor)
              PSASTWrapperElement(Qualified)
                PsiElement(proper name)('Proxy')
                PsiElement(whitespace)('\n\n')
      PSASTWrapperElement(ValueDeclaration)
        PsiElement(identifier)('test')
        PsiElement(whitespace)(' ')
        PSASTWrapperElement(NamedBinder)
          <empty list>
        PsiElement(=)('=')
        PsiElement(whitespace)(' ')
        PSASTWrapperElement(Value)
          PSASTWrapperElement(PrefixValue)
            PSASTWrapperElement(Var)
              PSASTWrapperElement(Qualified)
                PsiElement(identifier)('appendProxy')
                PsiElement(whitespace)(' ')
            PSASTWrapperElement(Parens)
              PsiElement(()('(')
              PSASTWrapperElement(Value)
                PSASTWrapperElement(PrefixValue)
                  PSASTWrapperElement(Constructor)
                    PSASTWrapperElement(Qualified)
                      PsiElement(proper name)('Proxy')
                      PsiElement(whitespace)(' ')
                  PsiElement(::)('::')
                  PsiElement(whitespace)(' ')
                  PSASTWrapperElement(Type)
                    PSASTWrapperElement(TypeAtom)
                      PSASTWrapperElement(TypeConstructor)
                        PSASTWrapperElement(Qualified)
                          PsiElement(proper name)('Proxy')
                          PsiElement(whitespace)(' ')
                    PSASTWrapperElement(TypeAtom)
                      PsiElement(()('(')
                      PSASTWrapperElement(Type)
                        PSASTWrapperElement(TypeAtom)
                          PSASTWrapperElement(TypeConstructor)
                            PSASTWrapperElement(Qualified)
                              PsiElement(proper name)('Cons')
                              PsiElement(whitespace)(' ')
                        PSASTWrapperElement(TypeAtom)
                          PSASTWrapperElement(TypeConstructor)
                            PSASTWrapperElement(Qualified)
                              PsiElement(proper name)('Int')
                              PsiElement(whitespace)(' ')
                        PSASTWrapperElement(TypeAtom)
                          PSASTWrapperElement(TypeConstructor)
                            PSASTWrapperElement(Qualified)
                              PsiElement(proper name)('Nil')
                      PsiElement())(')')
              PsiElement())(')')
              PsiElement(whitespace)(' ')
            PSASTWrapperElement(Parens)
              PsiElement(()('(')
              PSASTWrapperElement(Value)
                PSASTWrapperElement(PrefixValue)
                  PSASTWrapperElement(Constructor)
                    PSASTWrapperElement(Qualified)
                      PsiElement(proper name)('Proxy')
                      PsiElement(whitespace)(' ')
                  PsiElement(::)('::')
                  PsiElement(whitespace)(' ')
                  PSASTWrapperElement(Type)
                    PSASTWrapperElement(TypeAtom)
                      PSASTWrapperElement(TypeConstructor)
                        PSASTWrapperElement(Qualified)
                          PsiElement(proper name)('Proxy')
                          PsiElement(whitespace)(' ')
                    PSASTWrapperElement(TypeAtom)
                      PsiElement(()('(')
                      PSASTWrapperElement(Type)
                        PSASTWrapperElement(TypeAtom)
                          PSASTWrapperElement(TypeConstructor)
                            PSASTWrapperElement(Qualified)
                              PsiElement(proper name)('Cons')
                              PsiElement(whitespace)(' ')
                        PSASTWrapperElement(TypeAtom)
                          PSASTWrapperElement(TypeConstructor)
                            PSASTWrapperElement(Qualified)
                              PsiElement(proper name)('String')
                              PsiElement(whitespace)(' ')
                        PSASTWrapperElement(TypeAtom)
                          PSASTWrapperElement(TypeConstructor)
                            PSASTWrapperElement(Qualified)
                              PsiElement(proper name)('Nil')
                      PsiElement())(')')
              PsiElement())(')')
              PsiElement(whitespace)('\n\n')
      PSASTWrapperElement(ValueDeclaration)
        PsiElement(identifier)('main')
        PsiElement(whitespace)(' ')
        PSASTWrapperElement(NamedBinder)
          <empty list>
        PsiElement(=)('=')
        PsiElement(whitespace)(' ')
        PSASTWrapperElement(Value)
          PSASTWrapperElement(PrefixValue)
            PSASTWrapperElement(Var)
              PSASTWrapperElement(Qualified)
                PsiElement(identifier)('log')
                PsiElement(whitespace)(' ')
            PSASTWrapperElement(StringLiteral)
              PsiElement(string)('"Done"')