Purescript File
  PSModuleDeclarationImpl(MODULE_DECLARATION)
    PsiElement(PSTokenType.module)('module')
    PSModuleNameImpl(MODULE_NAME)
      PsiElement(PSTokenType.PROPER_NAME)('A')
    PsiElement(PSTokenType.where)('where')
  PSDeclarationsImpl(DECLARATIONS)
    PSDeclarationImpl(DECLARATION)
      PSImportDeclarationImpl(IMPORT_DECLARATION)
        PsiElement(PSTokenType.import)('import')
        PSImportNameImpl(IMPORT_NAME)
          PsiElement(PSTokenType.PROPER_NAME)('Data')
          PsiElement(PSTokenType..)('.')
          PSImportNameImpl(IMPORT_NAME)
            PsiElement(PSTokenType.PROPER_NAME)('Management')
            PSDeclarationRefsImpl(DECLARATION_REFS)
              PsiElement(PSTokenType.()('(')
              PSDeclarationRefListImpl(DECLARATION_REF_LIST)
                PSDeclarationRefTypeImpl(DECLARATION_REF_TYPE)
                  PsiElement(PSTokenType.PROPER_NAME)('Main')
                PsiElement(PSTokenType.,)(',')
                PSDeclarationRefListImpl(DECLARATION_REF_LIST)
                  PSDeclarationRefIdImpl(DECLARATION_REF_ID)
                    PsiElement(PSTokenType.ID)('main')
                  PsiElement(PSTokenType.,)(',')
                  PSDeclarationRefListImpl(DECLARATION_REF_LIST)
                    PSDeclarationRefIdImpl(DECLARATION_REF_ID)
                      PsiElement(PSTokenType.ID)('x')
                    PsiElement(PSTokenType.,)(',')
                    PSDeclarationRefListImpl(DECLARATION_REF_LIST)
                      PSDeclarationRefTypeConstructorImpl(DECLARATION_REF_TYPE_CONSTRUCTOR)
                        PSDeclarationRefTypeImpl(DECLARATION_REF_TYPE)
                          PsiElement(PSTokenType.PROPER_NAME)('User')
                        PsiElement(PSTokenType.()('(')
                        PsiElement(PSTokenType...)('..')
                        PsiElement(PSTokenType.))(')')
                      PsiElement(PSTokenType.,)(',')
                      PSDeclarationRefListImpl(DECLARATION_REF_LIST)
                        PSDeclarationRefTypeConstructorImpl(DECLARATION_REF_TYPE_CONSTRUCTOR)
                          PSDeclarationRefTypeImpl(DECLARATION_REF_TYPE)
                            PsiElement(PSTokenType.PROPER_NAME)('Data')
                          PsiElement(PSTokenType.()('(')
                          PSDeclarationRefTypeConstructorItemImpl(DECLARATION_REF_TYPE_CONSTRUCTOR_ITEM)
                            PsiElement(PSTokenType.PROPER_NAME)('Label')
                          PsiElement(PSTokenType.))(')')
              PsiElement(PSTokenType.))(')')