Purescript File
  PSASTWrapperElement(Program)
    PSASTWrapperElement(Module)
      PsiElement(module)('module')
      PsiElement(whitespace)(' ')
      PSASTWrapperElement(Qualified)
        PSASTWrapperElement(ModuleName)
          PsiElement(proper name)('Main')
      PsiElement(whitespace)(' ')
      PsiElement(where)('where')
      PsiElement(whitespace)('\n\n')
      PSASTWrapperElement(ImportDeclaration)
        PsiElement(import)('import')
        PsiElement(whitespace)(' ')
        PSASTWrapperElement(Qualified)
          PSASTWrapperElement(ModuleName)
            PsiElement(proper name)('Control')
            PsiElement(.)('.')
          PSASTWrapperElement(ModuleName)
            PsiElement(proper name)('Monad')
            PsiElement(.)('.')
          PSASTWrapperElement(ModuleName)
            PsiElement(proper name)('Eff')
            PsiElement(.)('.')
          PSASTWrapperElement(ModuleName)
            PsiElement(proper name)('Console')
        PsiElement(whitespace)('\n')
      PSASTWrapperElement(ImportDeclaration)
        PsiElement(import)('import')
        PsiElement(whitespace)(' ')
        PSASTWrapperElement(Qualified)
          PSASTWrapperElement(ModuleName)
            PsiElement(proper name)('Prelude')
        PsiElement(whitespace)(' ')
        PsiElement(hiding)('hiding')
        PsiElement(whitespace)(' ')
        PsiElement(()('(')
        PsiElement(whitespace)('\n  ')
        PSASTWrapperElement(PositionedDeclarationRef)
          PSASTWrapperElement(ValueRef)
            PsiElement(identifier)('show')
        PsiElement(,)(',')
        PsiElement(whitespace)(' -- a value\n  ')
        PSASTWrapperElement(PositionedDeclarationRef)
          PsiElement(class)('class')
          PsiElement(whitespace)(' ')
          PSASTWrapperElement(ClassName)
            PSASTWrapperElement(Qualified)
              PsiElement(proper name)('Show')
        PsiElement(,)(',')
        PsiElement(whitespace)(' -- a type class\n  ')
        PSASTWrapperElement(PositionedDeclarationRef)
          PsiElement(proper name)('Unit')
          PsiElement(()('(')
          PsiElement(..)('..')
          PsiElement())(')')
          PsiElement(whitespace)('  -- a constructor\n  ')
        PsiElement())(')')
        PsiElement(whitespace)('\n\n')
      PSASTWrapperElement(ValueDeclaration)
        PsiElement(identifier)('show')
        PsiElement(whitespace)(' ')
        PsiElement(=)('=')
        PsiElement(whitespace)(' ')
        PSASTWrapperElement(Value)
          PSASTWrapperElement(PrefixValue)
            PSASTWrapperElement(NumericLiteral)
              PsiElement(float)('1.0')
              PsiElement(whitespace)('\n\n')
      PSASTWrapperElement(TypeClassDeclaration)
        PsiElement(class)('class')
        PsiElement(whitespace)(' ')
        PSASTWrapperElement(ClassName)
          PsiElement(proper name)('Show')
          PsiElement(whitespace)(' ')
        PsiElement(identifier)('a')
        PsiElement(whitespace)(' ')
        PsiElement(where)('where')
        PsiElement(whitespace)('\n  ')
        PSASTWrapperElement(TypeDeclaration)
          PsiElement(identifier)('noshow')
          PsiElement(whitespace)(' ')
          PsiElement(::)('::')
          PsiElement(whitespace)(' ')
          PSASTWrapperElement(Type)
            PSASTWrapperElement(TypeAtom)
              PSASTWrapperElement(TypeVar)
                PsiElement(identifier)('a')
                PsiElement(whitespace)(' ')
            PsiElement(->)('->')
            PsiElement(whitespace)(' ')
            PSASTWrapperElement(Type)
              PSASTWrapperElement(TypeAtom)
                PSASTWrapperElement(TypeVar)
                  PsiElement(identifier)('a')
                  PsiElement(whitespace)('\n\n')
      PSASTWrapperElement(DataDeclaration)
        PsiElement(data)('data')
        PsiElement(whitespace)(' ')
        PsiElement(proper name)('Unit')
        PsiElement(whitespace)(' ')
        PSASTWrapperElement(TypeArgs)
          <empty list>
        PsiElement(=)('=')
        PsiElement(whitespace)(' ')
        PsiElement(proper name)('X')
        PsiElement(whitespace)(' ')
        PsiElement(|)('|')
        PsiElement(whitespace)(' ')
        PsiElement(proper name)('Y')
        PsiElement(whitespace)('\n\n')
      PSASTWrapperElement(ValueDeclaration)
        PsiElement(identifier)('main')
        PsiElement(whitespace)(' ')
        PsiElement(=)('=')
        PsiElement(whitespace)(' ')
        PSASTWrapperElement(Value)
          PSASTWrapperElement(PrefixValue)
            PsiElement(do)('do')
            PsiElement(whitespace)('\n  ')
            PSASTWrapperElement(DoNotationValue)
              PSASTWrapperElement(Value)
                PSASTWrapperElement(PrefixValue)
                  PSASTWrapperElement(Var)
                    PSASTWrapperElement(Qualified)
                      PsiElement(identifier)('logShow')
                      PsiElement(whitespace)(' ')
                  PSASTWrapperElement(Var)
                    PSASTWrapperElement(Qualified)
                      PsiElement(identifier)('show')
                      PsiElement(whitespace)('\n  ')
            PSASTWrapperElement(DoNotationValue)
              PSASTWrapperElement(Value)
                PSASTWrapperElement(PrefixValue)
                  PSASTWrapperElement(Var)
                    PSASTWrapperElement(Qualified)
                      PsiElement(identifier)('log')
                      PsiElement(whitespace)(' ')
                  PSASTWrapperElement(StringLiteral)
                    PsiElement(string)('"Done"')