Purescript File
  PSModuleDeclarationImpl(MODULE_DECLARATION)
    PsiElement(PSTokenType.module)('module')
    PSModuleNameImpl(MODULE_NAME)
      PsiElement(PSTokenType.PROPER_NAME)('Hello')
    PSModuleExportsImpl(MODULE_EXPORTS)
      PsiElement(PSTokenType.()('(')
      PSModuleExportImpl(MODULE_EXPORT)
        PSModuleExportIdImpl(MODULE_EXPORT_ID)
          PsiElement(PSTokenType.ID)('main')
        PsiElement(PSTokenType.,)(',')
        PSModuleExportImpl(MODULE_EXPORT)
          PSModuleExportModuleNameImpl(MODULE_EXPORT_MODULE_NAME)
            PsiElement(PSTokenType.module)('module')
            PsiElement(PSTokenType.PROPER_NAME)('A')
          PsiElement(PSTokenType.,)(',')
          PSModuleExportImpl(MODULE_EXPORT)
            PSModuleExportTypeImpl(MODULE_EXPORT_TYPE)
              PsiElement(PSTokenType.PROPER_NAME)('Label')
            PsiElement(PSTokenType.,)(',')
            PSModuleExportImpl(MODULE_EXPORT)
              PSModuleExportTypeConstructorImpl(MODULE_EXPORT_TYPE_CONSTRUCTOR)
                PSModuleExportTypeImpl(MODULE_EXPORT_TYPE)
                  PsiElement(PSTokenType.PROPER_NAME)('User')
                PsiElement(PSTokenType.()('(')
                PsiElement(PSTokenType...)('..')
                PsiElement(PSTokenType.))(')')
              PsiElement(PSTokenType.,)(',')
              PSModuleExportImpl(MODULE_EXPORT)
                PSModuleExportTypeConstructorImpl(MODULE_EXPORT_TYPE_CONSTRUCTOR)
                  PSModuleExportTypeImpl(MODULE_EXPORT_TYPE)
                    PsiElement(PSTokenType.PROPER_NAME)('Core')
                  PsiElement(PSTokenType.()('(')
                  PSModuleExportTypeConstructorItemImpl(MODULE_EXPORT_TYPE_CONSTRUCTOR_ITEM)
                    PsiElement(PSTokenType.PROPER_NAME)('Main')
                    PsiElement(PSTokenType.,)(',')
                    PsiElement(PSTokenType.PROPER_NAME)('Data')
                  PsiElement(PSTokenType.))(')')
      PsiElement(PSTokenType.))(')')
    PsiElement(PSTokenType.where)('where')