Purescript File
  PSASTWrapperElement(Program)
    PSASTWrapperElement(Module)
      PsiElement(module)('module')
      PsiElement(whitespace)(' ')
      PSASTWrapperElement(Qualified)
        PSASTWrapperElement(ModuleName)
          PsiElement(proper name)('Main')
      PsiElement(whitespace)(' ')
      PsiElement(where)('where')
      PsiElement(whitespace)('\n\n')
      PSASTWrapperElement(ImportDeclaration)
        PsiElement(import)('import')
        PsiElement(whitespace)(' ')
        PSASTWrapperElement(Qualified)
          PSASTWrapperElement(ModuleName)
            PsiElement(proper name)('Prelude')
        PsiElement(whitespace)('\n')
      PSASTWrapperElement(ImportDeclaration)
        PsiElement(import)('import')
        PsiElement(whitespace)(' ')
        PSASTWrapperElement(Qualified)
          PSASTWrapperElement(ModuleName)
            PsiElement(proper name)('Control')
            PsiElement(.)('.')
          PSASTWrapperElement(ModuleName)
            PsiElement(proper name)('Monad')
            PsiElement(.)('.')
          PSASTWrapperElement(ModuleName)
            PsiElement(proper name)('Eff')
            PsiElement(.)('.')
          PSASTWrapperElement(ModuleName)
            PsiElement(proper name)('Console')
        PsiElement(whitespace)(' ')
        PsiElement(()('(')
        PSASTWrapperElement(PositionedDeclarationRef)
          PSASTWrapperElement(ValueRef)
            PsiElement(identifier)('log')
        PsiElement())(')')
        PsiElement(whitespace)('\n\n')
      PSASTWrapperElement(TypeClassDeclaration)
        PsiElement(class)('class')
        PsiElement(whitespace)(' ')
        PSASTWrapperElement(Qualified)
          PsiElement(proper name)('NullaryTypeClass')
          PsiElement(whitespace)(' ')
        PSASTWrapperElement(Implies)
          <empty list>
        PsiElement(where)('where')
        PsiElement(whitespace)('\n  ')
        PSASTWrapperElement(TypeDeclaration)
          PsiElement(identifier)('greeting')
          PsiElement(whitespace)(' ')
          PsiElement(::)('::')
          PsiElement(whitespace)(' ')
          PSASTWrapperElement(Type)
            PSASTWrapperElement(TypeAtom)
              PSASTWrapperElement(TypeConstructor)
                PSASTWrapperElement(Qualified)
                  PsiElement(proper name)('String')
                  PsiElement(whitespace)('\n\n')
      PSASTWrapperElement(TypeInstanceDeclaration)
        PsiElement(instance)('instance')
        PsiElement(whitespace)(' ')
        PsiElement(identifier)('nullaryTypeClass')
        PsiElement(whitespace)(' ')
        PsiElement(::)('::')
        PsiElement(whitespace)(' ')
        PSASTWrapperElement(Qualified)
          PsiElement(proper name)('NullaryTypeClass')
          PsiElement(whitespace)(' ')
        PsiElement(where)('where')
        PsiElement(whitespace)('\n  ')
        PSASTWrapperElement(ValueDeclaration)
          PsiElement(identifier)('greeting')
          PsiElement(whitespace)(' ')
          PsiElement(=)('=')
          PsiElement(whitespace)(' ')
          PSASTWrapperElement(Value)
            PSASTWrapperElement(PrefixValue)
              PSASTWrapperElement(StringLiteral)
                PsiElement(string)('"Hello, World!"')
                PsiElement(whitespace)('\n\n')
      PSASTWrapperElement(TypeClassDeclaration)
        PsiElement(class)('class')
        PsiElement(whitespace)(' ')
        PSASTWrapperElement(Qualified)
          PsiElement(proper name)('Coerce')
          PsiElement(whitespace)(' ')
        PSASTWrapperElement(TypeAtom)
          PSASTWrapperElement(TypeVar)
            PsiElement(identifier)('a')
            PsiElement(whitespace)(' ')
        PSASTWrapperElement(TypeAtom)
          PSASTWrapperElement(TypeVar)
            PsiElement(identifier)('b')
            PsiElement(whitespace)(' ')
        PSASTWrapperElement(Implies)
          <empty list>
        PsiElement(where)('where')
        PsiElement(whitespace)('\n  ')
        PSASTWrapperElement(TypeDeclaration)
          PsiElement(identifier)('coerce')
          PsiElement(whitespace)(' ')
          PsiElement(::)('::')
          PsiElement(whitespace)(' ')
          PSASTWrapperElement(Type)
            PSASTWrapperElement(TypeAtom)
              PSASTWrapperElement(TypeVar)
                PsiElement(identifier)('a')
                PsiElement(whitespace)(' ')
            PsiElement(->)('->')
            PsiElement(whitespace)(' ')
            PSASTWrapperElement(Type)
              PSASTWrapperElement(TypeAtom)
                PSASTWrapperElement(TypeVar)
                  PsiElement(identifier)('b')
                  PsiElement(whitespace)('\n\n')
      PSASTWrapperElement(TypeInstanceDeclaration)
        PsiElement(instance)('instance')
        PsiElement(whitespace)(' ')
        PsiElement(identifier)('coerceRefl')
        PsiElement(whitespace)(' ')
        PsiElement(::)('::')
        PsiElement(whitespace)(' ')
        PSASTWrapperElement(Qualified)
          PsiElement(proper name)('Coerce')
          PsiElement(whitespace)(' ')
        PSASTWrapperElement(TypeAtom)
          PSASTWrapperElement(TypeVar)
            PsiElement(identifier)('a')
            PsiElement(whitespace)(' ')
        PSASTWrapperElement(TypeAtom)
          PSASTWrapperElement(TypeVar)
            PsiElement(identifier)('a')
            PsiElement(whitespace)(' ')
        PsiElement(where)('where')
        PsiElement(whitespace)('\n  ')
        PSASTWrapperElement(ValueDeclaration)
          PsiElement(identifier)('coerce')
          PsiElement(whitespace)(' ')
          PSASTWrapperElement(Binder)
            PSASTWrapperElement(VarBinder)
              PsiElement(identifier)('a')
              PsiElement(whitespace)(' ')
          PsiElement(=)('=')
          PsiElement(whitespace)(' ')
          PSASTWrapperElement(Value)
            PSASTWrapperElement(PrefixValue)
              PSASTWrapperElement(Var)
                PSASTWrapperElement(Qualified)
                  PsiElement(identifier)('a')
                  PsiElement(whitespace)('\n\n')
      PSASTWrapperElement(TypeInstanceDeclaration)
        PsiElement(instance)('instance')
        PsiElement(whitespace)(' ')
        PsiElement(identifier)('coerceShow')
        PsiElement(whitespace)(' ')
        PsiElement(::)('::')
        PsiElement(whitespace)(' ')
        PSASTWrapperElement(Qualified)
          PsiElement(proper name)('Show')
          PsiElement(whitespace)(' ')
        PSASTWrapperElement(TypeAtom)
          PSASTWrapperElement(TypeVar)
            PsiElement(identifier)('a')
            PsiElement(whitespace)(' ')
        PsiElement(=>)('=>')
        PsiElement(whitespace)(' ')
        PSASTWrapperElement(ClassName)
          PSASTWrapperElement(Qualified)
            PsiElement(proper name)('Coerce')
            PsiElement(whitespace)(' ')
        PSASTWrapperElement(TypeAtom)
          PSASTWrapperElement(TypeVar)
            PsiElement(identifier)('a')
            PsiElement(whitespace)(' ')
        PSASTWrapperElement(TypeAtom)
          PSASTWrapperElement(TypeConstructor)
            PSASTWrapperElement(Qualified)
              PsiElement(proper name)('String')
              PsiElement(whitespace)(' ')
        PsiElement(where)('where')
        PsiElement(whitespace)('\n  ')
        PSASTWrapperElement(ValueDeclaration)
          PsiElement(identifier)('coerce')
          PsiElement(whitespace)(' ')
          PsiElement(=)('=')
          PsiElement(whitespace)(' ')
          PSASTWrapperElement(Value)
            PSASTWrapperElement(PrefixValue)
              PSASTWrapperElement(Var)
                PSASTWrapperElement(Qualified)
                  PsiElement(identifier)('show')
                  PsiElement(whitespace)('\n\n')
      PSASTWrapperElement(ValueDeclaration)
        PsiElement(identifier)('main')
        PsiElement(whitespace)(' ')
        PsiElement(=)('=')
        PsiElement(whitespace)(' ')
        PSASTWrapperElement(Value)
          PSASTWrapperElement(PrefixValue)
            PSASTWrapperElement(Var)
              PSASTWrapperElement(Qualified)
                PsiElement(identifier)('log')
                PsiElement(whitespace)(' ')
            PSASTWrapperElement(StringLiteral)
              PsiElement(string)('"Done"')