Purescript File
  PSModuleDeclarationImpl(MODULE_DECLARATION)
    PsiElement(PSTokenType.module)('module')
    PSModuleNameImpl(MODULE_NAME)
      PsiElement(PSTokenType.PROPER_NAME)('A')
    PsiElement(PSTokenType.where)('where')
  PSDeclarationsImpl(DECLARATIONS)
    PSDeclarationImpl(DECLARATION)
      PSNewTypeDeclarationImpl(NEW_TYPE_DECLARATION)
        PsiElement(PSTokenType.newtype)('newtype')
        PSDeclarationRefTypeImpl(DECLARATION_REF_TYPE)
          PsiElement(PSTokenType.PROPER_NAME)('User4')
        PSDeclarationRefIdListImpl(DECLARATION_REF_ID_LIST)
          PSDeclarationRefIdImpl(DECLARATION_REF_ID)
            PsiElement(PSTokenType.ID)('a')
        PsiElement(PSTokenType.=)('=')
        PSDataDeclarationItemImpl(DATA_DECLARATION_ITEM)
          PSDeclarationRefTypeListImpl(DECLARATION_REF_TYPE_LIST)
            PSDeclarationRefTypeImpl(DECLARATION_REF_TYPE)
              PsiElement(PSTokenType.PROPER_NAME)('NoOp3')
          PSDeclarationRefIdListImpl(DECLARATION_REF_ID_LIST)
            PSDeclarationRefIdImpl(DECLARATION_REF_ID)
              PsiElement(PSTokenType.ID)('a')