Purescript File
  PSASTWrapperElement(Program)
    PSASTWrapperElement(Module)
      PsiElement(module)('module')
      PsiElement(whitespace)(' ')
      PSASTWrapperElement(Qualified)
        PSASTWrapperElement(ModuleName)
          PsiElement(proper name)('A')
      PsiElement(whitespace)(' ')
      PsiElement(where)('where')
      PsiElement(whitespace)('\n\n')
      PsiElement(newtype)('newtype')
      PsiElement(whitespace)(' ')
      PsiElement(proper name)('User3')
      PsiElement(whitespace)(' ')
      PsiElement(=)('=')
      PsiElement(whitespace)(' ')
      PsiElement(proper name)('NoOp2')
      PsiErrorElement:Expecting proper name or TypeAtom
        <empty list>