Purescript File
  PSASTWrapperElement(Program)
    PSASTWrapperElement(Module)
      PsiElement(module)('module')
      PsiElement(whitespace)(' ')
      PSASTWrapperElement(Qualified)
        PSASTWrapperElement(ModuleName)
          PsiElement(proper name)('A')
      PsiElement(whitespace)(' ')
      PsiElement(where)('where')
      PsiElement(whitespace)('\n\n')
      PSASTWrapperElement(NewtypeDeclaration)
        PsiElement(newtype)('newtype')
        PsiElement(whitespace)(' ')
        PsiElement(proper name)('Ta')
        PsiElement(whitespace)(' ')
        PsiElement(identifier)('a')
        PsiElement(whitespace)(' ')
        PsiElement(=)('=')
        PsiElement(whitespace)(' ')
        PsiElement(proper name)('Ta')
        PsiElement(whitespace)(' ')
        PSASTWrapperElement(TypeAtom)
          PsiElement(()('(')
          PSASTWrapperElement(Type)
            PSASTWrapperElement(TypeAtom)
              PSASTWrapperElement(TypeConstructor)
                PSASTWrapperElement(Qualified)
                  PsiElement(proper name)('Eff')
                  PsiElement(whitespace)(' ')
            PSASTWrapperElement(TypeAtom)
              PsiElement(()('(')
              PSASTWrapperElement(Row)
                PSASTWrapperElement(identifier)
                  PsiElement(identifier)('console')
                PsiElement(whitespace)(' ')
                PsiElement(::)('::')
                PsiElement(whitespace)(' ')
                PSASTWrapperElement(Type)
                  PSASTWrapperElement(TypeAtom)
                    PSASTWrapperElement(TypeConstructor)
                      PSASTWrapperElement(Qualified)
                        PsiElement(proper name)('CONSOLE')
              PsiElement())(')')
              PsiElement(whitespace)(' ')
            PSASTWrapperElement(TypeAtom)
              PSASTWrapperElement(TypeVar)
                PsiElement(identifier)('a')
          PsiElement())(')')