Purescript File
  PSModuleDeclarationImpl(MODULE_DECLARATION)
    PsiElement(PSTokenType.module)('module')
    PSModuleNameImpl(MODULE_NAME)
      PsiElement(PSTokenType.PROPER_NAME)('A')
    PsiElement(PSTokenType.where)('where')
  PSDeclarationsImpl(DECLARATIONS)
    PSDeclarationImpl(DECLARATION)
      PSNewTypeDeclarationImpl(NEW_TYPE_DECLARATION)
        PsiElement(PSTokenType.newtype)('newtype')
        PSDeclarationTypeImpl(DECLARATION_TYPE)
          PsiElement(PSTokenType.PROPER_NAME)('Cool')
        PSIdListImpl(ID_LIST)
          PSDeclarationIdImpl(DECLARATION_ID)
            PsiElement(PSTokenType.ID)('a')
          PSIdListImpl(ID_LIST)
            PSDeclarationIdImpl(DECLARATION_ID)
              PsiElement(PSTokenType.ID)('b')
            PSIdListImpl(ID_LIST)
              PSDeclarationIdImpl(DECLARATION_ID)
                PsiElement(PSTokenType.ID)('c')
        PsiElement(PSTokenType.=)('=')
        PSDataDeclarationItemImpl(DATA_DECLARATION_ITEM)
          PSTypeListImpl(TYPE_LIST)
            PSDeclarationTypeImpl(DECLARATION_TYPE)
              PsiElement(PSTokenType.PROPER_NAME)('Cool')
          PSDataDeclarationBodyImpl(DATA_DECLARATION_BODY)
            PsiElement(PSTokenType.{)('{')
            PSDataDeclarationTypeDefinitionListImpl(DATA_DECLARATION_TYPE_DEFINITION_LIST)
              PSDataDeclarationTypeDefinitionImpl(DATA_DECLARATION_TYPE_DEFINITION)
                PsiElement(PSTokenType.ID)('name')
                PsiElement(PSTokenType.::)('::')
                PsiElement(PSTokenType.()('(')
                PSParenthesisedTypeThenIdListImpl(PARENTHESISED_TYPE_THEN_ID_LIST)
                  PSParenthesisedTypeListImpl(PARENTHESISED_TYPE_LIST)
                    PSDeclarationTypeImpl(DECLARATION_TYPE)
                      PsiElement(PSTokenType.PROPER_NAME)('String')
                PsiElement(PSTokenType.->)('->')
                PsiElement(PSTokenType.()('(')
                PSParenthesisedTypeThenIdListImpl(PARENTHESISED_TYPE_THEN_ID_LIST)
                  PSParenthesisedTypeListImpl(PARENTHESISED_TYPE_LIST)
                    PSDeclarationTypeImpl(DECLARATION_TYPE)
                      PsiElement(PSTokenType.PROPER_NAME)('Array')
                    PSParenthesisedTypeListImpl(PARENTHESISED_TYPE_LIST)
                      PSDeclarationTypeImpl(DECLARATION_TYPE)
                        PsiElement(PSTokenType.PROPER_NAME)('User')
                      PsiElement(PSTokenType.))(')')
                  PsiElement(PSTokenType.))(')')
              PsiElement(PSTokenType.,)(',')
              PSDataDeclarationTypeDefinitionListImpl(DATA_DECLARATION_TYPE_DEFINITION_LIST)
                PSDataDeclarationTypeDefinitionImpl(DATA_DECLARATION_TYPE_DEFINITION)
                  PsiElement(PSTokenType.ID)('age')
                  PsiElement(PSTokenType.::)('::')
                  PsiElement(PSTokenType.()('(')
                  PSParenthesisedIdListImpl(PARENTHESISED_ID_LIST)
                    PSDeclarationIdImpl(DECLARATION_ID)
                      PsiElement(PSTokenType.ID)('a')
                  PsiElement(PSTokenType.->)('->')
                  PSParenthesisedIdListImpl(PARENTHESISED_ID_LIST)
                    PSDeclarationIdImpl(DECLARATION_ID)
                      PsiElement(PSTokenType.ID)('b')
                    PsiElement(PSTokenType.))(')')
            PsiElement(PSTokenType.})('}')