Purescript File
  PSASTWrapperElement(Program)
    PSASTWrapperElement(Module)
      PsiElement(module)('module')
      PsiElement(whitespace)(' ')
      PSASTWrapperElement(Qualified)
        PSASTWrapperElement(ModuleName)
          PsiElement(proper name)('A')
      PsiElement(whitespace)(' ')
      PsiElement(where)('where')
      PsiElement(whitespace)('\n\n')
      PsiElement(newtype)('newtype')
      PsiElement(whitespace)(' ')
      PsiElement(proper name)('User9')
      PsiElement(whitespace)(' ')
      PsiElement(identifier)('a')
      PsiElement(whitespace)(' ')
      PsiErrorElement:Expecting =
        PsiElement(identifier)('b')
        PsiElement(whitespace)(' ')
        PsiElement(=)('=')
        PsiElement(whitespace)(' ')
        PsiElement(proper name)('User9')
        PsiElement(whitespace)(' ')
        PsiElement(identifier)('a')
        PsiElement(whitespace)(' ')
        PsiElement({)('{')
        PsiElement(whitespace)('\n  ')
        PsiElement(identifier)('name')
        PsiElement(whitespace)(' ')
        PsiElement(::)('::')
        PsiElement(whitespace)(' ')
        PsiElement(identifier)('a')
        PsiElement(whitespace)(' ')
        PsiElement(->)('->')
        PsiElement(whitespace)(' ')
        PsiElement(identifier)('b')
        PsiElement(whitespace)('\n')
  PsiErrorElement:Unexpected }. Expecting Module
    PsiElement(})('}')