Purescript File
  PSModuleDeclarationImpl(MODULE_DECLARATION)
    PsiElement(PSTokenType.module)('module')
    PSModuleNameImpl(MODULE_NAME)
      PsiElement(PSTokenType.PROPER_NAME)('A')
    PsiElement(PSTokenType.where)('where')
  PSDeclarationsImpl(DECLARATIONS)
    PSDeclarationImpl(DECLARATION)
      PSNewTypeDeclarationImpl(NEW_TYPE_DECLARATION)
        PsiElement(PSTokenType.newtype)('newtype')
        PSDeclarationTypeImpl(DECLARATION_TYPE)
          PsiElement(PSTokenType.PROPER_NAME)('Foo')
        PsiElement(PSTokenType.=)('=')
        PSDataDeclarationItemImpl(DATA_DECLARATION_ITEM)
          PSTypeListImpl(TYPE_LIST)
            PSDeclarationTypeImpl(DECLARATION_TYPE)
              PsiElement(PSTokenType.PROPER_NAME)('Foo')
          PSDataDeclarationBodyImpl(DATA_DECLARATION_BODY)
            PsiElement(PSTokenType.{)('{')
            PsiElement(PSTokenType.})('}')
    PSDeclarationsImpl(DECLARATIONS)
      PSDeclarationImpl(DECLARATION)
        PSNewTypeDeclarationImpl(NEW_TYPE_DECLARATION)
          PsiElement(PSTokenType.newtype)('newtype')
          PSDeclarationTypeImpl(DECLARATION_TYPE)
            PsiElement(PSTokenType.PROPER_NAME)('Foo')
          PsiElement(PSTokenType.=)('=')
          PSDataDeclarationItemImpl(DATA_DECLARATION_ITEM)
            PSTypeListImpl(TYPE_LIST)
              PSDeclarationTypeImpl(DECLARATION_TYPE)
                PsiElement(PSTokenType.PROPER_NAME)('Foo')
            PsiElement(PSTokenType.()('(')
            PSDataDeclarationBodyImpl(DATA_DECLARATION_BODY)
              PsiElement(PSTokenType.{)('{')
              PsiElement(PSTokenType.})('}')
            PsiElement(PSTokenType.))(')')