Purescript File
  PSModuleDeclarationImpl(MODULE_DECLARATION)
    PsiElement(PSTokenType.module)('module')
    PSModuleNameImpl(MODULE_NAME)
      PsiElement(PSTokenType.PROPER_NAME)('A')
    PsiElement(PSTokenType.where)('where')
  PSDeclarationsImpl(DECLARATIONS)
    PSDeclarationImpl(DECLARATION)
      PSNewTypeDeclarationImpl(NEW_TYPE_DECLARATION)
        PsiElement(PSTokenType.newtype)('newtype')
        PSDeclarationTypeImpl(DECLARATION_TYPE)
          PsiElement(PSTokenType.PROPER_NAME)('User7')
        PSIdListImpl(ID_LIST)
          PSDeclarationIdImpl(DECLARATION_ID)
            PsiElement(PSTokenType.ID)('a')
        PsiElement(PSTokenType.=)('=')
        PSDataDeclarationItemImpl(DATA_DECLARATION_ITEM)
          PSTypeListImpl(TYPE_LIST)
            PSDeclarationTypeImpl(DECLARATION_TYPE)
              PsiElement(PSTokenType.PROPER_NAME)('User7')
          PSDataDeclarationBodyImpl(DATA_DECLARATION_BODY)
            PsiElement(PSTokenType.{)('{')
            PSDataDeclarationTypeDefinitionListImpl(DATA_DECLARATION_TYPE_DEFINITION_LIST)
              PSDataDeclarationTypeDefinitionImpl(DATA_DECLARATION_TYPE_DEFINITION)
                PsiElement(PSTokenType.ID)('name')
                PsiElement(PSTokenType.::)('::')
                PSParenthesisedTypeThenIdListImpl(PARENTHESISED_TYPE_THEN_ID_LIST)
                  PSParenthesisedTypeListImpl(PARENTHESISED_TYPE_LIST)
                    PSDeclarationTypeImpl(DECLARATION_TYPE)
                      PsiElement(PSTokenType.PROPER_NAME)('String')
              PsiElement(PSTokenType.,)(',')
              PSDataDeclarationTypeDefinitionListImpl(DATA_DECLARATION_TYPE_DEFINITION_LIST)
                PSDataDeclarationTypeDefinitionImpl(DATA_DECLARATION_TYPE_DEFINITION)
                  PsiElement(PSTokenType.ID)('isEnabled')
                  PsiElement(PSTokenType.::)('::')
                  PSParenthesisedTypeThenIdListImpl(PARENTHESISED_TYPE_THEN_ID_LIST)
                    PSParenthesisedTypeListImpl(PARENTHESISED_TYPE_LIST)
                      PSDeclarationTypeImpl(DECLARATION_TYPE)
                        PsiElement(PSTokenType.PROPER_NAME)('Boolean')
            PsiElement(PSTokenType.})('}')