Purescript File
  PSASTWrapperElement(Program)
    PSASTWrapperElement(Module)
      PsiElement(module)('module')
      PsiElement(whitespace)(' ')
      PSASTWrapperElement(Qualified)
        PSASTWrapperElement(ModuleName)
          PsiElement(proper name)('Main')
      PsiElement(whitespace)(' ')
      PsiElement(where)('where')
      PsiElement(whitespace)('\n\n')
      PSASTWrapperElement(ImportDeclaration)
        PsiElement(import)('import')
        PsiElement(whitespace)(' ')
        PSASTWrapperElement(Qualified)
          PSASTWrapperElement(ModuleName)
            PsiElement(proper name)('Prelude')
        PsiElement(whitespace)('\n')
      PSASTWrapperElement(ImportDeclaration)
        PsiElement(import)('import')
        PsiElement(whitespace)(' ')
        PSASTWrapperElement(Qualified)
          PSASTWrapperElement(ModuleName)
            PsiElement(proper name)('Control')
            PsiElement(.)('.')
          PSASTWrapperElement(ModuleName)
            PsiElement(proper name)('Monad')
            PsiElement(.)('.')
          PSASTWrapperElement(ModuleName)
            PsiElement(proper name)('Eff')
            PsiElement(.)('.')
          PSASTWrapperElement(ModuleName)
            PsiElement(proper name)('Console')
        PsiElement(whitespace)(' ')
        PsiElement(()('(')
        PSASTWrapperElement(PositionedDeclarationRef)
          PSASTWrapperElement(ValueRef)
            PsiElement(identifier)('log')
        PsiElement())(')')
        PsiElement(whitespace)('\n\n')
      PSASTWrapperElement(DataDeclaration)
        PsiElement(data)('data')
        PsiElement(whitespace)(' ')
        PsiElement(proper name)('Empty')
        PsiElement(whitespace)(' ')
        PSASTWrapperElement(TypeArgs)
          <empty list>
        PsiElement(=)('=')
        PsiElement(whitespace)(' ')
        PsiElement(proper name)('Empty')
        PsiElement(whitespace)('\n')
      PSASTWrapperElement(DataDeclaration)
        PsiElement(data)('data')
        PsiElement(whitespace)(' ')
        PsiElement(proper name)('Cons')
        PsiElement(whitespace)(' ')
        PSASTWrapperElement(TypeArgs)
          <empty list>
        PsiElement(=)('=')
        PsiElement(whitespace)(' ')
        PsiElement(proper name)('Cons')
        PsiElement(whitespace)('\n\n\n-- simple case\n')
      PSASTWrapperElement(TypeClassDeclaration)
        PsiElement(class)('class')
        PsiElement(whitespace)(' ')
        PSASTWrapperElement(Qualified)
          PsiElement(proper name)('Simple')
          PsiElement(whitespace)(' ')
        PSASTWrapperElement(TypeAtom)
          PSASTWrapperElement(TypeVar)
            PsiElement(identifier)('a')
            PsiElement(whitespace)(' ')
        PSASTWrapperElement(TypeAtom)
          PSASTWrapperElement(TypeVar)
            PsiElement(identifier)('b')
            PsiElement(whitespace)(' ')
        PSASTWrapperElement(Implies)
          <empty list>
        PsiElement(|)('|')
        PsiElement(whitespace)(' ')
        PSASTWrapperElement(Type)
          PSASTWrapperElement(TypeAtom)
            PSASTWrapperElement(TypeVar)
              PsiElement(identifier)('a')
              PsiElement(whitespace)(' ')
          PsiElement(->)('->')
          PsiElement(whitespace)(' ')
          PSASTWrapperElement(Type)
            PSASTWrapperElement(TypeAtom)
              PSASTWrapperElement(TypeVar)
                PsiElement(identifier)('b')
                PsiElement(whitespace)(' ')
        PsiElement(where)('where')
        PsiElement(whitespace)(' ')
        PSASTWrapperElement(TypeDeclaration)
          PsiElement(identifier)('c')
          PsiElement(whitespace)(' ')
          PsiElement(::)('::')
          PsiElement(whitespace)(' ')
          PSASTWrapperElement(Type)
            PSASTWrapperElement(TypeAtom)
              PSASTWrapperElement(TypeVar)
                PsiElement(identifier)('a')
                PsiElement(whitespace)(' ')
            PsiElement(->)('->')
            PsiElement(whitespace)(' ')
            PSASTWrapperElement(Type)
              PSASTWrapperElement(TypeAtom)
                PSASTWrapperElement(TypeVar)
                  PsiElement(identifier)('b')
                  PsiElement(whitespace)('\n')
      PSASTWrapperElement(TypeInstanceDeclaration)
        PsiElement(instance)('instance')
        PsiElement(whitespace)(' ')
        PsiElement(identifier)('simple0')
        PsiElement(whitespace)(' ')
        PsiElement(::)('::')
        PsiElement(whitespace)(' ')
        PSASTWrapperElement(Qualified)
          PsiElement(proper name)('Simple')
          PsiElement(whitespace)(' ')
        PSASTWrapperElement(TypeAtom)
          PSASTWrapperElement(TypeConstructor)
            PSASTWrapperElement(Qualified)
              PsiElement(proper name)('Empty')
              PsiElement(whitespace)(' ')
        PSASTWrapperElement(TypeAtom)
          PSASTWrapperElement(ObjectType)
            PsiElement({)('{')
            PSASTWrapperElement(Row)
              <empty list>
            PsiElement(})('}')
            PsiElement(whitespace)(' ')
        PsiElement(where)('where')
        PsiElement(whitespace)(' ')
        PSASTWrapperElement(ValueDeclaration)
          PsiElement(identifier)('c')
          PsiElement(whitespace)(' ')
          PSASTWrapperElement(Binder)
            PSASTWrapperElement(NullBinder)
              PsiElement(identifier)('_')
              PsiElement(whitespace)(' ')
          PsiElement(=)('=')
          PsiElement(whitespace)(' ')
          PSASTWrapperElement(Value)
            PSASTWrapperElement(PrefixValue)
              PSASTWrapperElement(ObjectLiteral)
                PsiElement({)('{')
                PsiElement(})('}')
                PsiElement(whitespace)('\n')
      PSASTWrapperElement(TypeInstanceDeclaration)
        PsiElement(instance)('instance')
        PsiElement(whitespace)(' ')
        PsiElement(identifier)('simple1')
        PsiElement(whitespace)(' ')
        PsiElement(::)('::')
        PsiElement(whitespace)(' ')
        PSASTWrapperElement(Qualified)
          PsiElement(proper name)('Simple')
          PsiElement(whitespace)(' ')
        PSASTWrapperElement(TypeAtom)
          PSASTWrapperElement(TypeConstructor)
            PSASTWrapperElement(Qualified)
              PsiElement(proper name)('Cons')
              PsiElement(whitespace)(' ')
        PSASTWrapperElement(TypeAtom)
          PSASTWrapperElement(ObjectType)
            PsiElement({)('{')
            PSASTWrapperElement(Row)
              PSASTWrapperElement(identifier)
                PsiElement(identifier)('foo')
              PsiElement(whitespace)(' ')
              PsiElement(::)('::')
              PsiElement(whitespace)(' ')
              PSASTWrapperElement(Type)
                PSASTWrapperElement(TypeAtom)
                  PSASTWrapperElement(TypeConstructor)
                    PSASTWrapperElement(Qualified)
                      PsiElement(proper name)('Cons')
            PsiElement(})('}')
            PsiElement(whitespace)(' ')
        PsiElement(where)('where')
        PsiElement(whitespace)(' ')
        PSASTWrapperElement(ValueDeclaration)
          PsiElement(identifier)('c')
          PsiElement(whitespace)(' ')
          PSASTWrapperElement(Binder)
            PSASTWrapperElement(VarBinder)
              PsiElement(identifier)('cons')
              PsiElement(whitespace)(' ')
          PsiElement(=)('=')
          PsiElement(whitespace)(' ')
          PSASTWrapperElement(Value)
            PSASTWrapperElement(PrefixValue)
              PSASTWrapperElement(ObjectLiteral)
                PsiElement({)('{')
                PSASTWrapperElement(ObjectBinderField)
                  PSASTWrapperElement(identifier)
                    PsiElement(identifier)('foo')
                  PsiElement(operator)(':')
                  PsiElement(whitespace)(' ')
                  PSASTWrapperElement(Value)
                    PSASTWrapperElement(PrefixValue)
                      PSASTWrapperElement(Var)
                        PSASTWrapperElement(Qualified)
                          PsiElement(identifier)('cons')
                PsiElement(})('}')
                PsiElement(whitespace)('\n\n\n-- simple transitive example\n')
      PSASTWrapperElement(TypeClassDeclaration)
        PsiElement(class)('class')
        PsiElement(whitespace)(' ')
        PSASTWrapperElement(Qualified)
          PsiElement(proper name)('Transitive')
          PsiElement(whitespace)(' ')
        PSASTWrapperElement(TypeAtom)
          PSASTWrapperElement(TypeVar)
            PsiElement(identifier)('a')
            PsiElement(whitespace)(' ')
        PSASTWrapperElement(TypeAtom)
          PSASTWrapperElement(TypeVar)
            PsiElement(identifier)('b')
            PsiElement(whitespace)(' ')
        PSASTWrapperElement(TypeAtom)
          PSASTWrapperElement(TypeVar)
            PsiElement(identifier)('c')
            PsiElement(whitespace)(' ')
        PSASTWrapperElement(Implies)
          <empty list>
        PsiElement(|)('|')
        PsiElement(whitespace)(' ')
        PSASTWrapperElement(Type)
          PSASTWrapperElement(TypeAtom)
            PSASTWrapperElement(TypeVar)
              PsiElement(identifier)('a')
              PsiElement(whitespace)(' ')
          PsiElement(->)('->')
          PsiElement(whitespace)(' ')
          PSASTWrapperElement(Type)
            PSASTWrapperElement(TypeAtom)
              PSASTWrapperElement(TypeVar)
                PsiElement(identifier)('b')
        PsiElement(,)(',')
        PsiElement(whitespace)(' ')
        PSASTWrapperElement(Type)
          PSASTWrapperElement(TypeAtom)
            PSASTWrapperElement(TypeVar)
              PsiElement(identifier)('b')
              PsiElement(whitespace)(' ')
          PsiElement(->)('->')
          PsiElement(whitespace)(' ')
          PSASTWrapperElement(Type)
            PSASTWrapperElement(TypeAtom)
              PSASTWrapperElement(TypeVar)
                PsiElement(identifier)('c')
                PsiElement(whitespace)(' ')
        PsiElement(where)('where')
        PsiElement(whitespace)(' ')
        PSASTWrapperElement(TypeDeclaration)
          PsiElement(identifier)('d')
          PsiElement(whitespace)(' ')
          PsiElement(::)('::')
          PsiElement(whitespace)(' ')
          PSASTWrapperElement(Type)
            PSASTWrapperElement(TypeAtom)
              PSASTWrapperElement(TypeVar)
                PsiElement(identifier)('a')
                PsiElement(whitespace)(' ')
            PsiElement(->)('->')
            PsiElement(whitespace)(' ')
            PSASTWrapperElement(Type)
              PSASTWrapperElement(TypeAtom)
                PSASTWrapperElement(TypeVar)
                  PsiElement(identifier)('c')
                  PsiElement(whitespace)('\n')
      PSASTWrapperElement(TypeInstanceDeclaration)
        PsiElement(instance)('instance')
        PsiElement(whitespace)(' ')
        PsiElement(identifier)('transitive')
        PsiElement(whitespace)(' ')
        PsiElement(::)('::')
        PsiElement(whitespace)(' ')
        PSASTWrapperElement(Qualified)
          PsiElement(proper name)('Transitive')
          PsiElement(whitespace)(' ')
        PSASTWrapperElement(TypeAtom)
          PSASTWrapperElement(TypeConstructor)
            PSASTWrapperElement(Qualified)
              PsiElement(proper name)('Empty')
              PsiElement(whitespace)(' ')
        PSASTWrapperElement(TypeAtom)
          PSASTWrapperElement(ObjectType)
            PsiElement({)('{')
            PSASTWrapperElement(Row)
              <empty list>
            PsiElement(})('}')
            PsiElement(whitespace)(' ')
        PSASTWrapperElement(TypeAtom)
          PSASTWrapperElement(ObjectType)
            PsiElement({)('{')
            PSASTWrapperElement(Row)
              <empty list>
            PsiElement(})('}')
            PsiElement(whitespace)(' ')
        PsiElement(where)('where')
        PsiElement(whitespace)(' ')
        PSASTWrapperElement(ValueDeclaration)
          PsiElement(identifier)('d')
          PsiElement(whitespace)(' ')
          PSASTWrapperElement(Binder)
            PSASTWrapperElement(NullBinder)
              PsiElement(identifier)('_')
              PsiElement(whitespace)(' ')
          PsiElement(=)('=')
          PsiElement(whitespace)(' ')
          PSASTWrapperElement(Value)
            PSASTWrapperElement(PrefixValue)
              PSASTWrapperElement(ObjectLiteral)
                PsiElement({)('{')
                PsiElement(})('}')
                PsiElement(whitespace)('\n\n\n-- transitive example with cycles\n')
      PSASTWrapperElement(TypeClassDeclaration)
        PsiElement(class)('class')
        PsiElement(whitespace)(' ')
        PSASTWrapperElement(Qualified)
          PsiElement(proper name)('Cyclic')
          PsiElement(whitespace)(' ')
        PSASTWrapperElement(TypeAtom)
          PSASTWrapperElement(TypeVar)
            PsiElement(identifier)('a')
            PsiElement(whitespace)(' ')
        PSASTWrapperElement(TypeAtom)
          PSASTWrapperElement(TypeVar)
            PsiElement(identifier)('b')
            PsiElement(whitespace)(' ')
        PSASTWrapperElement(TypeAtom)
          PSASTWrapperElement(TypeVar)
            PsiElement(identifier)('c')
            PsiElement(whitespace)(' ')
        PSASTWrapperElement(TypeAtom)
          PSASTWrapperElement(TypeVar)
            PsiElement(identifier)('d')
            PsiElement(whitespace)(' ')
        PSASTWrapperElement(Implies)
          <empty list>
        PsiElement(|)('|')
        PsiElement(whitespace)(' ')
        PSASTWrapperElement(Type)
          PSASTWrapperElement(TypeAtom)
            PSASTWrapperElement(TypeVar)
              PsiElement(identifier)('a')
              PsiElement(whitespace)(' ')
          PsiElement(->)('->')
          PsiElement(whitespace)(' ')
          PSASTWrapperElement(Type)
            PSASTWrapperElement(TypeAtom)
              PSASTWrapperElement(TypeVar)
                PsiElement(identifier)('b')
        PsiElement(,)(',')
        PsiElement(whitespace)(' ')
        PSASTWrapperElement(Type)
          PSASTWrapperElement(TypeAtom)
            PSASTWrapperElement(TypeVar)
              PsiElement(identifier)('b')
              PsiElement(whitespace)(' ')
          PsiElement(->)('->')
          PsiElement(whitespace)(' ')
          PSASTWrapperElement(Type)
            PSASTWrapperElement(TypeAtom)
              PSASTWrapperElement(TypeVar)
                PsiElement(identifier)('a')
                PsiElement(whitespace)('\n                     ')
        PsiElement(,)(',')
        PsiElement(whitespace)(' ')
        PSASTWrapperElement(Type)
          PSASTWrapperElement(TypeAtom)
            PSASTWrapperElement(TypeVar)
              PsiElement(identifier)('a')
              PsiElement(whitespace)(' ')
          PsiElement(->)('->')
          PsiElement(whitespace)(' ')
          PSASTWrapperElement(Type)
            PSASTWrapperElement(TypeAtom)
              PSASTWrapperElement(TypeVar)
                PsiElement(identifier)('c')
                PsiElement(whitespace)('\n                     ')
        PsiElement(,)(',')
        PsiElement(whitespace)(' ')
        PSASTWrapperElement(Type)
          PSASTWrapperElement(TypeAtom)
            PSASTWrapperElement(TypeVar)
              PsiElement(identifier)('c')
              PsiElement(whitespace)(' ')
          PsiElement(->)('->')
          PsiElement(whitespace)(' ')
          PSASTWrapperElement(Type)
            PSASTWrapperElement(TypeAtom)
              PSASTWrapperElement(TypeVar)
                PsiElement(identifier)('d')
        PsiElement(,)(',')
        PsiElement(whitespace)(' ')
        PSASTWrapperElement(Type)
          PSASTWrapperElement(TypeAtom)
            PSASTWrapperElement(TypeVar)
              PsiElement(identifier)('d')
              PsiElement(whitespace)(' ')
          PsiElement(->)('->')
          PsiElement(whitespace)(' ')
          PSASTWrapperElement(Type)
            PSASTWrapperElement(TypeAtom)
              PSASTWrapperElement(TypeVar)
                PsiElement(identifier)('c')
                PsiElement(whitespace)('\n')
      PSASTWrapperElement(TypeInstanceDeclaration)
        PsiElement(instance)('instance')
        PsiElement(whitespace)(' ')
        PsiElement(identifier)('cyclic')
        PsiElement(whitespace)(' ')
        PsiElement(::)('::')
        PsiElement(whitespace)(' ')
        PSASTWrapperElement(Qualified)
          PsiElement(proper name)('Cyclic')
          PsiElement(whitespace)(' ')
        PSASTWrapperElement(TypeAtom)
          PSASTWrapperElement(TypeConstructor)
            PSASTWrapperElement(Qualified)
              PsiElement(proper name)('Empty')
              PsiElement(whitespace)(' ')
        PSASTWrapperElement(TypeAtom)
          PSASTWrapperElement(TypeConstructor)
            PSASTWrapperElement(Qualified)
              PsiElement(proper name)('Empty')
              PsiElement(whitespace)(' ')
        PSASTWrapperElement(TypeAtom)
          PSASTWrapperElement(ObjectType)
            PsiElement({)('{')
            PSASTWrapperElement(Row)
              <empty list>
            PsiElement(})('}')
            PsiElement(whitespace)(' ')
        PSASTWrapperElement(TypeAtom)
          PSASTWrapperElement(ObjectType)
            PsiElement({)('{')
            PSASTWrapperElement(Row)
              <empty list>
            PsiElement(})('}')
            PsiElement(whitespace)('\n\n\n-- Determined cycle\n')
      PSASTWrapperElement(TypeClassDeclaration)
        PsiElement(class)('class')
        PsiElement(whitespace)(' ')
        PSASTWrapperElement(Qualified)
          PsiElement(proper name)('DeterminedCycle')
          PsiElement(whitespace)(' ')
        PSASTWrapperElement(TypeAtom)
          PSASTWrapperElement(TypeVar)
            PsiElement(identifier)('a')
            PsiElement(whitespace)(' ')
        PSASTWrapperElement(TypeAtom)
          PSASTWrapperElement(TypeVar)
            PsiElement(identifier)('b')
            PsiElement(whitespace)(' ')
        PSASTWrapperElement(TypeAtom)
          PSASTWrapperElement(TypeVar)
            PsiElement(identifier)('c')
            PsiElement(whitespace)(' ')
        PSASTWrapperElement(Implies)
          <empty list>
        PsiElement(|)('|')
        PsiElement(whitespace)(' ')
        PSASTWrapperElement(Type)
          PSASTWrapperElement(TypeAtom)
            PSASTWrapperElement(TypeVar)
              PsiElement(identifier)('a')
              PsiElement(whitespace)(' ')
          PsiElement(->)('->')
          PsiElement(whitespace)(' ')
          PSASTWrapperElement(Type)
            PSASTWrapperElement(TypeAtom)
              PSASTWrapperElement(TypeVar)
                PsiElement(identifier)('b')
                PsiElement(whitespace)('\n                            ')
        PsiElement(,)(',')
        PsiElement(whitespace)(' ')
        PSASTWrapperElement(Type)
          PSASTWrapperElement(TypeAtom)
            PSASTWrapperElement(TypeVar)
              PsiElement(identifier)('b')
              PsiElement(whitespace)(' ')
          PsiElement(->)('->')
          PsiElement(whitespace)(' ')
          PSASTWrapperElement(Type)
            PSASTWrapperElement(TypeAtom)
              PSASTWrapperElement(TypeVar)
                PsiElement(identifier)('c')
        PsiElement(,)(',')
        PsiElement(whitespace)(' ')
        PSASTWrapperElement(Type)
          PSASTWrapperElement(TypeAtom)
            PSASTWrapperElement(TypeVar)
              PsiElement(identifier)('c')
              PsiElement(whitespace)(' ')
          PsiElement(->)('->')
          PsiElement(whitespace)(' ')
          PSASTWrapperElement(Type)
            PSASTWrapperElement(TypeAtom)
              PSASTWrapperElement(TypeVar)
                PsiElement(identifier)('b')
                PsiElement(whitespace)('\n')
      PSASTWrapperElement(TypeInstanceDeclaration)
        PsiElement(instance)('instance')
        PsiElement(whitespace)(' ')
        PsiElement(identifier)('determinedCycle')
        PsiElement(whitespace)(' ')
        PsiElement(::)('::')
        PsiElement(whitespace)(' ')
        PSASTWrapperElement(Qualified)
          PsiElement(proper name)('DeterminedCycle')
          PsiElement(whitespace)(' ')
        PSASTWrapperElement(TypeAtom)
          PSASTWrapperElement(TypeConstructor)
            PSASTWrapperElement(Qualified)
              PsiElement(proper name)('Empty')
              PsiElement(whitespace)(' ')
        PSASTWrapperElement(TypeAtom)
          PSASTWrapperElement(ObjectType)
            PsiElement({)('{')
            PSASTWrapperElement(Row)
              <empty list>
            PsiElement(})('}')
            PsiElement(whitespace)(' ')
        PSASTWrapperElement(TypeAtom)
          PSASTWrapperElement(ObjectType)
            PsiElement({)('{')
            PSASTWrapperElement(Row)
              <empty list>
            PsiElement(})('}')
            PsiElement(whitespace)('\n\n\n-- multiple determiners\n')
      PSASTWrapperElement(TypeClassDeclaration)
        PsiElement(class)('class')
        PsiElement(whitespace)(' ')
        PSASTWrapperElement(Qualified)
          PsiElement(proper name)('MultipleDeterminers')
          PsiElement(whitespace)(' ')
        PSASTWrapperElement(TypeAtom)
          PSASTWrapperElement(TypeVar)
            PsiElement(identifier)('a')
            PsiElement(whitespace)(' ')
        PSASTWrapperElement(TypeAtom)
          PSASTWrapperElement(TypeVar)
            PsiElement(identifier)('b')
            PsiElement(whitespace)(' ')
        PSASTWrapperElement(TypeAtom)
          PSASTWrapperElement(TypeVar)
            PsiElement(identifier)('c')
            PsiElement(whitespace)(' ')
        PSASTWrapperElement(TypeAtom)
          PSASTWrapperElement(TypeVar)
            PsiElement(identifier)('d')
            PsiElement(whitespace)(' ')
        PSASTWrapperElement(Implies)
          <empty list>
        PsiElement(|)('|')
        PsiElement(whitespace)(' ')
        PSASTWrapperElement(Type)
          PSASTWrapperElement(TypeAtom)
            PSASTWrapperElement(TypeVar)
              PsiElement(identifier)('a')
              PsiElement(whitespace)(' ')
          PSASTWrapperElement(TypeAtom)
            PSASTWrapperElement(TypeVar)
              PsiElement(identifier)('b')
              PsiElement(whitespace)(' ')
          PsiElement(->)('->')
          PsiElement(whitespace)(' ')
          PSASTWrapperElement(Type)
            PSASTWrapperElement(TypeAtom)
              PSASTWrapperElement(TypeVar)
                PsiElement(identifier)('c')
                PsiElement(whitespace)(' ')
            PSASTWrapperElement(TypeAtom)
              PSASTWrapperElement(TypeVar)
                PsiElement(identifier)('d')
                PsiElement(whitespace)('\n')
      PSASTWrapperElement(TypeInstanceDeclaration)
        PsiElement(instance)('instance')
        PsiElement(whitespace)(' ')
        PsiElement(identifier)('multipleDeterminers')
        PsiElement(whitespace)(' ')
        PsiElement(::)('::')
        PsiElement(whitespace)(' ')
        PSASTWrapperElement(Qualified)
          PsiElement(proper name)('MultipleDeterminers')
          PsiElement(whitespace)(' ')
        PSASTWrapperElement(TypeAtom)
          PSASTWrapperElement(TypeConstructor)
            PSASTWrapperElement(Qualified)
              PsiElement(proper name)('Empty')
              PsiElement(whitespace)(' ')
        PSASTWrapperElement(TypeAtom)
          PSASTWrapperElement(TypeConstructor)
            PSASTWrapperElement(Qualified)
              PsiElement(proper name)('Empty')
              PsiElement(whitespace)(' ')
        PSASTWrapperElement(TypeAtom)
          PSASTWrapperElement(ObjectType)
            PsiElement({)('{')
            PSASTWrapperElement(Row)
              <empty list>
            PsiElement(})('}')
            PsiElement(whitespace)(' ')
        PSASTWrapperElement(TypeAtom)
          PSASTWrapperElement(ObjectType)
            PsiElement({)('{')
            PSASTWrapperElement(Row)
              <empty list>
            PsiElement(})('}')
            PsiElement(whitespace)('\n\n\n')
      PSASTWrapperElement(ValueDeclaration)
        PsiElement(identifier)('main')
        PsiElement(whitespace)(' ')
        PsiElement(=)('=')
        PsiElement(whitespace)(' ')
        PSASTWrapperElement(Value)
          PSASTWrapperElement(PrefixValue)
            PSASTWrapperElement(Var)
              PSASTWrapperElement(Qualified)
                PsiElement(identifier)('log')
                PsiElement(whitespace)(' ')
            PSASTWrapperElement(StringLiteral)
              PsiElement(string)('"Done"')