Purescript File
  PSASTWrapperElement(Program)
    PSASTWrapperElement(Module)
      PsiElement(module)('module')
      PsiElement(whitespace)(' ')
      PSASTWrapperElement(Qualified)
        PSASTWrapperElement(ModuleName)
          PsiElement(proper name)('Main')
      PsiElement(whitespace)(' ')
      PsiElement(where)('where')
      PsiElement(whitespace)('\n\n')
      PSASTWrapperElement(NamedBinder)
        <empty list>
      PSASTWrapperElement(ImportDeclaration)
        PsiElement(import)('import')
        PsiElement(whitespace)(' ')
        PSASTWrapperElement(Qualified)
          PSASTWrapperElement(ModuleName)
            PsiElement(proper name)('Prelude')
        PsiElement(whitespace)('\n')
      PSASTWrapperElement(NamedBinder)
        <empty list>
      PSASTWrapperElement(ImportDeclaration)
        PsiElement(import)('import')
        PsiElement(whitespace)(' ')
        PSASTWrapperElement(Qualified)
          PSASTWrapperElement(ModuleName)
            PsiElement(proper name)('Control')
            PsiElement(.)('.')
          PSASTWrapperElement(ModuleName)
            PsiElement(proper name)('Monad')
            PsiElement(.)('.')
          PSASTWrapperElement(ModuleName)
            PsiElement(proper name)('Eff')
            PsiElement(.)('.')
          PSASTWrapperElement(ModuleName)
            PsiElement(proper name)('Console')
        PsiElement(whitespace)(' ')
        PsiElement(()('(')
        PSASTWrapperElement(PositionedDeclarationRef)
          PSASTWrapperElement(ValueRef)
            PsiElement(identifier)('log')
        PsiElement())(')')
        PsiElement(whitespace)('\n')
      PSASTWrapperElement(NamedBinder)
        <empty list>
      PSASTWrapperElement(ImportDeclaration)
        PsiElement(import)('import')
        PsiElement(whitespace)(' ')
        PSASTWrapperElement(Qualified)
          PSASTWrapperElement(ModuleName)
            PsiElement(proper name)('Type')
            PsiElement(.)('.')
          PSASTWrapperElement(ModuleName)
            PsiElement(proper name)('Data')
            PsiElement(.)('.')
          PSASTWrapperElement(ModuleName)
            PsiElement(proper name)('Symbol')
        PsiElement(whitespace)(' ')
        PsiElement(()('(')
        PSASTWrapperElement(PositionedDeclarationRef)
          PsiElement(proper name)('SProxy')
          PsiElement(()('(')
          PsiElement(..)('..')
          PsiElement())(')')
        PsiElement(,)(',')
        PsiElement(whitespace)(' ')
        PSASTWrapperElement(PositionedDeclarationRef)
          PsiElement(class)('class')
          PsiElement(whitespace)(' ')
          PSASTWrapperElement(ClassName)
            PSASTWrapperElement(Qualified)
              PsiElement(proper name)('CompareSymbol')
        PsiElement(,)(',')
        PsiElement(whitespace)(' ')
        PSASTWrapperElement(PositionedDeclarationRef)
          PSASTWrapperElement(ValueRef)
            PsiElement(identifier)('compareSymbol')
        PsiElement())(')')
        PsiElement(whitespace)('\n')
      PSASTWrapperElement(NamedBinder)
        <empty list>
      PSASTWrapperElement(ImportDeclaration)
        PsiElement(import)('import')
        PsiElement(whitespace)(' ')
        PSASTWrapperElement(Qualified)
          PSASTWrapperElement(ModuleName)
            PsiElement(proper name)('Type')
            PsiElement(.)('.')
          PSASTWrapperElement(ModuleName)
            PsiElement(proper name)('Data')
            PsiElement(.)('.')
          PSASTWrapperElement(ModuleName)
            PsiElement(proper name)('Ordering')
        PsiElement(whitespace)(' ')
        PsiElement(()('(')
        PSASTWrapperElement(PositionedDeclarationRef)
          PsiElement(proper name)('OProxy')
          PsiElement(()('(')
          PsiElement(..)('..')
          PsiElement())(')')
        PsiElement(,)(',')
        PsiElement(whitespace)(' ')
        PSASTWrapperElement(PositionedDeclarationRef)
          PsiElement(identifier)('kind')
          PsiElement(whitespace)(' ')
          PSASTWrapperElement(ClassName)
            PSASTWrapperElement(Qualified)
              PsiElement(proper name)('Ordering')
        PsiElement(,)(',')
        PsiElement(whitespace)(' ')
        PSASTWrapperElement(PositionedDeclarationRef)
          PsiElement(proper name)('LT')
        PsiElement(,)(',')
        PsiElement(whitespace)(' ')
        PSASTWrapperElement(PositionedDeclarationRef)
          PsiElement(proper name)('EQ')
        PsiElement(,)(',')
        PsiElement(whitespace)(' ')
        PSASTWrapperElement(PositionedDeclarationRef)
          PsiElement(proper name)('GT')
        PsiElement(,)(',')
        PsiElement(whitespace)(' ')
        PSASTWrapperElement(PositionedDeclarationRef)
          PSASTWrapperElement(ValueRef)
            PsiElement(identifier)('reflectOrdering')
        PsiElement())(')')
        PsiElement(whitespace)('\n\n')
      PSASTWrapperElement(TypeDeclaration)
        PsiElement(identifier)('symA')
        PsiElement(whitespace)(' ')
        PsiElement(::)('::')
        PsiElement(whitespace)(' ')
        PSASTWrapperElement(Type)
          PSASTWrapperElement(TypeAtom)
            PSASTWrapperElement(TypeConstructor)
              PSASTWrapperElement(Qualified)
                PsiElement(proper name)('SProxy')
                PsiElement(whitespace)(' ')
          PsiElement(string)('"A"')
          PsiElement(whitespace)('\n')
      PSASTWrapperElement(ValueDeclaration)
        PsiElement(identifier)('symA')
        PsiElement(whitespace)(' ')
        PSASTWrapperElement(NamedBinder)
          <empty list>
        PsiElement(=)('=')
        PsiElement(whitespace)(' ')
        PSASTWrapperElement(Value)
          PSASTWrapperElement(PrefixValue)
            PSASTWrapperElement(Constructor)
              PSASTWrapperElement(Qualified)
                PsiElement(proper name)('SProxy')
                PsiElement(whitespace)('\n\n')
      PSASTWrapperElement(TypeDeclaration)
        PsiElement(identifier)('symB')
        PsiElement(whitespace)(' ')
        PsiElement(::)('::')
        PsiElement(whitespace)(' ')
        PSASTWrapperElement(Type)
          PSASTWrapperElement(TypeAtom)
            PSASTWrapperElement(TypeConstructor)
              PSASTWrapperElement(Qualified)
                PsiElement(proper name)('SProxy')
                PsiElement(whitespace)(' ')
          PsiElement(string)('"B"')
          PsiElement(whitespace)('\n')
      PSASTWrapperElement(ValueDeclaration)
        PsiElement(identifier)('symB')
        PsiElement(whitespace)(' ')
        PSASTWrapperElement(NamedBinder)
          <empty list>
        PsiElement(=)('=')
        PsiElement(whitespace)(' ')
        PSASTWrapperElement(Value)
          PSASTWrapperElement(PrefixValue)
            PSASTWrapperElement(Constructor)
              PSASTWrapperElement(Qualified)
                PsiElement(proper name)('SProxy')
                PsiElement(whitespace)('\n\n')
      PSASTWrapperElement(TypeDeclaration)
        PsiElement(identifier)('egLT')
        PsiElement(whitespace)(' ')
        PsiElement(::)('::')
        PsiElement(whitespace)(' ')
        PSASTWrapperElement(Type)
          PSASTWrapperElement(TypeAtom)
            PSASTWrapperElement(TypeConstructor)
              PSASTWrapperElement(Qualified)
                PsiElement(proper name)('OProxy')
                PsiElement(whitespace)(' ')
          PSASTWrapperElement(TypeAtom)
            PSASTWrapperElement(TypeConstructor)
              PSASTWrapperElement(Qualified)
                PsiElement(proper name)('LT')
                PsiElement(whitespace)('\n')
      PSASTWrapperElement(ValueDeclaration)
        PsiElement(identifier)('egLT')
        PsiElement(whitespace)(' ')
        PSASTWrapperElement(NamedBinder)
          <empty list>
        PsiElement(=)('=')
        PsiElement(whitespace)(' ')
        PSASTWrapperElement(Value)
          PSASTWrapperElement(PrefixValue)
            PSASTWrapperElement(Var)
              PSASTWrapperElement(Qualified)
                PsiElement(identifier)('compareSymbol')
                PsiElement(whitespace)(' ')
            PSASTWrapperElement(Var)
              PSASTWrapperElement(Qualified)
                PsiElement(identifier)('symA')
                PsiElement(whitespace)(' ')
            PSASTWrapperElement(Var)
              PSASTWrapperElement(Qualified)
                PsiElement(identifier)('symB')
                PsiElement(whitespace)('\n\n')
      PSASTWrapperElement(TypeDeclaration)
        PsiElement(identifier)('egEQ')
        PsiElement(whitespace)(' ')
        PsiElement(::)('::')
        PsiElement(whitespace)(' ')
        PSASTWrapperElement(Type)
          PSASTWrapperElement(TypeAtom)
            PSASTWrapperElement(TypeConstructor)
              PSASTWrapperElement(Qualified)
                PsiElement(proper name)('OProxy')
                PsiElement(whitespace)(' ')
          PSASTWrapperElement(TypeAtom)
            PSASTWrapperElement(TypeConstructor)
              PSASTWrapperElement(Qualified)
                PsiElement(proper name)('EQ')
                PsiElement(whitespace)('\n')
      PSASTWrapperElement(ValueDeclaration)
        PsiElement(identifier)('egEQ')
        PsiElement(whitespace)(' ')
        PSASTWrapperElement(NamedBinder)
          <empty list>
        PsiElement(=)('=')
        PsiElement(whitespace)(' ')
        PSASTWrapperElement(Value)
          PSASTWrapperElement(PrefixValue)
            PSASTWrapperElement(Var)
              PSASTWrapperElement(Qualified)
                PsiElement(identifier)('compareSymbol')
                PsiElement(whitespace)(' ')
            PSASTWrapperElement(Var)
              PSASTWrapperElement(Qualified)
                PsiElement(identifier)('symA')
                PsiElement(whitespace)(' ')
            PSASTWrapperElement(Var)
              PSASTWrapperElement(Qualified)
                PsiElement(identifier)('symA')
                PsiElement(whitespace)('\n\n')
      PSASTWrapperElement(TypeDeclaration)
        PsiElement(identifier)('egGT')
        PsiElement(whitespace)(' ')
        PsiElement(::)('::')
        PsiElement(whitespace)(' ')
        PSASTWrapperElement(Type)
          PSASTWrapperElement(TypeAtom)
            PSASTWrapperElement(TypeConstructor)
              PSASTWrapperElement(Qualified)
                PsiElement(proper name)('OProxy')
                PsiElement(whitespace)(' ')
          PSASTWrapperElement(TypeAtom)
            PSASTWrapperElement(TypeConstructor)
              PSASTWrapperElement(Qualified)
                PsiElement(proper name)('GT')
                PsiElement(whitespace)('\n')
      PSASTWrapperElement(ValueDeclaration)
        PsiElement(identifier)('egGT')
        PsiElement(whitespace)(' ')
        PSASTWrapperElement(NamedBinder)
          <empty list>
        PsiElement(=)('=')
        PsiElement(whitespace)(' ')
        PSASTWrapperElement(Value)
          PSASTWrapperElement(PrefixValue)
            PSASTWrapperElement(Var)
              PSASTWrapperElement(Qualified)
                PsiElement(identifier)('compareSymbol')
                PsiElement(whitespace)(' ')
            PSASTWrapperElement(Var)
              PSASTWrapperElement(Qualified)
                PsiElement(identifier)('symB')
                PsiElement(whitespace)(' ')
            PSASTWrapperElement(Var)
              PSASTWrapperElement(Qualified)
                PsiElement(identifier)('symA')
                PsiElement(whitespace)('\n\n')
      PSASTWrapperElement(ValueDeclaration)
        PsiElement(identifier)('main')
        PsiElement(whitespace)(' ')
        PSASTWrapperElement(NamedBinder)
          <empty list>
        PsiElement(=)('=')
        PsiElement(whitespace)(' ')
        PSASTWrapperElement(Value)
          PSASTWrapperElement(PrefixValue)
            PsiElement(do)('do')
            PsiElement(whitespace)('\n  ')
            PSASTWrapperElement(DoNotationLet)
              PsiElement(let)('let')
              PsiElement(whitespace)(' ')
              PSASTWrapperElement(ValueDeclaration)
                PsiElement(identifier)('gotLT')
                PsiElement(whitespace)(' ')
                PSASTWrapperElement(NamedBinder)
                  <empty list>
                PsiElement(=)('=')
                PsiElement(whitespace)(' ')
                PSASTWrapperElement(Value)
                  PSASTWrapperElement(PrefixValue)
                    PSASTWrapperElement(Var)
                      PSASTWrapperElement(Qualified)
                        PsiElement(identifier)('reflectOrdering')
                        PsiElement(whitespace)(' ')
                    PSASTWrapperElement(Var)
                      PSASTWrapperElement(Qualified)
                        PsiElement(identifier)('egLT')
                        PsiElement(whitespace)(' ')
                  PSASTWrapperElement(IdentInfix)
                    PSASTWrapperElement(Qualified)
                      PsiElement(operator)('==')
                      PsiElement(whitespace)(' ')
                  PSASTWrapperElement(Value)
                    PSASTWrapperElement(PrefixValue)
                      PSASTWrapperElement(Constructor)
                        PSASTWrapperElement(Qualified)
                          PsiElement(proper name)('LT')
                          PsiElement(whitespace)('\n      ')
              PSASTWrapperElement(ValueDeclaration)
                PsiElement(identifier)('gotEQ')
                PsiElement(whitespace)(' ')
                PSASTWrapperElement(NamedBinder)
                  <empty list>
                PsiElement(=)('=')
                PsiElement(whitespace)(' ')
                PSASTWrapperElement(Value)
                  PSASTWrapperElement(PrefixValue)
                    PSASTWrapperElement(Var)
                      PSASTWrapperElement(Qualified)
                        PsiElement(identifier)('reflectOrdering')
                        PsiElement(whitespace)(' ')
                    PSASTWrapperElement(Var)
                      PSASTWrapperElement(Qualified)
                        PsiElement(identifier)('egEQ')
                        PsiElement(whitespace)(' ')
                  PSASTWrapperElement(IdentInfix)
                    PSASTWrapperElement(Qualified)
                      PsiElement(operator)('==')
                      PsiElement(whitespace)(' ')
                  PSASTWrapperElement(Value)
                    PSASTWrapperElement(PrefixValue)
                      PSASTWrapperElement(Constructor)
                        PSASTWrapperElement(Qualified)
                          PsiElement(proper name)('EQ')
                          PsiElement(whitespace)('\n      ')
              PSASTWrapperElement(ValueDeclaration)
                PsiElement(identifier)('gotGT')
                PsiElement(whitespace)(' ')
                PSASTWrapperElement(NamedBinder)
                  <empty list>
                PsiElement(=)('=')
                PsiElement(whitespace)(' ')
                PSASTWrapperElement(Value)
                  PSASTWrapperElement(PrefixValue)
                    PSASTWrapperElement(Var)
                      PSASTWrapperElement(Qualified)
                        PsiElement(identifier)('reflectOrdering')
                        PsiElement(whitespace)(' ')
                    PSASTWrapperElement(Var)
                      PSASTWrapperElement(Qualified)
                        PsiElement(identifier)('egGT')
                        PsiElement(whitespace)(' ')
                  PSASTWrapperElement(IdentInfix)
                    PSASTWrapperElement(Qualified)
                      PsiElement(operator)('==')
                      PsiElement(whitespace)(' ')
                  PSASTWrapperElement(Value)
                    PSASTWrapperElement(PrefixValue)
                      PSASTWrapperElement(Constructor)
                        PSASTWrapperElement(Qualified)
                          PsiElement(proper name)('GT')
                          PsiElement(whitespace)('\n  ')
            PSASTWrapperElement(DoNotationValue)
              PSASTWrapperElement(Value)
                PSASTWrapperElement(PrefixValue)
                  PSASTWrapperElement(Var)
                    PSASTWrapperElement(Qualified)
                      PsiElement(identifier)('when')
                      PsiElement(whitespace)(' ')
                  PSASTWrapperElement(Parens)
                    PsiElement(()('(')
                    PSASTWrapperElement(Value)
                      PSASTWrapperElement(PrefixValue)
                        PSASTWrapperElement(Var)
                          PSASTWrapperElement(Qualified)
                            PsiElement(identifier)('not')
                            PsiElement(whitespace)(' ')
                        PSASTWrapperElement(Var)
                          PSASTWrapperElement(Qualified)
                            PsiElement(identifier)('gotLT')
                    PsiElement())(')')
                    PsiElement(whitespace)(' ')
                PSASTWrapperElement(IdentInfix)
                  PSASTWrapperElement(Qualified)
                    PsiElement(operator)('$')
                    PsiElement(whitespace)(' ')
                PSASTWrapperElement(Value)
                  PSASTWrapperElement(PrefixValue)
                    PSASTWrapperElement(Var)
                      PSASTWrapperElement(Qualified)
                        PsiElement(identifier)('log')
                        PsiElement(whitespace)(' ')
                    PSASTWrapperElement(StringLiteral)
                      PsiElement(string)('"Did not get LT"')
                      PsiElement(whitespace)('\n  ')
            PSASTWrapperElement(DoNotationValue)
              PSASTWrapperElement(Value)
                PSASTWrapperElement(PrefixValue)
                  PSASTWrapperElement(Var)
                    PSASTWrapperElement(Qualified)
                      PsiElement(identifier)('when')
                      PsiElement(whitespace)(' ')
                  PSASTWrapperElement(Parens)
                    PsiElement(()('(')
                    PSASTWrapperElement(Value)
                      PSASTWrapperElement(PrefixValue)
                        PSASTWrapperElement(Var)
                          PSASTWrapperElement(Qualified)
                            PsiElement(identifier)('not')
                            PsiElement(whitespace)(' ')
                        PSASTWrapperElement(Var)
                          PSASTWrapperElement(Qualified)
                            PsiElement(identifier)('gotEQ')
                    PsiElement())(')')
                    PsiElement(whitespace)(' ')
                PSASTWrapperElement(IdentInfix)
                  PSASTWrapperElement(Qualified)
                    PsiElement(operator)('$')
                    PsiElement(whitespace)(' ')
                PSASTWrapperElement(Value)
                  PSASTWrapperElement(PrefixValue)
                    PSASTWrapperElement(Var)
                      PSASTWrapperElement(Qualified)
                        PsiElement(identifier)('log')
                        PsiElement(whitespace)(' ')
                    PSASTWrapperElement(StringLiteral)
                      PsiElement(string)('"Did not get EQ"')
                      PsiElement(whitespace)('\n  ')
            PSASTWrapperElement(DoNotationValue)
              PSASTWrapperElement(Value)
                PSASTWrapperElement(PrefixValue)
                  PSASTWrapperElement(Var)
                    PSASTWrapperElement(Qualified)
                      PsiElement(identifier)('when')
                      PsiElement(whitespace)(' ')
                  PSASTWrapperElement(Parens)
                    PsiElement(()('(')
                    PSASTWrapperElement(Value)
                      PSASTWrapperElement(PrefixValue)
                        PSASTWrapperElement(Var)
                          PSASTWrapperElement(Qualified)
                            PsiElement(identifier)('not')
                            PsiElement(whitespace)(' ')
                        PSASTWrapperElement(Var)
                          PSASTWrapperElement(Qualified)
                            PsiElement(identifier)('gotGT')
                    PsiElement())(')')
                    PsiElement(whitespace)(' ')
                PSASTWrapperElement(IdentInfix)
                  PSASTWrapperElement(Qualified)
                    PsiElement(operator)('$')
                    PsiElement(whitespace)(' ')
                PSASTWrapperElement(Value)
                  PSASTWrapperElement(PrefixValue)
                    PSASTWrapperElement(Var)
                      PSASTWrapperElement(Qualified)
                        PsiElement(identifier)('log')
                        PsiElement(whitespace)(' ')
                    PSASTWrapperElement(StringLiteral)
                      PsiElement(string)('"Did not get GT"')
                      PsiElement(whitespace)('\n  ')
            PSASTWrapperElement(DoNotationValue)
              PSASTWrapperElement(Value)
                PSASTWrapperElement(PrefixValue)
                  PSASTWrapperElement(Var)
                    PSASTWrapperElement(Qualified)
                      PsiElement(identifier)('when')
                      PsiElement(whitespace)(' ')
                  PSASTWrapperElement(Parens)
                    PsiElement(()('(')
                    PSASTWrapperElement(Value)
                      PSASTWrapperElement(PrefixValue)
                        PSASTWrapperElement(Var)
                          PSASTWrapperElement(Qualified)
                            PsiElement(identifier)('gotLT')
                            PsiElement(whitespace)(' ')
                      PSASTWrapperElement(IdentInfix)
                        PSASTWrapperElement(Qualified)
                          PsiElement(operator)('&&')
                          PsiElement(whitespace)(' ')
                      PSASTWrapperElement(Value)
                        PSASTWrapperElement(PrefixValue)
                          PSASTWrapperElement(Var)
                            PSASTWrapperElement(Qualified)
                              PsiElement(identifier)('gotEQ')
                              PsiElement(whitespace)(' ')
                        PSASTWrapperElement(IdentInfix)
                          PSASTWrapperElement(Qualified)
                            PsiElement(operator)('&&')
                            PsiElement(whitespace)(' ')
                        PSASTWrapperElement(Value)
                          PSASTWrapperElement(PrefixValue)
                            PSASTWrapperElement(Var)
                              PSASTWrapperElement(Qualified)
                                PsiElement(identifier)('gotGT')
                    PsiElement())(')')
                    PsiElement(whitespace)(' ')
                PSASTWrapperElement(IdentInfix)
                  PSASTWrapperElement(Qualified)
                    PsiElement(operator)('$')
                    PsiElement(whitespace)(' ')
                PSASTWrapperElement(Value)
                  PSASTWrapperElement(PrefixValue)
                    PSASTWrapperElement(Var)
                      PSASTWrapperElement(Qualified)
                        PsiElement(identifier)('log')
                        PsiElement(whitespace)(' ')
                    PSASTWrapperElement(StringLiteral)
                      PsiElement(string)('"Done"')