Purescript File
  PSASTWrapperElement(Program)
    PSASTWrapperElement(Module)
      PsiElement(module)('module')
      PsiElement(whitespace)(' ')
      PSASTWrapperElement(Qualified)
        PSASTWrapperElement(ModuleName)
          PsiElement(proper name)('Main')
      PsiElement(whitespace)(' ')
      PsiElement(where)('where')
      PsiElement(whitespace)('\n\n')
      PSASTWrapperElement(ImportDeclaration)
        PsiElement(import)('import')
        PsiElement(whitespace)(' ')
        PSASTWrapperElement(Qualified)
          PSASTWrapperElement(ModuleName)
            PsiElement(proper name)('Prelude')
        PsiElement(whitespace)('\n')
      PSASTWrapperElement(ImportDeclaration)
        PsiElement(import)('import')
        PsiElement(whitespace)(' ')
        PSASTWrapperElement(Qualified)
          PSASTWrapperElement(ModuleName)
            PsiElement(proper name)('Control')
            PsiElement(.)('.')
          PSASTWrapperElement(ModuleName)
            PsiElement(proper name)('Monad')
            PsiElement(.)('.')
          PSASTWrapperElement(ModuleName)
            PsiElement(proper name)('Eff')
            PsiElement(.)('.')
          PSASTWrapperElement(ModuleName)
            PsiElement(proper name)('Console')
        PsiElement(whitespace)('\n')
      PSASTWrapperElement(ImportDeclaration)
        PsiElement(import)('import')
        PsiElement(whitespace)(' ')
        PSASTWrapperElement(Qualified)
          PSASTWrapperElement(ModuleName)
            PsiElement(proper name)('Control')
            PsiElement(.)('.')
          PSASTWrapperElement(ModuleName)
            PsiElement(proper name)('Monad')
            PsiElement(.)('.')
          PSASTWrapperElement(ModuleName)
            PsiElement(proper name)('Eff')
        PsiElement(whitespace)('\n\n')
      PSASTWrapperElement(TypeClassDeclaration)
        PsiElement(class)('class')
        PsiElement(whitespace)(' ')
        PSASTWrapperElement(Qualified)
          PsiElement(proper name)('Monad')
          PsiElement(whitespace)(' ')
        PSASTWrapperElement(TypeAtom)
          PSASTWrapperElement(TypeVar)
            PsiElement(identifier)('m')
            PsiElement(whitespace)(' ')
        PSASTWrapperElement(Implies)
          PsiElement(<=)('<=')
          PsiElement(whitespace)(' ')
        PSASTWrapperElement(ClassName)
          PsiElement(proper name)('MonadWriter')
          PsiElement(whitespace)(' ')
        PsiElement(identifier)('w')
        PsiElement(whitespace)(' ')
        PsiElement(identifier)('m')
        PsiElement(whitespace)(' ')
        PsiElement(where)('where')
        PsiElement(whitespace)('\n  ')
        PSASTWrapperElement(TypeDeclaration)
          PsiElement(identifier)('tell')
          PsiElement(whitespace)(' ')
          PsiElement(::)('::')
          PsiElement(whitespace)(' ')
          PSASTWrapperElement(Type)
            PSASTWrapperElement(TypeAtom)
              PSASTWrapperElement(TypeVar)
                PsiElement(identifier)('w')
                PsiElement(whitespace)(' ')
            PsiElement(->)('->')
            PsiElement(whitespace)(' ')
            PSASTWrapperElement(Type)
              PSASTWrapperElement(TypeAtom)
                PSASTWrapperElement(TypeVar)
                  PsiElement(identifier)('m')
                  PsiElement(whitespace)(' ')
              PSASTWrapperElement(TypeAtom)
                PSASTWrapperElement(TypeConstructor)
                  PSASTWrapperElement(Qualified)
                    PsiElement(proper name)('Unit')
                    PsiElement(whitespace)('\n\n')
      PSASTWrapperElement(TypeDeclaration)
        PsiElement(identifier)('testFunctor')
        PsiElement(whitespace)(' ')
        PsiElement(::)('::')
        PsiElement(whitespace)(' ')
        PSASTWrapperElement(Type)
          PSASTWrapperElement(TypeAtom)
            PSASTWrapperElement(ForAll)
              PsiElement(forall)('forall')
              PsiElement(whitespace)(' ')
              PsiElement(identifier)('m')
              PsiElement(.)('.')
              PsiElement(whitespace)(' ')
              PSASTWrapperElement(ConstrainedType)
                PSASTWrapperElement(Type)
                  PSASTWrapperElement(TypeAtom)
                    PSASTWrapperElement(TypeConstructor)
                      PSASTWrapperElement(Qualified)
                        PsiElement(proper name)('Monad')
                        PsiElement(whitespace)(' ')
                  PSASTWrapperElement(TypeAtom)
                    PSASTWrapperElement(TypeVar)
                      PsiElement(identifier)('m')
                      PsiElement(whitespace)(' ')
                  PsiElement(=>)('=>')
                  PsiElement(whitespace)(' ')
                  PSASTWrapperElement(Type)
                    PSASTWrapperElement(TypeAtom)
                      PSASTWrapperElement(TypeVar)
                        PsiElement(identifier)('m')
                        PsiElement(whitespace)(' ')
                    PSASTWrapperElement(TypeAtom)
                      PSASTWrapperElement(TypeConstructor)
                        PSASTWrapperElement(Qualified)
                          PsiElement(proper name)('Number')
                          PsiElement(whitespace)(' ')
                    PsiElement(->)('->')
                    PsiElement(whitespace)(' ')
                    PSASTWrapperElement(Type)
                      PSASTWrapperElement(TypeAtom)
                        PSASTWrapperElement(TypeVar)
                          PsiElement(identifier)('m')
                          PsiElement(whitespace)(' ')
                      PSASTWrapperElement(TypeAtom)
                        PSASTWrapperElement(TypeConstructor)
                          PSASTWrapperElement(Qualified)
                            PsiElement(proper name)('Number')
                            PsiElement(whitespace)('\n')
      PSASTWrapperElement(ValueDeclaration)
        PsiElement(identifier)('testFunctor')
        PsiElement(whitespace)(' ')
        PSASTWrapperElement(Binder)
          PSASTWrapperElement(VarBinder)
            PsiElement(identifier)('n')
            PsiElement(whitespace)(' ')
        PsiElement(=)('=')
        PsiElement(whitespace)(' ')
        PSASTWrapperElement(Value)
          PSASTWrapperElement(PrefixValue)
            PSASTWrapperElement(Var)
              PSASTWrapperElement(Qualified)
                PsiElement(()('(')
                PSASTWrapperElement(identifier)
                  PsiElement(operator)('+')
                PsiElement())(')')
                PsiElement(whitespace)(' ')
            PSASTWrapperElement(NumericLiteral)
              PsiElement(float)('1.0')
              PsiElement(whitespace)(' ')
          PSASTWrapperElement(IdentInfix)
            PSASTWrapperElement(Qualified)
              PsiElement(operator)('<$>')
              PsiElement(whitespace)(' ')
          PSASTWrapperElement(Value)
            PSASTWrapperElement(PrefixValue)
              PSASTWrapperElement(Var)
                PSASTWrapperElement(Qualified)
                  PsiElement(identifier)('n')
                  PsiElement(whitespace)('\n\n')
      PSASTWrapperElement(TypeDeclaration)
        PsiElement(identifier)('test')
        PsiElement(whitespace)(' ')
        PsiElement(::)('::')
        PsiElement(whitespace)(' ')
        PSASTWrapperElement(Type)
          PSASTWrapperElement(TypeAtom)
            PSASTWrapperElement(ForAll)
              PsiElement(forall)('forall')
              PsiElement(whitespace)(' ')
              PsiElement(identifier)('w')
              PsiElement(whitespace)(' ')
              PsiElement(identifier)('m')
              PsiElement(.)('.')
              PsiElement(whitespace)(' ')
              PSASTWrapperElement(ConstrainedType)
                PSASTWrapperElement(Type)
                  PSASTWrapperElement(TypeAtom)
                    PSASTWrapperElement(TypeConstructor)
                      PSASTWrapperElement(Qualified)
                        PsiElement(proper name)('Monad')
                        PsiElement(whitespace)(' ')
                  PSASTWrapperElement(TypeAtom)
                    PSASTWrapperElement(TypeVar)
                      PsiElement(identifier)('m')
                      PsiElement(whitespace)(' ')
                  PsiElement(=>)('=>')
                  PsiElement(whitespace)(' ')
                  PSASTWrapperElement(Type)
                    PSASTWrapperElement(TypeAtom)
                      PSASTWrapperElement(TypeConstructor)
                        PSASTWrapperElement(Qualified)
                          PsiElement(proper name)('MonadWriter')
                          PsiElement(whitespace)(' ')
                    PSASTWrapperElement(TypeAtom)
                      PSASTWrapperElement(TypeVar)
                        PsiElement(identifier)('w')
                        PsiElement(whitespace)(' ')
                    PSASTWrapperElement(TypeAtom)
                      PSASTWrapperElement(TypeVar)
                        PsiElement(identifier)('m')
                        PsiElement(whitespace)(' ')
                    PsiElement(=>)('=>')
                    PsiElement(whitespace)(' ')
                    PSASTWrapperElement(Type)
                      PSASTWrapperElement(TypeAtom)
                        PSASTWrapperElement(TypeVar)
                          PsiElement(identifier)('w')
                          PsiElement(whitespace)(' ')
                      PsiElement(->)('->')
                      PsiElement(whitespace)(' ')
                      PSASTWrapperElement(Type)
                        PSASTWrapperElement(TypeAtom)
                          PSASTWrapperElement(TypeVar)
                            PsiElement(identifier)('m')
                            PsiElement(whitespace)(' ')
                        PSASTWrapperElement(TypeAtom)
                          PSASTWrapperElement(TypeConstructor)
                            PSASTWrapperElement(Qualified)
                              PsiElement(proper name)('Unit')
                              PsiElement(whitespace)('\n')
      PSASTWrapperElement(ValueDeclaration)
        PsiElement(identifier)('test')
        PsiElement(whitespace)(' ')
        PSASTWrapperElement(Binder)
          PSASTWrapperElement(VarBinder)
            PsiElement(identifier)('w')
            PsiElement(whitespace)(' ')
        PsiElement(=)('=')
        PsiElement(whitespace)(' ')
        PSASTWrapperElement(Value)
          PSASTWrapperElement(PrefixValue)
            PsiElement(do)('do')
            PsiElement(whitespace)('\n  ')
            PSASTWrapperElement(DoNotationValue)
              PSASTWrapperElement(Value)
                PSASTWrapperElement(PrefixValue)
                  PSASTWrapperElement(Var)
                    PSASTWrapperElement(Qualified)
                      PsiElement(identifier)('tell')
                      PsiElement(whitespace)(' ')
                  PSASTWrapperElement(Var)
                    PSASTWrapperElement(Qualified)
                      PsiElement(identifier)('w')
                      PsiElement(whitespace)('\n  ')
            PSASTWrapperElement(DoNotationValue)
              PSASTWrapperElement(Value)
                PSASTWrapperElement(PrefixValue)
                  PSASTWrapperElement(Var)
                    PSASTWrapperElement(Qualified)
                      PsiElement(identifier)('tell')
                      PsiElement(whitespace)(' ')
                  PSASTWrapperElement(Var)
                    PSASTWrapperElement(Qualified)
                      PsiElement(identifier)('w')
                      PsiElement(whitespace)('\n  ')
            PSASTWrapperElement(DoNotationValue)
              PSASTWrapperElement(Value)
                PSASTWrapperElement(PrefixValue)
                  PSASTWrapperElement(Var)
                    PSASTWrapperElement(Qualified)
                      PsiElement(identifier)('tell')
                      PsiElement(whitespace)(' ')
                  PSASTWrapperElement(Var)
                    PSASTWrapperElement(Qualified)
                      PsiElement(identifier)('w')
                      PsiElement(whitespace)('\n\n')
      PSASTWrapperElement(DataDeclaration)
        PsiElement(data)('data')
        PsiElement(whitespace)(' ')
        PsiElement(proper name)('MTrace')
        PsiElement(whitespace)(' ')
        PSASTWrapperElement(TypeArgs)
          PsiElement(identifier)('a')
          PsiElement(whitespace)(' ')
        PsiElement(=)('=')
        PsiElement(whitespace)(' ')
        PsiElement(proper name)('MTrace')
        PsiElement(whitespace)(' ')
        PSASTWrapperElement(TypeAtom)
          PsiElement(()('(')
          PSASTWrapperElement(Type)
            PSASTWrapperElement(TypeAtom)
              PSASTWrapperElement(TypeConstructor)
                PSASTWrapperElement(Qualified)
                  PsiElement(proper name)('Eff')
                  PsiElement(whitespace)(' ')
            PSASTWrapperElement(TypeAtom)
              PsiElement(()('(')
              PSASTWrapperElement(Row)
                PSASTWrapperElement(identifier)
                  PsiElement(identifier)('console')
                PsiElement(whitespace)(' ')
                PsiElement(::)('::')
                PsiElement(whitespace)(' ')
                PSASTWrapperElement(Type)
                  PSASTWrapperElement(TypeAtom)
                    PSASTWrapperElement(TypeConstructor)
                      PSASTWrapperElement(Qualified)
                        PsiElement(proper name)('CONSOLE')
              PsiElement())(')')
              PsiElement(whitespace)(' ')
            PSASTWrapperElement(TypeAtom)
              PSASTWrapperElement(TypeVar)
                PsiElement(identifier)('a')
          PsiElement())(')')
          PsiElement(whitespace)('\n\n')
      PSASTWrapperElement(TypeDeclaration)
        PsiElement(identifier)('runMTrace')
        PsiElement(whitespace)(' ')
        PsiElement(::)('::')
        PsiElement(whitespace)(' ')
        PSASTWrapperElement(Type)
          PSASTWrapperElement(TypeAtom)
            PSASTWrapperElement(ForAll)
              PsiElement(forall)('forall')
              PsiElement(whitespace)(' ')
              PsiElement(identifier)('a')
              PsiElement(.)('.')
              PsiElement(whitespace)(' ')
              PSASTWrapperElement(ConstrainedType)
                PSASTWrapperElement(Type)
                  PSASTWrapperElement(TypeAtom)
                    PSASTWrapperElement(TypeConstructor)
                      PSASTWrapperElement(Qualified)
                        PsiElement(proper name)('MTrace')
                        PsiElement(whitespace)(' ')
                  PSASTWrapperElement(TypeAtom)
                    PSASTWrapperElement(TypeVar)
                      PsiElement(identifier)('a')
                      PsiElement(whitespace)(' ')
                  PsiElement(->)('->')
                  PsiElement(whitespace)(' ')
                  PSASTWrapperElement(Type)
                    PSASTWrapperElement(TypeAtom)
                      PSASTWrapperElement(TypeConstructor)
                        PSASTWrapperElement(Qualified)
                          PsiElement(proper name)('Eff')
                          PsiElement(whitespace)(' ')
                    PSASTWrapperElement(TypeAtom)
                      PsiElement(()('(')
                      PSASTWrapperElement(Row)
                        PSASTWrapperElement(identifier)
                          PsiElement(identifier)('console')
                        PsiElement(whitespace)(' ')
                        PsiElement(::)('::')
                        PsiElement(whitespace)(' ')
                        PSASTWrapperElement(Type)
                          PSASTWrapperElement(TypeAtom)
                            PSASTWrapperElement(TypeConstructor)
                              PSASTWrapperElement(Qualified)
                                PsiElement(proper name)('CONSOLE')
                      PsiElement())(')')
                      PsiElement(whitespace)(' ')
                    PSASTWrapperElement(TypeAtom)
                      PSASTWrapperElement(TypeVar)
                        PsiElement(identifier)('a')
                        PsiElement(whitespace)('\n')
      PSASTWrapperElement(ValueDeclaration)
        PsiElement(identifier)('runMTrace')
        PsiElement(whitespace)(' ')
        PSASTWrapperElement(Binder)
          PsiElement(()('(')
          PSASTWrapperElement(Binder)
            PSASTWrapperElement(BinderAtom)
              PSASTWrapperElement(ConstructorBinder)
                PSASTWrapperElement(Qualified)
                  PsiElement(proper name)('MTrace')
                  PsiElement(whitespace)(' ')
                PSASTWrapperElement(Binder)
                  PSASTWrapperElement(VarBinder)
                    PsiElement(identifier)('a')
          PsiElement())(')')
          PsiElement(whitespace)(' ')
        PsiElement(=)('=')
        PsiElement(whitespace)(' ')
        PSASTWrapperElement(Value)
          PSASTWrapperElement(PrefixValue)
            PSASTWrapperElement(Var)
              PSASTWrapperElement(Qualified)
                PsiElement(identifier)('a')
                PsiElement(whitespace)('\n\n')
      PSASTWrapperElement(TypeInstanceDeclaration)
        PsiElement(instance)('instance')
        PsiElement(whitespace)(' ')
        PsiElement(identifier)('functorMTrace')
        PsiElement(whitespace)(' ')
        PsiElement(::)('::')
        PsiElement(whitespace)(' ')
        PSASTWrapperElement(Qualified)
          PsiElement(proper name)('Functor')
          PsiElement(whitespace)(' ')
        PSASTWrapperElement(TypeAtom)
          PSASTWrapperElement(TypeConstructor)
            PSASTWrapperElement(Qualified)
              PsiElement(proper name)('MTrace')
              PsiElement(whitespace)(' ')
        PsiElement(where)('where')
        PsiElement(whitespace)('\n  ')
        PSASTWrapperElement(ValueDeclaration)
          PsiElement(identifier)('map')
          PsiElement(whitespace)(' ')
          PsiElement(=)('=')
          PsiElement(whitespace)(' ')
          PSASTWrapperElement(Value)
            PSASTWrapperElement(PrefixValue)
              PSASTWrapperElement(Var)
                PSASTWrapperElement(Qualified)
                  PsiElement(identifier)('liftM1')
                  PsiElement(whitespace)('\n\n')
      PSASTWrapperElement(TypeInstanceDeclaration)
        PsiElement(instance)('instance')
        PsiElement(whitespace)(' ')
        PsiElement(identifier)('applyMTrace')
        PsiElement(whitespace)(' ')
        PsiElement(::)('::')
        PsiElement(whitespace)(' ')
        PSASTWrapperElement(Qualified)
          PsiElement(proper name)('Apply')
          PsiElement(whitespace)(' ')
        PSASTWrapperElement(TypeAtom)
          PSASTWrapperElement(TypeConstructor)
            PSASTWrapperElement(Qualified)
              PsiElement(proper name)('MTrace')
              PsiElement(whitespace)(' ')
        PsiElement(where)('where')
        PsiElement(whitespace)('\n  ')
        PSASTWrapperElement(ValueDeclaration)
          PsiElement(identifier)('apply')
          PsiElement(whitespace)(' ')
          PsiElement(=)('=')
          PsiElement(whitespace)(' ')
          PSASTWrapperElement(Value)
            PSASTWrapperElement(PrefixValue)
              PSASTWrapperElement(Var)
                PSASTWrapperElement(Qualified)
                  PsiElement(identifier)('ap')
                  PsiElement(whitespace)('\n\n')
      PSASTWrapperElement(TypeInstanceDeclaration)
        PsiElement(instance)('instance')
        PsiElement(whitespace)(' ')
        PsiElement(identifier)('applicativeMTrace')
        PsiElement(whitespace)(' ')
        PsiElement(::)('::')
        PsiElement(whitespace)(' ')
        PSASTWrapperElement(Qualified)
          PsiElement(proper name)('Applicative')
          PsiElement(whitespace)(' ')
        PSASTWrapperElement(TypeAtom)
          PSASTWrapperElement(TypeConstructor)
            PSASTWrapperElement(Qualified)
              PsiElement(proper name)('MTrace')
              PsiElement(whitespace)(' ')
        PsiElement(where)('where')
        PsiElement(whitespace)('\n  ')
        PSASTWrapperElement(ValueDeclaration)
          PsiElement(identifier)('pure')
          PsiElement(whitespace)(' ')
          PsiElement(=)('=')
          PsiElement(whitespace)(' ')
          PSASTWrapperElement(Value)
            PSASTWrapperElement(PrefixValue)
              PSASTWrapperElement(Constructor)
                PSASTWrapperElement(Qualified)
                  PsiElement(proper name)('MTrace')
                  PsiElement(whitespace)(' ')
            PSASTWrapperElement(IdentInfix)
              PSASTWrapperElement(Qualified)
                PsiElement(operator)('<<<')
                PsiElement(whitespace)(' ')
            PSASTWrapperElement(Value)
              PSASTWrapperElement(PrefixValue)
                PSASTWrapperElement(Var)
                  PSASTWrapperElement(Qualified)
                    PsiElement(identifier)('pure')
                    PsiElement(whitespace)('\n\n')
      PSASTWrapperElement(TypeInstanceDeclaration)
        PsiElement(instance)('instance')
        PsiElement(whitespace)(' ')
        PsiElement(identifier)('bindMTrace')
        PsiElement(whitespace)(' ')
        PsiElement(::)('::')
        PsiElement(whitespace)(' ')
        PSASTWrapperElement(Qualified)
          PsiElement(proper name)('Bind')
          PsiElement(whitespace)(' ')
        PSASTWrapperElement(TypeAtom)
          PSASTWrapperElement(TypeConstructor)
            PSASTWrapperElement(Qualified)
              PsiElement(proper name)('MTrace')
              PsiElement(whitespace)(' ')
        PsiElement(where)('where')
        PsiElement(whitespace)('\n  ')
        PSASTWrapperElement(ValueDeclaration)
          PsiElement(identifier)('bind')
          PsiElement(whitespace)(' ')
          PSASTWrapperElement(Binder)
            PSASTWrapperElement(VarBinder)
              PsiElement(identifier)('m')
              PsiElement(whitespace)(' ')
          PSASTWrapperElement(Binder)
            PSASTWrapperElement(VarBinder)
              PsiElement(identifier)('f')
              PsiElement(whitespace)(' ')
          PsiElement(=)('=')
          PsiElement(whitespace)(' ')
          PSASTWrapperElement(Value)
            PSASTWrapperElement(PrefixValue)
              PSASTWrapperElement(Constructor)
                PSASTWrapperElement(Qualified)
                  PsiElement(proper name)('MTrace')
                  PsiElement(whitespace)(' ')
              PSASTWrapperElement(Parens)
                PsiElement(()('(')
                PSASTWrapperElement(Value)
                  PSASTWrapperElement(PrefixValue)
                    PSASTWrapperElement(Var)
                      PSASTWrapperElement(Qualified)
                        PsiElement(identifier)('runMTrace')
                        PsiElement(whitespace)(' ')
                    PSASTWrapperElement(Var)
                      PSASTWrapperElement(Qualified)
                        PsiElement(identifier)('m')
                        PsiElement(whitespace)(' ')
                  PSASTWrapperElement(IdentInfix)
                    PSASTWrapperElement(Qualified)
                      PsiElement(operator)('>>=')
                      PsiElement(whitespace)(' ')
                  PSASTWrapperElement(Value)
                    PSASTWrapperElement(PrefixValue)
                      PSASTWrapperElement(Parens)
                        PsiElement(()('(')
                        PSASTWrapperElement(Value)
                          PSASTWrapperElement(PrefixValue)
                            PSASTWrapperElement(Var)
                              PSASTWrapperElement(Qualified)
                                PsiElement(identifier)('runMTrace')
                                PsiElement(whitespace)(' ')
                          PSASTWrapperElement(IdentInfix)
                            PSASTWrapperElement(Qualified)
                              PsiElement(operator)('<<<')
                              PsiElement(whitespace)(' ')
                          PSASTWrapperElement(Value)
                            PSASTWrapperElement(PrefixValue)
                              PSASTWrapperElement(Var)
                                PSASTWrapperElement(Qualified)
                                  PsiElement(identifier)('f')
                        PsiElement())(')')
                PsiElement())(')')
                PsiElement(whitespace)('\n\n')
      PSASTWrapperElement(TypeInstanceDeclaration)
        PsiElement(instance)('instance')
        PsiElement(whitespace)(' ')
        PsiElement(identifier)('monadMTrace')
        PsiElement(whitespace)(' ')
        PsiElement(::)('::')
        PsiElement(whitespace)(' ')
        PSASTWrapperElement(Qualified)
          PsiElement(proper name)('Monad')
          PsiElement(whitespace)(' ')
        PSASTWrapperElement(TypeAtom)
          PSASTWrapperElement(TypeConstructor)
            PSASTWrapperElement(Qualified)
              PsiElement(proper name)('MTrace')
              PsiElement(whitespace)('\n\n')
      PSASTWrapperElement(TypeInstanceDeclaration)
        PsiElement(instance)('instance')
        PsiElement(whitespace)(' ')
        PsiElement(identifier)('writerMTrace')
        PsiElement(whitespace)(' ')
        PsiElement(::)('::')
        PsiElement(whitespace)(' ')
        PSASTWrapperElement(Qualified)
          PsiElement(proper name)('MonadWriter')
          PsiElement(whitespace)(' ')
        PSASTWrapperElement(TypeAtom)
          PSASTWrapperElement(TypeConstructor)
            PSASTWrapperElement(Qualified)
              PsiElement(proper name)('String')
              PsiElement(whitespace)(' ')
        PSASTWrapperElement(TypeAtom)
          PSASTWrapperElement(TypeConstructor)
            PSASTWrapperElement(Qualified)
              PsiElement(proper name)('MTrace')
              PsiElement(whitespace)(' ')
        PsiElement(where)('where')
        PsiElement(whitespace)('\n  ')
        PSASTWrapperElement(ValueDeclaration)
          PsiElement(identifier)('tell')
          PsiElement(whitespace)(' ')
          PSASTWrapperElement(Binder)
            PSASTWrapperElement(VarBinder)
              PsiElement(identifier)('s')
              PsiElement(whitespace)(' ')
          PsiElement(=)('=')
          PsiElement(whitespace)(' ')
          PSASTWrapperElement(Value)
            PSASTWrapperElement(PrefixValue)
              PSASTWrapperElement(Constructor)
                PSASTWrapperElement(Qualified)
                  PsiElement(proper name)('MTrace')
                  PsiElement(whitespace)(' ')
              PSASTWrapperElement(Parens)
                PsiElement(()('(')
                PSASTWrapperElement(Value)
                  PSASTWrapperElement(PrefixValue)
                    PSASTWrapperElement(Var)
                      PSASTWrapperElement(Qualified)
                        PsiElement(identifier)('log')
                        PsiElement(whitespace)(' ')
                    PSASTWrapperElement(Var)
                      PSASTWrapperElement(Qualified)
                        PsiElement(identifier)('s')
                PsiElement())(')')
                PsiElement(whitespace)('\n\n')
      PSASTWrapperElement(ValueDeclaration)
        PsiElement(identifier)('main')
        PsiElement(whitespace)(' ')
        PsiElement(=)('=')
        PsiElement(whitespace)(' ')
        PSASTWrapperElement(Value)
          PSASTWrapperElement(PrefixValue)
            PSASTWrapperElement(Var)
              PSASTWrapperElement(Qualified)
                PsiElement(identifier)('runMTrace')
                PsiElement(whitespace)(' ')
          PSASTWrapperElement(IdentInfix)
            PSASTWrapperElement(Qualified)
              PsiElement(operator)('$')
              PsiElement(whitespace)(' ')
          PSASTWrapperElement(Value)
            PSASTWrapperElement(PrefixValue)
              PSASTWrapperElement(Var)
                PSASTWrapperElement(Qualified)
                  PsiElement(identifier)('test')
                  PsiElement(whitespace)(' ')
              PSASTWrapperElement(StringLiteral)
                PsiElement(string)('"Done"')