Purescript File
  PSASTWrapperElement(Program)
    PSASTWrapperElement(Module)
      PsiElement(module)('module')
      PsiElement(whitespace)(' ')
      PSASTWrapperElement(Qualified)
        PSASTWrapperElement(ModuleName)
          PsiElement(proper name)('Main')
      PsiElement(whitespace)(' ')
      PsiElement(where)('where')
      PsiElement(whitespace)('\n\n')
      PSASTWrapperElement(TypeSynonymDeclaration)
        PsiElement(type)('type')
        PsiElement(whitespace)(' ')
        PsiElement(proper name)('Wii')
        PsiElement(whitespace)(' ')
        PsiElement(=)('=')
        PsiElement(whitespace)(' ')
        PSASTWrapperElement(Type)
          PSASTWrapperElement(TypeAtom)
            PsiElement(()('(')
            PSASTWrapperElement(Row)
              PSASTWrapperElement(identifier)
                PsiElement(identifier)('console')
              PsiElement(whitespace)(' ')
              PsiElement(::)('::')
              PsiElement(whitespace)(' ')
              PSASTWrapperElement(Type)
                PSASTWrapperElement(TypeAtom)
                  PsiElement(()('(')
                  PSASTWrapperElement(Type)
                    PSASTWrapperElement(TypeAtom)
                      PSASTWrapperElement(TypeConstructor)
                        PSASTWrapperElement(Qualified)
                          PsiElement(proper name)('String')
                          PsiElement(whitespace)(' ')
                    PsiElement(->)('->')
                    PsiElement(whitespace)(' ')
                    PSASTWrapperElement(Type)
                      PSASTWrapperElement(TypeAtom)
                        PSASTWrapperElement(TypeConstructor)
                          PSASTWrapperElement(Qualified)
                            PsiElement(proper name)('String')
                  PsiElement())(')')
                  PsiElement(whitespace)(' ')
              PsiElement(|)('|')
              PsiElement(whitespace)(' ')
              PSASTWrapperElement(TypeVar)
                PsiElement(identifier)('eff')
            PsiElement())(')')
            PsiElement(whitespace)('\n\n')
      PSASTWrapperElement(TypeSynonymDeclaration)
        PsiElement(type)('type')
        PsiElement(whitespace)(' ')
        PsiElement(proper name)('Wii')
        PsiElement(whitespace)(' ')
        PsiElement(=)('=')
        PsiElement(whitespace)(' ')
        PSASTWrapperElement(Type)
          PSASTWrapperElement(TypeAtom)
            PsiElement(()('(')
            PSASTWrapperElement(Row)
              PSASTWrapperElement(identifier)
                PsiElement(identifier)('console')
              PsiElement(whitespace)(' ')
              PsiElement(::)('::')
              PsiElement(whitespace)(' ')
              PSASTWrapperElement(Type)
                PSASTWrapperElement(TypeAtom)
                  PsiElement(()('(')
                  PSASTWrapperElement(Type)
                    PSASTWrapperElement(TypeAtom)
                      PSASTWrapperElement(TypeConstructor)
                        PSASTWrapperElement(Qualified)
                          PsiElement(proper name)('String')
                          PsiElement(whitespace)(' ')
                    PsiElement(->)('->')
                    PsiElement(whitespace)(' ')
                    PSASTWrapperElement(Type)
                      PSASTWrapperElement(TypeAtom)
                        PSASTWrapperElement(TypeConstructor)
                          PSASTWrapperElement(Qualified)
                            PsiElement(proper name)('String')
                  PsiElement())(')')
            PsiElement())(')')
            PsiElement(whitespace)('\n\n')
      PSASTWrapperElement(TypeSynonymDeclaration)
        PsiElement(type)('type')
        PsiElement(whitespace)(' ')
        PsiElement(proper name)('Wii')
        PsiElement(whitespace)(' ')
        PsiElement(=)('=')
        PsiElement(whitespace)(' ')
        PSASTWrapperElement(Type)
          PSASTWrapperElement(TypeAtom)
            PsiElement(()('(')
            PSASTWrapperElement(Row)
              PSASTWrapperElement(identifier)
                PsiElement(identifier)('console')
              PsiElement(whitespace)(' ')
              PsiElement(::)('::')
              PsiElement(whitespace)(' ')
              PSASTWrapperElement(Type)
                PSASTWrapperElement(TypeAtom)
                  PsiElement(()('(')
                  PSASTWrapperElement(Type)
                    PSASTWrapperElement(TypeAtom)
                      PSASTWrapperElement(TypeConstructor)
                        PSASTWrapperElement(Qualified)
                          PsiElement(proper name)('Array')
                          PsiElement(whitespace)(' ')
                    PSASTWrapperElement(TypeAtom)
                      PsiElement(()('(')
                      PSASTWrapperElement(Type)
                        PSASTWrapperElement(TypeAtom)
                          PSASTWrapperElement(TypeConstructor)
                            PSASTWrapperElement(Qualified)
                              PsiElement(proper name)('User')
                              PsiElement(whitespace)(' ')
                        PSASTWrapperElement(TypeAtom)
                          PSASTWrapperElement(TypeVar)
                            PsiElement(identifier)('a')
                      PsiElement())(')')
                  PsiElement())(')')
            PsiElement())(')')
            PsiElement(whitespace)('\n\n')
      PSASTWrapperElement(TypeSynonymDeclaration)
        PsiElement(type)('type')
        PsiElement(whitespace)(' ')
        PsiElement(proper name)('Wii')
        PsiElement(whitespace)(' ')
        PsiElement(=)('=')
        PsiElement(whitespace)(' ')
        PSASTWrapperElement(Type)
          PSASTWrapperElement(TypeAtom)
            PsiElement(()('(')
            PSASTWrapperElement(Row)
              PSASTWrapperElement(identifier)
                PsiElement(identifier)('console')
              PsiElement(whitespace)(' ')
              PsiElement(::)('::')
              PsiElement(whitespace)(' ')
              PSASTWrapperElement(Type)
                PSASTWrapperElement(TypeAtom)
                  PSASTWrapperElement(TypeVar)
                    PsiElement(identifier)('a')
                    PsiElement(whitespace)(' ')
                PsiElement(->)('->')
                PsiElement(whitespace)(' ')
                PSASTWrapperElement(Type)
                  PSASTWrapperElement(TypeAtom)
                    PSASTWrapperElement(TypeVar)
                      PsiElement(identifier)('b')
                      PsiElement(whitespace)(' ')
                  PsiElement(->)('->')
                  PsiElement(whitespace)(' ')
                  PSASTWrapperElement(Type)
                    PSASTWrapperElement(TypeAtom)
                      PSASTWrapperElement(TypeVar)
                        PsiElement(identifier)('c')
                        PsiElement(whitespace)(' ')
                    PsiElement(->)('->')
                    PsiElement(whitespace)(' ')
                    PSASTWrapperElement(Type)
                      PSASTWrapperElement(TypeAtom)
                        PSASTWrapperElement(TypeVar)
                          PsiElement(identifier)('d')
                          PsiElement(whitespace)(' ')
                      PsiElement(->)('->')
                      PsiElement(whitespace)(' ')
                      PSASTWrapperElement(Type)
                        PSASTWrapperElement(TypeAtom)
                          PSASTWrapperElement(TypeConstructor)
                            PSASTWrapperElement(Qualified)
                              PsiElement(proper name)('User')
                              PsiElement(whitespace)(' ')
                        PSASTWrapperElement(TypeAtom)
                          PSASTWrapperElement(TypeVar)
                            PsiElement(identifier)('a')
                            PsiElement(whitespace)(' ')
                        PsiElement(->)('->')
                        PsiElement(whitespace)(' ')
                        PSASTWrapperElement(Type)
                          PSASTWrapperElement(TypeAtom)
                            PSASTWrapperElement(TypeConstructor)
                              PSASTWrapperElement(Qualified)
                                PsiElement(proper name)('B')
            PsiElement())(')')