Purescript File
  PSModuleDeclarationImpl(MODULE_DECLARATION)
    PsiElement(PSTokenType.module)('module')
    PSModuleNameImpl(MODULE_NAME)
      PsiElement(PSTokenType.PROPER_NAME)('Main')
    PsiElement(PSTokenType.where)('where')
  PSDeclarationsImpl(DECLARATIONS)
    PSDeclarationImpl(DECLARATION)
      PSTypeDeclarationImpl(TYPE_DECLARATION)
        PsiElement(PSTokenType.type)('type')
        PSDeclarationRefTypeListImpl(DECLARATION_REF_TYPE_LIST)
          PSDeclarationRefTypeImpl(DECLARATION_REF_TYPE)
            PsiElement(PSTokenType.PROPER_NAME)('Model')
        PsiElement(PSTokenType.=)('=')
        PSTypeDeclarationItemImpl(TYPE_DECLARATION_ITEM)
          PSDataDeclarationBodyImpl(DATA_DECLARATION_BODY)
            PsiElement(PSTokenType.{)('{')
            PSDataDeclarationTypeDefinitionListImpl(DATA_DECLARATION_TYPE_DEFINITION_LIST)
              PSDataDeclarationTypeDefinitionImpl(DATA_DECLARATION_TYPE_DEFINITION)
                PsiElement(PSTokenType.ID)('users')
                PsiElement(PSTokenType.::)('::')
                PSParenthesisedTypeThenIdListImpl(PARENTHESISED_TYPE_THEN_ID_LIST)
                  PSParenthesisedDeclarationRefTypeListImpl(PARENTHESISED_DECLARATION_REF_TYPE_LIST)
                    PSDeclarationRefTypeImpl(DECLARATION_REF_TYPE)
                      PsiElement(PSTokenType.PROPER_NAME)('Array')
                    PSParenthesisedDeclarationRefTypeListImpl(PARENTHESISED_DECLARATION_REF_TYPE_LIST)
                      PSDeclarationRefTypeImpl(DECLARATION_REF_TYPE)
                        PsiElement(PSTokenType.PROPER_NAME)('User')
            PsiElement(PSTokenType.})('}')