Purescript File
  PSModuleDeclarationImpl(MODULE_DECLARATION)
    PsiElement(PSTokenType.module)('module')
    PSModuleNameImpl(MODULE_NAME)
      PsiElement(PSTokenType.PROPER_NAME)('Main')
    PsiElement(PSTokenType.where)('where')
  PSDeclarationsImpl(DECLARATIONS)
    PSDeclarationImpl(DECLARATION)
      PSTypeDeclarationImpl(TYPE_DECLARATION)
        PsiElement(PSTokenType.type)('type')
        PSTypeListImpl(TYPE_LIST)
          PSDeclarationTypeImpl(DECLARATION_TYPE)
            PsiElement(PSTokenType.PROPER_NAME)('ALL')
        PsiElement(PSTokenType.=)('=')
        PSTypeDeclarationItemImpl(TYPE_DECLARATION_ITEM)
          PSGenericModifierImpl(GENERIC_MODIFIER)
            PsiElement(PSTokenType.forall)('forall')
            PSIdListImpl(ID_LIST)
              PSDeclarationIdImpl(DECLARATION_ID)
                PsiElement(PSTokenType.ID)('a')
              PSIdListImpl(ID_LIST)
                PSDeclarationIdImpl(DECLARATION_ID)
                  PsiElement(PSTokenType.ID)('m')
            PsiElement(PSTokenType..)('.')
          PSTypeDeclarationTypeOnlyImpl(TYPE_DECLARATION_TYPE_ONLY)
            PSParenthesisedTypeOrIdListImpl(PARENTHESISED_TYPE_OR_ID_LIST)
              PSParenthesisedTypeListImpl(PARENTHESISED_TYPE_LIST)
                PSDeclarationTypeImpl(DECLARATION_TYPE)
                  PsiElement(PSTokenType.PROPER_NAME)('Semigroup')
              PSParenthesisedIdListImpl(PARENTHESISED_ID_LIST)
                PSDeclarationIdImpl(DECLARATION_ID)
                  PsiElement(PSTokenType.ID)('m')
            PsiElement(PSTokenType.=>)('=>')
            PSTypeDeclarationTypeOnlyImpl(TYPE_DECLARATION_TYPE_ONLY)
              PsiElement(PSTokenType.()('(')
              PSParenthesisedTypeOrIdListImpl(PARENTHESISED_TYPE_OR_ID_LIST)
                PSParenthesisedIdListImpl(PARENTHESISED_ID_LIST)
                  PSDeclarationIdImpl(DECLARATION_ID)
                    PsiElement(PSTokenType.ID)('a')
              PsiElement(PSTokenType.->)('->')
              PSTypeDeclarationTypeOnlyImpl(TYPE_DECLARATION_TYPE_ONLY)
                PSParenthesisedTypeOrIdListImpl(PARENTHESISED_TYPE_OR_ID_LIST)
                  PSParenthesisedIdListImpl(PARENTHESISED_ID_LIST)
                    PSDeclarationIdImpl(DECLARATION_ID)
                      PsiElement(PSTokenType.ID)('m')
                    PsiElement(PSTokenType.))(')')
                PsiElement(PSTokenType.->)('->')
                PSTypeDeclarationTypeOnlyImpl(TYPE_DECLARATION_TYPE_ONLY)
                  PSParenthesisedTypeOrIdListImpl(PARENTHESISED_TYPE_OR_ID_LIST)
                    PSParenthesisedTypeListImpl(PARENTHESISED_TYPE_LIST)
                      PSDeclarationTypeImpl(DECLARATION_TYPE)
                        PsiElement(PSTokenType.PROPER_NAME)('Array')
                    PSParenthesisedIdListImpl(PARENTHESISED_ID_LIST)
                      PSDeclarationIdImpl(DECLARATION_ID)
                        PsiElement(PSTokenType.ID)('a')
                  PsiElement(PSTokenType.->)('->')
                  PSTypeDeclarationTypeOnlyImpl(TYPE_DECLARATION_TYPE_ONLY)
                    PSParenthesisedTypeOrIdListImpl(PARENTHESISED_TYPE_OR_ID_LIST)
                      PSParenthesisedIdListImpl(PARENTHESISED_ID_LIST)
                        PSDeclarationIdImpl(DECLARATION_ID)
                          PsiElement(PSTokenType.ID)('m')
    PSDeclarationsImpl(DECLARATIONS)
      PSDeclarationImpl(DECLARATION)
        PSTypeDeclarationImpl(TYPE_DECLARATION)
          PsiElement(PSTokenType.type)('type')
          PSTypeListImpl(TYPE_LIST)
            PSDeclarationTypeImpl(DECLARATION_TYPE)
              PsiElement(PSTokenType.PROPER_NAME)('Woop')
          PsiElement(PSTokenType.=)('=')
          PSTypeDeclarationItemImpl(TYPE_DECLARATION_ITEM)
            PSGenericModifierImpl(GENERIC_MODIFIER)
              PsiElement(PSTokenType.forall)('forall')
              PSIdListImpl(ID_LIST)
                PSDeclarationIdImpl(DECLARATION_ID)
                  PsiElement(PSTokenType.ID)('a')
                PSIdListImpl(ID_LIST)
                  PSDeclarationIdImpl(DECLARATION_ID)
                    PsiElement(PSTokenType.ID)('m')
              PsiElement(PSTokenType..)('.')
            PSTypeDeclarationTypeOnlyImpl(TYPE_DECLARATION_TYPE_ONLY)
              PsiElement(PSTokenType.()('(')
              PSParenthesisedTypeOrIdListImpl(PARENTHESISED_TYPE_OR_ID_LIST)
                PsiElement(PSTokenType.()('(')
                PSParenthesisedTypeListImpl(PARENTHESISED_TYPE_LIST)
                  PSDeclarationTypeImpl(DECLARATION_TYPE)
                    PsiElement(PSTokenType.PROPER_NAME)('Cooli')
                  PsiElement(PSTokenType.))(')')
              PsiElement(PSTokenType.=>)('=>')
              PSTypeDeclarationTypeOnlyImpl(TYPE_DECLARATION_TYPE_ONLY)
                PSParenthesisedTypeOrIdListImpl(PARENTHESISED_TYPE_OR_ID_LIST)
                  PSParenthesisedTypeListImpl(PARENTHESISED_TYPE_LIST)
                    PSDeclarationTypeImpl(DECLARATION_TYPE)
                      PsiElement(PSTokenType.PROPER_NAME)('String')
                    PsiElement(PSTokenType.))(')')
                PsiElement(PSTokenType.->)('->')
                PSTypeDeclarationTypeOnlyImpl(TYPE_DECLARATION_TYPE_ONLY)
                  PsiElement(PSTokenType.()('(')
                  PSParenthesisedTypeOrIdListImpl(PARENTHESISED_TYPE_OR_ID_LIST)
                    PSParenthesisedIdListImpl(PARENTHESISED_ID_LIST)
                      PSDeclarationIdImpl(DECLARATION_ID)
                        PsiElement(PSTokenType.ID)('a')
                  PsiElement(PSTokenType.->)('->')
                  PSTypeDeclarationTypeOnlyImpl(TYPE_DECLARATION_TYPE_ONLY)
                    PSParenthesisedTypeOrIdListImpl(PARENTHESISED_TYPE_OR_ID_LIST)
                      PSParenthesisedIdListImpl(PARENTHESISED_ID_LIST)
                        PSDeclarationIdImpl(DECLARATION_ID)
                          PsiElement(PSTokenType.ID)('m')
                        PsiElement(PSTokenType.))(')')
                    PsiElement(PSTokenType.->)('->')
                    PSTypeDeclarationTypeOnlyImpl(TYPE_DECLARATION_TYPE_ONLY)
                      PSParenthesisedTypeOrIdListImpl(PARENTHESISED_TYPE_OR_ID_LIST)
                        PSParenthesisedTypeListImpl(PARENTHESISED_TYPE_LIST)
                          PSDeclarationTypeImpl(DECLARATION_TYPE)
                            PsiElement(PSTokenType.PROPER_NAME)('Cooli')
                      PsiElement(PSTokenType.=>)('=>')
                      PSTypeDeclarationTypeOnlyImpl(TYPE_DECLARATION_TYPE_ONLY)
                        PSParenthesisedTypeOrIdListImpl(PARENTHESISED_TYPE_OR_ID_LIST)
                          PSParenthesisedTypeListImpl(PARENTHESISED_TYPE_LIST)
                            PSDeclarationTypeImpl(DECLARATION_TYPE)
                              PsiElement(PSTokenType.PROPER_NAME)('String')