Purescript File
  PSModuleDeclarationImpl(MODULE_DECLARATION)
    PsiElement(PSTokenType.module)('module')
    PSModuleNameImpl(MODULE_NAME)
      PsiElement(PSTokenType.PROPER_NAME)('Main')
    PsiElement(PSTokenType.where)('where')
  PSDeclarationsImpl(DECLARATIONS)
    PSDeclarationImpl(DECLARATION)
      PSTypeDeclarationImpl(TYPE_DECLARATION)
        PsiElement(PSTokenType.type)('type')
        PSDeclarationRefTypeListImpl(DECLARATION_REF_TYPE_LIST)
          PSDeclarationRefTypeImpl(DECLARATION_REF_TYPE)
            PsiElement(PSTokenType.PROPER_NAME)('Woo')
        PSDeclarationRefIdListImpl(DECLARATION_REF_ID_LIST)
          PSDeclarationRefIdImpl(DECLARATION_REF_ID)
            PsiElement(PSTokenType.ID)('a')
        PsiElement(PSTokenType.=)('=')
        PSTypeDeclarationItemImpl(TYPE_DECLARATION_ITEM)
          PSGenericModifierImpl(GENERIC_MODIFIER)
            PsiElement(PSTokenType.forall)('forall')
            PSDeclarationRefIdListImpl(DECLARATION_REF_ID_LIST)
              PSDeclarationRefIdImpl(DECLARATION_REF_ID)
                PsiElement(PSTokenType.ID)('a')
            PsiElement(PSTokenType..)('.')
          PSDataDeclarationBodyImpl(DATA_DECLARATION_BODY)
            PsiElement(PSTokenType.{)('{')
            PSDataDeclarationTypeDefinitionListImpl(DATA_DECLARATION_TYPE_DEFINITION_LIST)
              PSDataDeclarationTypeDefinitionImpl(DATA_DECLARATION_TYPE_DEFINITION)
                PsiElement(PSTokenType.ID)('name')
                PsiElement(PSTokenType.::)('::')
                PSParenthesisedIdListImpl(PARENTHESISED_ID_LIST)
                  PSParenthesisedDeclarationRefIdListImpl(PARENTHESISED_DECLARATION_REF_ID_LIST)
                    PSDeclarationRefIdImpl(DECLARATION_REF_ID)
                      PsiElement(PSTokenType.ID)('a')
            PsiElement(PSTokenType.})('}')