Purescript File
  PSModuleDeclarationImpl(MODULE_DECLARATION)
    PsiElement(PSTokenType.module)('module')
    PSModuleNameImpl(MODULE_NAME)
      PsiElement(PSTokenType.PROPER_NAME)('Main')
    PsiElement(PSTokenType.where)('where')
  PSDeclarationsImpl(DECLARATIONS)
    PSDeclarationImpl(DECLARATION)
      PSTypeDeclarationImpl(TYPE_DECLARATION)
        PsiElement(PSTokenType.type)('type')
        PSDeclarationRefTypeListImpl(DECLARATION_REF_TYPE_LIST)
          PSDeclarationRefTypeImpl(DECLARATION_REF_TYPE)
            PsiElement(PSTokenType.PROPER_NAME)('RandomConsoleEffects')
        PSDeclarationRefIdListImpl(DECLARATION_REF_ID_LIST)
          PSDeclarationRefIdImpl(DECLARATION_REF_ID)
            PsiElement(PSTokenType.ID)('eff')
        PsiElement(PSTokenType.=)('=')
        PsiElement(PSTokenType.()('(')
        PSRowItemListImpl(ROW_ITEM_LIST)
          PSRowItemImpl(ROW_ITEM)
            PsiElement(PSTokenType.ID)('random')
            PsiElement(PSTokenType.::)('::')
            PsiElement(PSTokenType.()('(')
            PSParenthesisedDeclarationRefTypeListImpl(PARENTHESISED_DECLARATION_REF_TYPE_LIST)
              PSDeclarationRefTypeImpl(DECLARATION_REF_TYPE)
                PsiElement(PSTokenType.PROPER_NAME)('Array')
              PSParenthesisedDeclarationRefTypeListImpl(PARENTHESISED_DECLARATION_REF_TYPE_LIST)
                PSDeclarationRefTypeImpl(DECLARATION_REF_TYPE)
                  PsiElement(PSTokenType.PROPER_NAME)('User')
                PsiElement(PSTokenType.))(')')
          PsiElement(PSTokenType.,)(',')
          PSRowItemImpl(ROW_ITEM)
            PsiElement(PSTokenType.ID)('console')
            PsiElement(PSTokenType.::)('::')
            PSParenthesisedDeclarationRefTypeListImpl(PARENTHESISED_DECLARATION_REF_TYPE_LIST)
              PSDeclarationRefTypeImpl(DECLARATION_REF_TYPE)
                PsiElement(PSTokenType.PROPER_NAME)('CONSOLE')
          PsiElement(PSTokenType.|)('|')
          PsiElement(PSTokenType.ID)('eff')
        PsiElement(PSTokenType.))(')')
    PSDeclarationsImpl(DECLARATIONS)
      PSDeclarationImpl(DECLARATION)
        PSTypeDeclarationImpl(TYPE_DECLARATION)
          PsiElement(PSTokenType.type)('type')
          PSDeclarationRefTypeListImpl(DECLARATION_REF_TYPE_LIST)
            PSDeclarationRefTypeImpl(DECLARATION_REF_TYPE)
              PsiElement(PSTokenType.PROPER_NAME)('RandomConsoleEffects')
          PSDeclarationRefIdListImpl(DECLARATION_REF_ID_LIST)
            PSDeclarationRefIdImpl(DECLARATION_REF_ID)
              PsiElement(PSTokenType.ID)('a')
            PSDeclarationRefIdListImpl(DECLARATION_REF_ID_LIST)
              PSDeclarationRefIdImpl(DECLARATION_REF_ID)
                PsiElement(PSTokenType.ID)('eff')
          PsiElement(PSTokenType.=)('=')
          PsiElement(PSTokenType.()('(')
          PSRowItemListImpl(ROW_ITEM_LIST)
            PSRowItemImpl(ROW_ITEM)
              PsiElement(PSTokenType.ID)('random')
              PsiElement(PSTokenType.::)('::')
              PsiElement(PSTokenType.()('(')
              PSParenthesisedDeclarationRefTypeListImpl(PARENTHESISED_DECLARATION_REF_TYPE_LIST)
                PSDeclarationRefTypeImpl(DECLARATION_REF_TYPE)
                  PsiElement(PSTokenType.PROPER_NAME)('Array')
              PSParenthesisedDeclarationRefIdListImpl(PARENTHESISED_DECLARATION_REF_ID_LIST)
                PSDeclarationRefIdImpl(DECLARATION_REF_ID)
                  PsiElement(PSTokenType.ID)('a')
                PsiElement(PSTokenType.))(')')
            PsiElement(PSTokenType.,)(',')
            PSRowItemImpl(ROW_ITEM)
              PsiElement(PSTokenType.ID)('console')
              PsiElement(PSTokenType.::)('::')
              PSParenthesisedDeclarationRefTypeListImpl(PARENTHESISED_DECLARATION_REF_TYPE_LIST)
                PSDeclarationRefTypeImpl(DECLARATION_REF_TYPE)
                  PsiElement(PSTokenType.PROPER_NAME)('CONSOLE')
            PsiElement(PSTokenType.|)('|')
            PsiElement(PSTokenType.ID)('eff')
          PsiElement(PSTokenType.))(')')
      PSDeclarationsImpl(DECLARATIONS)
        PSDeclarationImpl(DECLARATION)
          PSTypeDeclarationImpl(TYPE_DECLARATION)
            PsiElement(PSTokenType.type)('type')
            PSDeclarationRefTypeListImpl(DECLARATION_REF_TYPE_LIST)
              PSDeclarationRefTypeImpl(DECLARATION_REF_TYPE)
                PsiElement(PSTokenType.PROPER_NAME)('RandomConsoleEffect')
            PSDeclarationRefIdListImpl(DECLARATION_REF_ID_LIST)
              PSDeclarationRefIdImpl(DECLARATION_REF_ID)
                PsiElement(PSTokenType.ID)('a')
            PsiElement(PSTokenType.=)('=')
            PSDeclarationRefIdListImpl(DECLARATION_REF_ID_LIST)
              PSDeclarationRefIdImpl(DECLARATION_REF_ID)
                PsiElement(PSTokenType.ID)('a')
            PsiElement(PSTokenType.()('(')
            PsiElement(PSTokenType.))(')')
        PSDeclarationsImpl(DECLARATIONS)
          PSDeclarationImpl(DECLARATION)
            PSTypeDeclarationImpl(TYPE_DECLARATION)
              PsiElement(PSTokenType.type)('type')
              PSDeclarationRefTypeListImpl(DECLARATION_REF_TYPE_LIST)
                PSDeclarationRefTypeImpl(DECLARATION_REF_TYPE)
                  PsiElement(PSTokenType.PROPER_NAME)('RandomConsoleEffect')
              PSDeclarationRefIdListImpl(DECLARATION_REF_ID_LIST)
                PSDeclarationRefIdImpl(DECLARATION_REF_ID)
                  PsiElement(PSTokenType.ID)('a')
              PsiElement(PSTokenType.=)('=')
              PSParenthesisedDeclarationRefTypeListImpl(PARENTHESISED_DECLARATION_REF_TYPE_LIST)
                PsiElement(PSTokenType.()('(')
                PSDeclarationRefTypeImpl(DECLARATION_REF_TYPE)
                  PsiElement(PSTokenType.PROPER_NAME)('RandomConsoleEffects')
                PSParenthesisedDeclarationRefTypeListImpl(PARENTHESISED_DECLARATION_REF_TYPE_LIST)
                  PSDeclarationRefTypeImpl(DECLARATION_REF_TYPE)
                    PsiElement(PSTokenType.PROPER_NAME)('User')
                  PsiElement(PSTokenType.))(')')
              PsiElement(PSTokenType.()('(')
              PsiElement(PSTokenType.))(')')