Purescript File
  PSModuleDeclarationImpl(MODULE_DECLARATION)
    PsiElement(PSTokenType.module)('module')
    PSModuleNameImpl(MODULE_NAME)
      PsiElement(PSTokenType.PROPER_NAME)('Main')
    PsiElement(PSTokenType.where)('where')
  PSDeclarationsImpl(DECLARATIONS)
    PSDeclarationImpl(DECLARATION)
      PSTypeDeclarationImpl(TYPE_DECLARATION)
        PsiElement(PSTokenType.type)('type')
        PSDeclarationRefTypeListImpl(DECLARATION_REF_TYPE_LIST)
          PSDeclarationRefTypeImpl(DECLARATION_REF_TYPE)
            PsiElement(PSTokenType.PROPER_NAME)('RandomConsoleEffect')
        PsiElement(PSTokenType.=)('=')
        PSParenthesisedDeclarationRefTypeListImpl(PARENTHESISED_DECLARATION_REF_TYPE_LIST)
          PSDeclarationRefTypeImpl(DECLARATION_REF_TYPE)
            PsiElement(PSTokenType.PROPER_NAME)('RandomConsoleEffects')
        PsiElement(PSTokenType.()('(')
        PsiElement(PSTokenType.))(')')