Purescript File
  PSASTWrapperElement(Program)
    PSASTWrapperElement(Module)
      PsiElement(module)('module')
      PsiElement(whitespace)(' ')
      PSASTWrapperElement(Qualified)
        PSASTWrapperElement(ModuleName)
          PsiElement(proper name)('Main')
      PsiElement(whitespace)(' ')
      PsiElement(where)('where')
      PsiElement(whitespace)('\n\n')
      PSASTWrapperElement(TypeSynonymDeclaration)
        PsiElement(type)('type')
        PsiElement(whitespace)(' ')
        PsiElement(proper name)('RandomConsoleEffects')
        PsiElement(whitespace)(' ')
        PsiElement(identifier)('eff')
        PsiElement(whitespace)(' ')
        PsiElement(=)('=')
        PsiElement(whitespace)(' ')
        PSASTWrapperElement(Type)
          PSASTWrapperElement(TypeAtom)
            PsiElement(()('(')
            PsiElement(whitespace)(' ')
            PSASTWrapperElement(Row)
              PSASTWrapperElement(identifier)
                PsiElement(identifier)('random')
              PsiElement(whitespace)(' ')
              PsiElement(::)('::')
              PsiElement(whitespace)(' ')
              PSASTWrapperElement(Type)
                PSASTWrapperElement(TypeAtom)
                  PSASTWrapperElement(TypeConstructor)
                    PSASTWrapperElement(Qualified)
                      PsiElement(proper name)('RANDOM')
              PsiElement(,)(',')
              PsiElement(whitespace)(' ')
              PSASTWrapperElement(identifier)
                PsiElement(identifier)('console')
              PsiElement(whitespace)(' ')
              PsiElement(::)('::')
              PsiElement(whitespace)(' ')
              PSASTWrapperElement(Type)
                PSASTWrapperElement(TypeAtom)
                  PSASTWrapperElement(TypeConstructor)
                    PSASTWrapperElement(Qualified)
                      PsiElement(proper name)('CONSOLE')
                      PsiElement(whitespace)(' ')
              PsiElement(|)('|')
              PsiElement(whitespace)(' ')
              PSASTWrapperElement(TypeVar)
                PsiElement(identifier)('eff')
                PsiElement(whitespace)(' ')
            PsiElement())(')')