Purescript File
  PSModuleDeclarationImpl(MODULE_DECLARATION)
    PsiElement(PSTokenType.module)('module')
    PSModuleNameImpl(MODULE_NAME)
      PsiElement(PSTokenType.PROPER_NAME)('Main')
    PsiElement(PSTokenType.where)('where')
  PSDeclarationsImpl(DECLARATIONS)
    PSDeclarationImpl(DECLARATION)
      PSTypeDeclarationImpl(TYPE_DECLARATION)
        PsiElement(PSTokenType.type)('type')
        PSDeclarationRefTypeListImpl(DECLARATION_REF_TYPE_LIST)
          PSDeclarationRefTypeImpl(DECLARATION_REF_TYPE)
            PsiElement(PSTokenType.PROPER_NAME)('Foo')
        PSDeclarationRefIdListImpl(DECLARATION_REF_ID_LIST)
          PSDeclarationRefIdImpl(DECLARATION_REF_ID)
            PsiElement(PSTokenType.ID)('a')
        PsiElement(PSTokenType.=)('=')
        PsiElement(PSTokenType.()('(')
        PSTypeDeclarationItemImpl(TYPE_DECLARATION_ITEM)
          PSTypeDeclarationTypeOnlyImpl(TYPE_DECLARATION_TYPE_ONLY)
            PSParenthesisedTypeOrIdListImpl(PARENTHESISED_TYPE_OR_ID_LIST)
              PSParenthesisedDeclarationRefTypeListImpl(PARENTHESISED_DECLARATION_REF_TYPE_LIST)
                PSDeclarationRefTypeImpl(DECLARATION_REF_TYPE)
                  PsiElement(PSTokenType.PROPER_NAME)('Array')
                PSParenthesisedDeclarationRefTypeListImpl(PARENTHESISED_DECLARATION_REF_TYPE_LIST)
                  PSDeclarationRefTypeImpl(DECLARATION_REF_TYPE)
                    PsiElement(PSTokenType.PROPER_NAME)('User')
                  PsiElement(PSTokenType.))(')')
            PsiElement(PSTokenType.->)('->')
            PSParenthesisedTypeOrIdListImpl(PARENTHESISED_TYPE_OR_ID_LIST)
              PSParenthesisedDeclarationRefIdListImpl(PARENTHESISED_DECLARATION_REF_ID_LIST)
                PSDeclarationRefIdImpl(DECLARATION_REF_ID)
                  PsiElement(PSTokenType.ID)('a')