Purescript File
  PSASTWrapperElement(Program)
    PSASTWrapperElement(Module)
      PsiElement(module)('module')
      PsiElement(whitespace)(' ')
      PSASTWrapperElement(Qualified)
        PSASTWrapperElement(ModuleName)
          PsiElement(proper name)('Main')
      PsiElement(whitespace)(' ')
      PsiElement(where)('where')
      PsiElement(whitespace)('\n\n')
      PSASTWrapperElement(ImportDeclaration)
        PsiElement(import)('import')
        PsiElement(whitespace)(' ')
        PSASTWrapperElement(Qualified)
          PSASTWrapperElement(ModuleName)
            PsiElement(proper name)('Prelude')
        PsiElement(whitespace)('\n')
      PSASTWrapperElement(ImportDeclaration)
        PsiElement(import)('import')
        PsiElement(whitespace)(' ')
        PSASTWrapperElement(Qualified)
          PSASTWrapperElement(ModuleName)
            PsiElement(proper name)('Control')
            PsiElement(.)('.')
          PSASTWrapperElement(ModuleName)
            PsiElement(proper name)('Monad')
            PsiElement(.)('.')
          PSASTWrapperElement(ModuleName)
            PsiElement(proper name)('Eff')
            PsiElement(.)('.')
          PSASTWrapperElement(ModuleName)
            PsiElement(proper name)('Console')
        PsiElement(whitespace)(' ')
        PsiElement(()('(')
        PSASTWrapperElement(PositionedDeclarationRef)
          PSASTWrapperElement(ValueRef)
            PsiElement(identifier)('log')
        PsiElement())(')')
        PsiElement(whitespace)('\n\n')
      PSASTWrapperElement(TypeClassDeclaration)
        PsiElement(class)('class')
        PsiElement(whitespace)(' ')
        PSASTWrapperElement(Qualified)
          PsiElement(proper name)('Show')
          PsiElement(whitespace)(' ')
        PSASTWrapperElement(TypeAtom)
          PSASTWrapperElement(TypeVar)
            PsiElement(identifier)('a')
            PsiElement(whitespace)(' ')
        PSASTWrapperElement(Implies)
          PsiElement(operator)('<=')
          PsiElement(whitespace)(' ')
        PSASTWrapperElement(ClassName)
          PsiElement(proper name)('Nonsense')
          PsiElement(whitespace)(' ')
        PsiElement(identifier)('a')
        PsiElement(whitespace)(' ')
        PsiElement(where)('where')
        PsiElement(whitespace)('\n  ')
        PSASTWrapperElement(TypeDeclaration)
          PsiElement(identifier)('method')
          PsiElement(whitespace)(' ')
          PsiElement(::)('::')
          PsiElement(whitespace)(' ')
          PSASTWrapperElement(Type)
            PSASTWrapperElement(TypeAtom)
              PSASTWrapperElement(TypeVar)
                PsiElement(identifier)('a')
                PsiElement(whitespace)(' ')
            PsiElement(->)('->')
            PsiElement(whitespace)(' ')
            PSASTWrapperElement(Type)
              PSASTWrapperElement(TypeAtom)
                PSASTWrapperElement(TypeVar)
                  PsiElement(identifier)('a')
                  PsiElement(whitespace)('\n\n')
      PSASTWrapperElement(DataDeclaration)
        PsiElement(data)('data')
        PsiElement(whitespace)(' ')
        PsiElement(proper name)('Box')
        PsiElement(whitespace)(' ')
        PSASTWrapperElement(TypeArgs)
          PsiElement(identifier)('a')
          PsiElement(whitespace)(' ')
        PsiElement(=)('=')
        PsiElement(whitespace)(' ')
        PsiElement(proper name)('Box')
        PsiElement(whitespace)(' ')
        PSASTWrapperElement(TypeAtom)
          PSASTWrapperElement(TypeVar)
            PsiElement(identifier)('a')
            PsiElement(whitespace)('\n\n')
      PSASTWrapperElement(TypeInstanceDeclaration)
        PsiElement(instance)('instance')
        PsiElement(whitespace)(' ')
        PsiElement(identifier)('showBox')
        PsiElement(whitespace)(' ')
        PsiElement(::)('::')
        PsiElement(whitespace)(' ')
        PSASTWrapperElement(Qualified)
          PsiElement(proper name)('Show')
          PsiElement(whitespace)(' ')
        PSASTWrapperElement(TypeAtom)
          PSASTWrapperElement(TypeVar)
            PsiElement(identifier)('a')
            PsiElement(whitespace)(' ')
        PsiElement(=>)('=>')
        PsiElement(whitespace)(' ')
        PSASTWrapperElement(ClassName)
          PSASTWrapperElement(Qualified)
            PsiElement(proper name)('Show')
            PsiElement(whitespace)(' ')
        PSASTWrapperElement(TypeAtom)
          PsiElement(()('(')
          PSASTWrapperElement(Type)
            PSASTWrapperElement(TypeAtom)
              PSASTWrapperElement(TypeConstructor)
                PSASTWrapperElement(Qualified)
                  PsiElement(proper name)('Box')
                  PsiElement(whitespace)(' ')
            PSASTWrapperElement(TypeAtom)
              PSASTWrapperElement(TypeVar)
                PsiElement(identifier)('a')
          PsiElement())(')')
          PsiElement(whitespace)(' ')
        PsiElement(where)('where')
        PsiElement(whitespace)('\n  ')
        PSASTWrapperElement(ValueDeclaration)
          PsiElement(identifier)('show')
          PsiElement(whitespace)(' ')
          PSASTWrapperElement(Binder)
            PsiElement(()('(')
            PSASTWrapperElement(Binder)
              PSASTWrapperElement(BinderAtom)
                PSASTWrapperElement(ConstructorBinder)
                  PSASTWrapperElement(Qualified)
                    PsiElement(proper name)('Box')
                    PsiElement(whitespace)(' ')
                  PSASTWrapperElement(Binder)
                    PSASTWrapperElement(VarBinder)
                      PsiElement(identifier)('a')
            PsiElement())(')')
            PsiElement(whitespace)(' ')
          PsiElement(=)('=')
          PsiElement(whitespace)(' ')
          PSASTWrapperElement(Value)
            PSASTWrapperElement(PrefixValue)
              PSASTWrapperElement(StringLiteral)
                PsiElement(string)('"Box "')
                PsiElement(whitespace)(' ')
            PSASTWrapperElement(IdentInfix)
              PSASTWrapperElement(Qualified)
                PsiElement(operator)('<>')
                PsiElement(whitespace)(' ')
            PSASTWrapperElement(Value)
              PSASTWrapperElement(PrefixValue)
                PSASTWrapperElement(Var)
                  PSASTWrapperElement(Qualified)
                    PsiElement(identifier)('show')
                    PsiElement(whitespace)(' ')
                PSASTWrapperElement(Var)
                  PSASTWrapperElement(Qualified)
                    PsiElement(identifier)('a')
                    PsiElement(whitespace)('\n\n')
      PSASTWrapperElement(TypeDeclaration)
        PsiElement(identifier)('strangeThing')
        PsiElement(whitespace)(' ')
        PsiElement(::)('::')
        PsiElement(whitespace)(' ')
        PSASTWrapperElement(Type)
          PSASTWrapperElement(TypeAtom)
            PSASTWrapperElement(ForAll)
              PsiElement(forall)('forall')
              PsiElement(whitespace)(' ')
              PsiElement(identifier)('m')
              PsiElement(.)('.')
              PsiElement(whitespace)(' ')
              PSASTWrapperElement(ConstrainedType)
                PSASTWrapperElement(Type)
                  PSASTWrapperElement(TypeAtom)
                    PSASTWrapperElement(TypeConstructor)
                      PSASTWrapperElement(Qualified)
                        PsiElement(proper name)('Semigroup')
                        PsiElement(whitespace)(' ')
                  PSASTWrapperElement(TypeAtom)
                    PsiElement(()('(')
                    PSASTWrapperElement(Type)
                      PSASTWrapperElement(TypeAtom)
                        PSASTWrapperElement(TypeVar)
                          PsiElement(identifier)('m')
                          PsiElement(whitespace)(' ')
                      PSASTWrapperElement(TypeAtom)
                        PSASTWrapperElement(TypeConstructor)
                          PSASTWrapperElement(Qualified)
                            PsiElement(proper name)('Unit')
                    PsiElement())(')')
                    PsiElement(whitespace)(' ')
                  PsiElement(=>)('=>')
                  PsiElement(whitespace)(' ')
                  PSASTWrapperElement(Type)
                    PSASTWrapperElement(TypeAtom)
                      PSASTWrapperElement(TypeVar)
                        PsiElement(identifier)('m')
                        PsiElement(whitespace)(' ')
                    PSASTWrapperElement(TypeAtom)
                      PSASTWrapperElement(TypeConstructor)
                        PSASTWrapperElement(Qualified)
                          PsiElement(proper name)('Unit')
                          PsiElement(whitespace)(' ')
                    PsiElement(->)('->')
                    PsiElement(whitespace)(' ')
                    PSASTWrapperElement(Type)
                      PSASTWrapperElement(TypeAtom)
                        PSASTWrapperElement(TypeVar)
                          PsiElement(identifier)('m')
                          PsiElement(whitespace)(' ')
                      PSASTWrapperElement(TypeAtom)
                        PSASTWrapperElement(TypeConstructor)
                          PSASTWrapperElement(Qualified)
                            PsiElement(proper name)('Unit')
                            PsiElement(whitespace)(' ')
                      PsiElement(->)('->')
                      PsiElement(whitespace)(' ')
                      PSASTWrapperElement(Type)
                        PSASTWrapperElement(TypeAtom)
                          PSASTWrapperElement(TypeVar)
                            PsiElement(identifier)('m')
                            PsiElement(whitespace)(' ')
                        PSASTWrapperElement(TypeAtom)
                          PSASTWrapperElement(TypeConstructor)
                            PSASTWrapperElement(Qualified)
                              PsiElement(proper name)('Unit')
                              PsiElement(whitespace)('\n')
      PSASTWrapperElement(ValueDeclaration)
        PsiElement(identifier)('strangeThing')
        PsiElement(whitespace)(' ')
        PSASTWrapperElement(Binder)
          PSASTWrapperElement(VarBinder)
            PsiElement(identifier)('x')
            PsiElement(whitespace)(' ')
        PSASTWrapperElement(Binder)
          PSASTWrapperElement(VarBinder)
            PsiElement(identifier)('y')
            PsiElement(whitespace)(' ')
        PsiElement(=)('=')
        PsiElement(whitespace)(' ')
        PSASTWrapperElement(Value)
          PSASTWrapperElement(PrefixValue)
            PSASTWrapperElement(Var)
              PSASTWrapperElement(Qualified)
                PsiElement(identifier)('x')
                PsiElement(whitespace)(' ')
          PSASTWrapperElement(IdentInfix)
            PSASTWrapperElement(Qualified)
              PsiElement(operator)('<>')
              PsiElement(whitespace)(' ')
          PSASTWrapperElement(Value)
            PSASTWrapperElement(PrefixValue)
              PSASTWrapperElement(Var)
                PSASTWrapperElement(Qualified)
                  PsiElement(identifier)('y')
                  PsiElement(whitespace)('\n\n')
      PSASTWrapperElement(ValueDeclaration)
        PsiElement(identifier)('main')
        PsiElement(whitespace)(' ')
        PsiElement(=)('=')
        PsiElement(whitespace)(' ')
        PSASTWrapperElement(Value)
          PSASTWrapperElement(PrefixValue)
            PSASTWrapperElement(Var)
              PSASTWrapperElement(Qualified)
                PsiElement(identifier)('log')
                PsiElement(whitespace)(' ')
            PSASTWrapperElement(StringLiteral)
              PsiElement(string)('"Done"')