Purescript File
  PSASTWrapperElement(Program)
    PSASTWrapperElement(Module)
      PsiElement(module)('module')
      PsiElement(whitespace)(' ')
      PSASTWrapperElement(Qualified)
        PSASTWrapperElement(ModuleName)
          PsiElement(proper name)('Main')
      PsiElement(whitespace)(' ')
      PsiElement(where)('where')
      PsiElement(whitespace)('\n\n')
      PSASTWrapperElement(ImportDeclaration)
        PsiElement(import)('import')
        PsiElement(whitespace)(' ')
        PSASTWrapperElement(Qualified)
          PSASTWrapperElement(ModuleName)
            PsiElement(proper name)('Prelude')
        PsiElement(whitespace)('\n')
      PSASTWrapperElement(ImportDeclaration)
        PsiElement(import)('import')
        PsiElement(whitespace)(' ')
        PSASTWrapperElement(Qualified)
          PSASTWrapperElement(ModuleName)
            PsiElement(proper name)('Control')
            PsiElement(.)('.')
          PSASTWrapperElement(ModuleName)
            PsiElement(proper name)('Monad')
            PsiElement(.)('.')
          PSASTWrapperElement(ModuleName)
            PsiElement(proper name)('Eff')
        PsiElement(whitespace)('\n')
      PSASTWrapperElement(ImportDeclaration)
        PsiElement(import)('import')
        PsiElement(whitespace)(' ')
        PSASTWrapperElement(Qualified)
          PSASTWrapperElement(ModuleName)
            PsiElement(proper name)('Control')
            PsiElement(.)('.')
          PSASTWrapperElement(ModuleName)
            PsiElement(proper name)('Monad')
            PsiElement(.)('.')
          PSASTWrapperElement(ModuleName)
            PsiElement(proper name)('Eff')
            PsiElement(.)('.')
          PSASTWrapperElement(ModuleName)
            PsiElement(proper name)('Console')
        PsiElement(whitespace)('\n\n-- Until the functional dependency gets added to purescript-eff, \n-- we need this here.\n')
      PSASTWrapperElement(TypeClassDeclaration)
        PsiElement(class)('class')
        PsiElement(whitespace)(' ')
        PSASTWrapperElement(Qualified)
          PsiElement(proper name)('Monad')
          PsiElement(whitespace)(' ')
        PSASTWrapperElement(TypeAtom)
          PSASTWrapperElement(TypeVar)
            PsiElement(identifier)('m')
            PsiElement(whitespace)(' ')
        PSASTWrapperElement(Implies)
          PsiElement(operator)('<=')
          PsiElement(whitespace)(' ')
        PSASTWrapperElement(ClassName)
          PsiElement(proper name)('MonadEff')
          PsiElement(whitespace)(' ')
        PsiElement(identifier)('eff')
        PsiElement(whitespace)(' ')
        PsiElement(identifier)('m')
        PsiElement(whitespace)(' ')
        PsiElement(|)('|')
        PsiElement(whitespace)(' ')
        PSASTWrapperElement(Type)
          PSASTWrapperElement(TypeAtom)
            PSASTWrapperElement(TypeVar)
              PsiElement(identifier)('m')
              PsiElement(whitespace)(' ')
          PsiElement(->)('->')
          PsiElement(whitespace)(' ')
          PSASTWrapperElement(Type)
            PSASTWrapperElement(TypeAtom)
              PSASTWrapperElement(TypeVar)
                PsiElement(identifier)('eff')
                PsiElement(whitespace)(' ')
        PsiElement(where)('where')
        PsiElement(whitespace)('\n  ')
        PSASTWrapperElement(TypeDeclaration)
          PsiElement(identifier)('liftEff')
          PsiElement(whitespace)(' ')
          PsiElement(::)('::')
          PsiElement(whitespace)(' ')
          PSASTWrapperElement(Type)
            PSASTWrapperElement(TypeAtom)
              PSASTWrapperElement(ForAll)
                PsiElement(forall)('forall')
                PsiElement(whitespace)(' ')
                PsiElement(identifier)('a')
                PsiElement(.)('.')
                PsiElement(whitespace)(' ')
                PSASTWrapperElement(ConstrainedType)
                  PSASTWrapperElement(Type)
                    PSASTWrapperElement(TypeAtom)
                      PSASTWrapperElement(TypeConstructor)
                        PSASTWrapperElement(Qualified)
                          PsiElement(proper name)('Eff')
                          PsiElement(whitespace)(' ')
                    PSASTWrapperElement(TypeAtom)
                      PSASTWrapperElement(TypeVar)
                        PsiElement(identifier)('eff')
                        PsiElement(whitespace)(' ')
                    PSASTWrapperElement(TypeAtom)
                      PSASTWrapperElement(TypeVar)
                        PsiElement(identifier)('a')
                        PsiElement(whitespace)(' ')
                    PsiElement(->)('->')
                    PsiElement(whitespace)(' ')
                    PSASTWrapperElement(Type)
                      PSASTWrapperElement(TypeAtom)
                        PSASTWrapperElement(TypeVar)
                          PsiElement(identifier)('m')
                          PsiElement(whitespace)(' ')
                      PSASTWrapperElement(TypeAtom)
                        PSASTWrapperElement(TypeVar)
                          PsiElement(identifier)('a')
                          PsiElement(whitespace)('\n\n')
      PSASTWrapperElement(TypeInstanceDeclaration)
        PsiElement(instance)('instance')
        PsiElement(whitespace)(' ')
        PsiElement(identifier)('monadEffEff')
        PsiElement(whitespace)(' ')
        PsiElement(::)('::')
        PsiElement(whitespace)(' ')
        PSASTWrapperElement(Qualified)
          PsiElement(proper name)('MonadEff')
          PsiElement(whitespace)(' ')
        PSASTWrapperElement(TypeAtom)
          PSASTWrapperElement(TypeVar)
            PsiElement(identifier)('eff')
            PsiElement(whitespace)(' ')
        PSASTWrapperElement(TypeAtom)
          PsiElement(()('(')
          PSASTWrapperElement(Type)
            PSASTWrapperElement(TypeAtom)
              PSASTWrapperElement(TypeConstructor)
                PSASTWrapperElement(Qualified)
                  PsiElement(proper name)('Eff')
                  PsiElement(whitespace)(' ')
            PSASTWrapperElement(TypeAtom)
              PSASTWrapperElement(TypeVar)
                PsiElement(identifier)('eff')
          PsiElement())(')')
          PsiElement(whitespace)(' ')
        PsiElement(where)('where')
        PsiElement(whitespace)('\n  ')
        PSASTWrapperElement(ValueDeclaration)
          PsiElement(identifier)('liftEff')
          PsiElement(whitespace)(' ')
          PsiElement(=)('=')
          PsiElement(whitespace)(' ')
          PSASTWrapperElement(Value)
            PSASTWrapperElement(PrefixValue)
              PSASTWrapperElement(Var)
                PSASTWrapperElement(Qualified)
                  PsiElement(identifier)('id')
                  PsiElement(whitespace)('\n\n-- This should generate a warning with the correct inferred type.\n')
      PSASTWrapperElement(TypeDeclaration)
        PsiElement(identifier)('test')
        PsiElement(whitespace)(' ')
        PsiElement(::)('::')
        PsiElement(whitespace)(' ')
        PSASTWrapperElement(Type)
          PSASTWrapperElement(TypeAtom)
            PSASTWrapperElement(ForAll)
              PsiElement(forall)('forall')
              PsiElement(whitespace)(' ')
              PsiElement(identifier)('m')
              PsiElement(.)('.')
              PsiElement(whitespace)(' ')
              PSASTWrapperElement(ConstrainedType)
                PSASTWrapperElement(Type)
                  PSASTWrapperElement(TypeAtom)
                    PSASTWrapperElement(TypeConstructor)
                      PSASTWrapperElement(Qualified)
                        PsiElement(proper name)('MonadEff')
                        PsiElement(whitespace)(' ')
                  PSASTWrapperElement(TypeAtom)
                    PsiElement(identifier)('_')
                    PsiElement(whitespace)(' ')
                  PSASTWrapperElement(TypeAtom)
                    PSASTWrapperElement(TypeVar)
                      PsiElement(identifier)('m')
                      PsiElement(whitespace)(' ')
                  PsiElement(=>)('=>')
                  PsiElement(whitespace)(' ')
                  PSASTWrapperElement(Type)
                    PSASTWrapperElement(TypeAtom)
                      PSASTWrapperElement(TypeVar)
                        PsiElement(identifier)('m')
                        PsiElement(whitespace)(' ')
                    PSASTWrapperElement(TypeAtom)
                      PSASTWrapperElement(TypeConstructor)
                        PSASTWrapperElement(Qualified)
                          PsiElement(proper name)('Unit')
                          PsiElement(whitespace)('\n')
      PSASTWrapperElement(ValueDeclaration)
        PsiElement(identifier)('test')
        PsiElement(whitespace)(' ')
        PsiElement(=)('=')
        PsiElement(whitespace)(' ')
        PSASTWrapperElement(Value)
          PSASTWrapperElement(PrefixValue)
            PSASTWrapperElement(Var)
              PSASTWrapperElement(Qualified)
                PsiElement(identifier)('liftEff')
                PsiElement(whitespace)(' ')
          PSASTWrapperElement(IdentInfix)
            PSASTWrapperElement(Qualified)
              PsiElement(operator)('$')
              PsiElement(whitespace)(' ')
          PSASTWrapperElement(Value)
            PSASTWrapperElement(PrefixValue)
              PSASTWrapperElement(Var)
                PSASTWrapperElement(Qualified)
                  PsiElement(identifier)('log')
                  PsiElement(whitespace)(' ')
              PSASTWrapperElement(StringLiteral)
                PsiElement(string)('"Done"')
                PsiElement(whitespace)('\n\n')
      PSASTWrapperElement(TypeDeclaration)
        PsiElement(identifier)('test1')
        PsiElement(whitespace)(' ')
        PsiElement(::)('::')
        PsiElement(whitespace)(' ')
        PSASTWrapperElement(Type)
          PSASTWrapperElement(TypeAtom)
            PSASTWrapperElement(TypeConstructor)
              PSASTWrapperElement(Qualified)
                PsiElement(proper name)('Eff')
                PsiElement(whitespace)(' ')
          PSASTWrapperElement(TypeAtom)
            PsiElement(identifier)('_')
            PsiElement(whitespace)(' ')
          PSASTWrapperElement(TypeAtom)
            PSASTWrapperElement(TypeConstructor)
              PSASTWrapperElement(Qualified)
                PsiElement(proper name)('Unit')
                PsiElement(whitespace)('\n')
      PSASTWrapperElement(ValueDeclaration)
        PsiElement(identifier)('test1')
        PsiElement(whitespace)(' ')
        PsiElement(=)('=')
        PsiElement(whitespace)(' ')
        PSASTWrapperElement(Value)
          PSASTWrapperElement(PrefixValue)
            PSASTWrapperElement(Var)
              PSASTWrapperElement(Qualified)
                PsiElement(identifier)('liftEff')
                PsiElement(whitespace)(' ')
          PSASTWrapperElement(IdentInfix)
            PSASTWrapperElement(Qualified)
              PsiElement(operator)('$')
              PsiElement(whitespace)(' ')
          PSASTWrapperElement(Value)
            PSASTWrapperElement(PrefixValue)
              PSASTWrapperElement(Var)
                PSASTWrapperElement(Qualified)
                  PsiElement(identifier)('log')
                  PsiElement(whitespace)(' ')
              PSASTWrapperElement(StringLiteral)
                PsiElement(string)('"Done"')
                PsiElement(whitespace)('\n\n')
      PSASTWrapperElement(TypeDeclaration)
        PsiElement(identifier)('main')
        PsiElement(whitespace)(' ')
        PsiElement(::)('::')
        PsiElement(whitespace)(' ')
        PSASTWrapperElement(Type)
          PSASTWrapperElement(TypeAtom)
            PSASTWrapperElement(ForAll)
              PsiElement(forall)('forall')
              PsiElement(whitespace)(' ')
              PsiElement(identifier)('eff')
              PsiElement(.)('.')
              PsiElement(whitespace)(' ')
              PSASTWrapperElement(ConstrainedType)
                PSASTWrapperElement(Type)
                  PSASTWrapperElement(TypeAtom)
                    PSASTWrapperElement(TypeConstructor)
                      PSASTWrapperElement(Qualified)
                        PsiElement(proper name)('Eff')
                        PsiElement(whitespace)(' ')
                  PSASTWrapperElement(TypeAtom)
                    PsiElement(()('(')
                    PSASTWrapperElement(Row)
                      PSASTWrapperElement(identifier)
                        PsiElement(identifier)('console')
                      PsiElement(whitespace)(' ')
                      PsiElement(::)('::')
                      PsiElement(whitespace)(' ')
                      PSASTWrapperElement(Type)
                        PSASTWrapperElement(TypeAtom)
                          PSASTWrapperElement(TypeConstructor)
                            PSASTWrapperElement(Qualified)
                              PsiElement(proper name)('CONSOLE')
                              PsiElement(whitespace)(' ')
                      PsiElement(|)('|')
                      PsiElement(whitespace)(' ')
                      PSASTWrapperElement(TypeVar)
                        PsiElement(identifier)('eff')
                    PsiElement())(')')
                    PsiElement(whitespace)(' ')
                  PSASTWrapperElement(TypeAtom)
                    PSASTWrapperElement(TypeConstructor)
                      PSASTWrapperElement(Qualified)
                        PsiElement(proper name)('Unit')
                        PsiElement(whitespace)('\n')
      PSASTWrapperElement(ValueDeclaration)
        PsiElement(identifier)('main')
        PsiElement(whitespace)(' ')
        PsiElement(=)('=')
        PsiElement(whitespace)(' ')
        PSASTWrapperElement(Value)
          PSASTWrapperElement(PrefixValue)
            PSASTWrapperElement(Var)
              PSASTWrapperElement(Qualified)
                PsiElement(identifier)('test')